Component: Arm Compiler for Embedded 6.24 Tool: armlink [5f371500]

==============================================================================

Section Cross References

    gd32e23x_it.o(.ARM.exidx.text.NMI_Handler) refers to gd32e23x_it.o(.text.NMI_Handler) for [Anonymous Symbol]
    gd32e23x_it.o(.ARM.exidx.text.HardFault_Handler) refers to gd32e23x_it.o(.text.HardFault_Handler) for [Anonymous Symbol]
    gd32e23x_it.o(.ARM.exidx.text.SVC_Handler) refers to gd32e23x_it.o(.text.SVC_Handler) for [Anonymous Symbol]
    gd32e23x_it.o(.ARM.exidx.text.PendSV_Handler) refers to gd32e23x_it.o(.text.PendSV_Handler) for [Anonymous Symbol]
    gd32e23x_it.o(.ARM.exidx.text.SysTick_Handler) refers to gd32e23x_it.o(.text.SysTick_Handler) for [Anonymous Symbol]
    main.o(.text.main) refers to systick.o(.text.systick_config) for systick_config
    main.o(.text.main) refers to led.o(.text.Init_LED_GPIO) for Init_LED_GPIO
    main.o(.text.main) refers to key.o(.text.Init_Key_GPIO) for Init_Key_GPIO
    main.o(.text.main) refers to usart.o(.text.Init_USART) for Init_USART
    main.o(.text.main) refers to usart.o(.text.Init_USART0RecDMA) for Init_USART0RecDMA
    main.o(.text.main) refers to ec11.o(.text.Init_EC11_GPIO) for Init_EC11_GPIO
    main.o(.text.main) refers to ec11.o(.text.Init_EC11_EXITGPIO) for Init_EC11_EXITGPIO
    main.o(.text.main) refers to adc.o(.text.ADC_Config) for ADC_Config
    main.o(.text.main) refers to adc.o(.text.Get_ADC_Value) for Get_ADC_Value
    main.o(.text.main) refers to fflti.o(.text) for __aeabi_i2f
    main.o(.text.main) refers to fmul.o(.text) for __aeabi_fmul
    main.o(.text.main) refers to systick.o(.text.delay_1us) for delay_1us
    main.o(.text.main) refers to f2d.o(.text) for __aeabi_f2d
    main.o(.text.main) refers to printfa.o(i.__0printf) for printf
    main.o(.text.main) refers to systick.o(.text.delay_1ms) for delay_1ms
    main.o(.text.main) refers to main.o(.rodata.str1.1) for [Anonymous Symbol]
    main.o(.text.main) refers to main.o(.bss.adcData) for adcData
    main.o(.ARM.exidx.text.main) refers to main.o(.text.main) for [Anonymous Symbol]
    systick.o(.text.systick_config) refers to gd32e23x_misc.o(.text.systick_clksource_set) for systick_clksource_set
    systick.o(.text.systick_config) refers to ffltui.o(.text) for __aeabi_ui2f
    systick.o(.text.systick_config) refers to fdiv.o(.text) for __aeabi_fdiv
    systick.o(.text.systick_config) refers to fmul.o(.text) for __aeabi_fmul
    systick.o(.text.systick_config) refers to system_gd32e23x.o(.data.SystemCoreClock) for SystemCoreClock
    systick.o(.text.systick_config) refers to systick.o(.bss.count_1us) for [Anonymous Symbol]
    systick.o(.text.systick_config) refers to systick.o(.bss.count_1ms) for [Anonymous Symbol]
    systick.o(.ARM.exidx.text.systick_config) refers to systick.o(.text.systick_config) for [Anonymous Symbol]
    systick.o(.text.delay_1us) refers to ffltui.o(.text) for __aeabi_ui2f
    systick.o(.text.delay_1us) refers to fmul.o(.text) for __aeabi_fmul
    systick.o(.text.delay_1us) refers to ffixui.o(.text) for __aeabi_f2uiz
    systick.o(.text.delay_1us) refers to systick.o(.bss.count_1us) for [Anonymous Symbol]
    systick.o(.ARM.exidx.text.delay_1us) refers to systick.o(.text.delay_1us) for [Anonymous Symbol]
    systick.o(.text.delay_us) refers to ffltui.o(.text) for __aeabi_ui2f
    systick.o(.text.delay_us) refers to fmul.o(.text) for __aeabi_fmul
    systick.o(.text.delay_us) refers to ffixui.o(.text) for __aeabi_f2uiz
    systick.o(.text.delay_us) refers to systick.o(.bss.count_1us) for [Anonymous Symbol]
    systick.o(.ARM.exidx.text.delay_us) refers to systick.o(.text.delay_us) for [Anonymous Symbol]
    systick.o(.text.delay_1ms) refers to ffltui.o(.text) for __aeabi_ui2f
    systick.o(.text.delay_1ms) refers to fmul.o(.text) for __aeabi_fmul
    systick.o(.text.delay_1ms) refers to ffixui.o(.text) for __aeabi_f2uiz
    systick.o(.text.delay_1ms) refers to systick.o(.bss.count_1ms) for [Anonymous Symbol]
    systick.o(.ARM.exidx.text.delay_1ms) refers to systick.o(.text.delay_1ms) for [Anonymous Symbol]
    systick.o(.text.delay_ms) refers to ffltui.o(.text) for __aeabi_ui2f
    systick.o(.text.delay_ms) refers to fmul.o(.text) for __aeabi_fmul
    systick.o(.text.delay_ms) refers to ffixui.o(.text) for __aeabi_f2uiz
    systick.o(.text.delay_ms) refers to systick.o(.bss.count_1ms) for [Anonymous Symbol]
    systick.o(.ARM.exidx.text.delay_ms) refers to systick.o(.text.delay_ms) for [Anonymous Symbol]
    gd32e23x_adc.o(.text.adc_deinit) refers to gd32e23x_rcu.o(.text.rcu_periph_reset_enable) for rcu_periph_reset_enable
    gd32e23x_adc.o(.text.adc_deinit) refers to gd32e23x_rcu.o(.text.rcu_periph_reset_disable) for rcu_periph_reset_disable
    gd32e23x_adc.o(.ARM.exidx.text.adc_deinit) refers to gd32e23x_adc.o(.text.adc_deinit) for [Anonymous Symbol]
    gd32e23x_adc.o(.ARM.exidx.text.adc_enable) refers to gd32e23x_adc.o(.text.adc_enable) for [Anonymous Symbol]
[...]
    Removing gd32e23x_timer.o(.text.timer_interrupt_disable), (20 bytes).
    Removing gd32e23x_timer.o(.ARM.exidx.text.timer_interrupt_disable), (8 bytes).
    Removing gd32e23x_timer.o(.text.timer_interrupt_flag_get), (58 bytes).
    Removing gd32e23x_timer.o(.ARM.exidx.text.timer_interrupt_flag_get), (8 bytes).
    Removing gd32e23x_timer.o(.text.timer_interrupt_flag_clear), (18 bytes).
    Removing gd32e23x_timer.o(.ARM.exidx.text.timer_interrupt_flag_clear), (8 bytes).
    Removing gd32e23x_timer.o(.text.timer_flag_get), (42 bytes).
    Removing gd32e23x_timer.o(.ARM.exidx.text.timer_flag_get), (8 bytes).
    Removing gd32e23x_timer.o(.text.timer_flag_clear), (18 bytes).
    Removing gd32e23x_timer.o(.ARM.exidx.text.timer_flag_clear), (8 bytes).
    Removing gd32e23x_timer.o(.text.timer_dma_enable), (22 bytes).
    Removing gd32e23x_timer.o(.ARM.exidx.text.timer_dma_enable), (8 bytes).
    Removing gd32e23x_timer.o(.text.timer_dma_disable), (22 bytes).
    Removing gd32e23x_timer.o(.ARM.exidx.text.timer_dma_disable), (8 bytes).
    Removing gd32e23x_timer.o(.text.timer_channel_dma_request_source_select), (56 bytes).
    Removing gd32e23x_timer.o(.ARM.exidx.text.timer_channel_dma_request_source_select), (8 bytes).
    Removing gd32e23x_timer.o(.text.timer_dma_transfer_config), (40 bytes).
    Removing gd32e23x_timer.o(.ARM.exidx.text.timer_dma_transfer_config), (8 bytes).
    Removing gd32e23x_timer.o(.text.timer_event_software_generate), (22 bytes).
    Removing gd32e23x_timer.o(.ARM.exidx.text.timer_event_software_generate), (8 bytes).
    Removing gd32e23x_timer.o(.text.timer_break_struct_para_init), (38 bytes).
    Removing gd32e23x_timer.o(.ARM.exidx.text.timer_break_struct_para_init), (8 bytes).
    Removing gd32e23x_timer.o(.text.timer_break_config), (42 bytes).
    Removing gd32e23x_timer.o(.ARM.exidx.text.timer_break_config), (8 bytes).
    Removing gd32e23x_timer.o(.text.timer_break_enable), (20 bytes).
    Removing gd32e23x_timer.o(.ARM.exidx.text.timer_break_enable), (8 bytes).
    Removing gd32e23x_timer.o(.text.timer_break_disable), (20 bytes).
    Removing gd32e23x_timer.o(.ARM.exidx.text.timer_break_disable), (8 bytes).
    Removing gd32e23x_timer.o(.text.timer_automatic_output_enable), (20 bytes).
    Removing gd32e23x_timer.o(.ARM.exidx.text.timer_automatic_output_enable), (8 bytes).
    Removing gd32e23x_timer.o(.text.timer_automatic_output_disable), (20 bytes).
    Removing gd32e23x_timer.o(.ARM.exidx.text.timer_automatic_output_disable), (8 bytes).
    Removing gd32e23x_timer.o(.text.timer_primary_output_config), (48 bytes).
    Removing gd32e23x_timer.o(.ARM.exidx.text.timer_primary_output_config), (8 bytes).
    Removing gd32e23x_timer.o(.text.timer_channel_control_shadow_config), (44 bytes).
    Removing gd32e23x_timer.o(.ARM.exidx.text.timer_channel_control_shadow_config), (8 bytes).
    Removing gd32e23x_timer.o(.text.timer_channel_control_shadow_update_config), (56 bytes).
    Removing gd32e23x_timer.o(.ARM.exidx.text.timer_channel_control_shadow_update_config), (8 bytes).
    Removing gd32e23x_timer.o(.text.timer_channel_output_struct_para_init), (34 bytes).
    Removing gd32e23x_timer.o(.ARM.exidx.text.timer_channel_output_struct_para_init), (8 bytes).
    Removing gd32e23x_timer.o(.text.timer_channel_output_config), (756 bytes).
    Removing gd32e23x_timer.o(.ARM.exidx.text.timer_channel_output_config), (8 bytes).
    Removing gd32e23x_timer.o(.text.timer_channel_output_mode_config), (158 bytes).
    Removing gd32e23x_timer.o(.ARM.exidx.text.timer_channel_output_mode_config), (8 bytes).
    Removing gd32e23x_timer.o(.text.timer_channel_output_pulse_value_config), (82 bytes).
    Removing gd32e23x_timer.o(.ARM.exidx.text.timer_channel_output_pulse_value_config), (8 bytes).
    Removing gd32e23x_timer.o(.text.timer_channel_output_shadow_config), (158 bytes).
    Removing gd32e23x_timer.o(.ARM.exidx.text.timer_channel_output_shadow_config), (8 bytes).
    Removing gd32e23x_timer.o(.text.timer_channel_output_fast_config), (158 bytes).
    Removing gd32e23x_timer.o(.ARM.exidx.text.timer_channel_output_fast_config), (8 bytes).
    Removing gd32e23x_timer.o(.text.timer_channel_output_clear_config), (158 bytes).
    Removing gd32e23x_timer.o(.ARM.exidx.text.timer_channel_output_clear_config), (8 bytes).
    Removing gd32e23x_timer.o(.text.timer_channel_output_polarity_config), (160 bytes).
    Removing gd32e23x_timer.o(.ARM.exidx.text.timer_channel_output_polarity_config), (8 bytes).
    Removing gd32e23x_timer.o(.text.timer_channel_complementary_output_polarity_config), (160 bytes).
    Removing gd32e23x_timer.o(.ARM.exidx.text.timer_channel_complementary_output_polarity_config), (8 bytes).
    Removing gd32e23x_timer.o(.text.timer_channel_output_state_config), (148 bytes).
    Removing gd32e23x_timer.o(.ARM.exidx.text.timer_channel_output_state_config), (8 bytes).
    Removing gd32e23x_timer.o(.text.timer_channel_complementary_output_state_config), (120 bytes).
    Removing gd32e23x_timer.o(.ARM.exidx.text.timer_channel_complementary_output_state_config), (8 bytes).
    Removing gd32e23x_timer.o(.text.timer_channel_input_struct_para_init), (28 bytes).
    Removing gd32e23x_timer.o(.ARM.exidx.text.timer_channel_input_struct_para_init), (8 bytes).
    Removing gd32e23x_timer.o(.text.timer_input_capture_config), (446 bytes).
    Removing gd32e23x_timer.o(.ARM.exidx.text.timer_input_capture_config), (8 bytes).
    Removing gd32e23x_timer.o(.text.timer_channel_input_capture_prescaler_config), (158 bytes).
    Removing gd32e23x_timer.o(.ARM.exidx.text.timer_channel_input_capture_prescaler_config), (8 bytes).
    Removing gd32e23x_timer.o(.text.timer_channel_capture_value_register_read), (88 bytes).
    Removing gd32e23x_timer.o(.ARM.exidx.text.timer_channel_capture_value_register_read), (8 bytes).
    Removing gd32e23x_timer.o(.text.timer_input_pwm_capture_config), (502 bytes).
    Removing gd32e23x_timer.o(.ARM.exidx.text.timer_input_pwm_capture_config), (8 bytes).
    Removing gd32e23x_timer.o(.text.timer_hall_mode_config), (52 bytes).
    Removing gd32e23x_timer.o(.ARM.exidx.text.timer_hall_mode_config), (8 bytes).
    Removing gd32e23x_timer.o(.text.timer_input_trigger_source_select), (30 bytes).
    Removing gd32e23x_timer.o(.ARM.exidx.text.timer_input_trigger_source_select), (8 bytes).
    Removing gd32e23x_timer.o(.text.timer_master_output_trigger_source_select), (30 bytes).
    Removing gd32e23x_timer.o(.ARM.exidx.text.timer_master_output_trigger_source_select), (8 bytes).
    Removing gd32e23x_timer.o(.text.timer_slave_mode_select), (30 bytes).
    Removing gd32e23x_timer.o(.ARM.exidx.text.timer_slave_mode_select), (8 bytes).
    Removing gd32e23x_timer.o(.text.timer_master_slave_mode_config), (52 bytes).
    Removing gd32e23x_timer.o(.ARM.exidx.text.timer_master_slave_mode_config), (8 bytes).
    Removing gd32e23x_timer.o(.text.timer_external_trigger_config), (52 bytes).
    Removing gd32e23x_timer.o(.ARM.exidx.text.timer_external_trigger_config), (8 bytes).
    Removing gd32e23x_timer.o(.text.timer_quadrature_decoder_mode_config), (104 bytes).
    Removing gd32e23x_timer.o(.ARM.exidx.text.timer_quadrature_decoder_mode_config), (8 bytes).
    Removing gd32e23x_timer.o(.text.timer_internal_clock_config), (18 bytes).
    Removing gd32e23x_timer.o(.ARM.exidx.text.timer_internal_clock_config), (8 bytes).
    Removing gd32e23x_timer.o(.text.timer_internal_trigger_as_external_clock_config), (38 bytes).
    Removing gd32e23x_timer.o(.ARM.exidx.text.timer_internal_trigger_as_external_clock_config), (8 bytes).
    Removing gd32e23x_timer.o(.text.timer_external_trigger_as_external_clock_config), (226 bytes).
    Removing gd32e23x_timer.o(.ARM.exidx.text.timer_external_trigger_as_external_clock_config), (8 bytes).
    Removing gd32e23x_timer.o(.text.timer_external_clock_mode0_config), (46 bytes).
    Removing gd32e23x_timer.o(.ARM.exidx.text.timer_external_clock_mode0_config), (8 bytes).
    Removing gd32e23x_timer.o(.text.timer_external_clock_mode1_config), (40 bytes).
    Removing gd32e23x_timer.o(.ARM.exidx.text.timer_external_clock_mode1_config), (8 bytes).
    Removing gd32e23x_timer.o(.text.timer_external_clock_mode1_disable), (20 bytes).
    Removing gd32e23x_timer.o(.ARM.exidx.text.timer_external_clock_mode1_disable), (8 bytes).
    Removing gd32e23x_timer.o(.text.timer_channel_remap_config), (16 bytes).
    Removing gd32e23x_timer.o(.ARM.exidx.text.timer_channel_remap_config), (8 bytes).
    Removing gd32e23x_timer.o(.text.timer_write_chxval_register_config), (60 bytes).
    Removing gd32e23x_timer.o(.ARM.exidx.text.timer_write_chxval_register_config), (8 bytes).
    Removing gd32e23x_timer.o(.text.timer_output_value_selection_config), (60 bytes).
    Removing gd32e23x_timer.o(.ARM.exidx.text.timer_output_value_selection_config), (8 bytes).
    Removing gd32e23x_usart.o(.text), (0 bytes).
    Removing gd32e23x_usart.o(.ARM.exidx.text.usart_deinit), (8 bytes).
    Removing gd32e23x_usart.o(.ARM.exidx.text.usart_baudrate_set), (8 bytes).
    Removing gd32e23x_usart.o(.ARM.exidx.text.usart_parity_config), (8 bytes).
    Removing gd32e23x_usart.o(.ARM.exidx.text.usart_word_length_set), (8 bytes).
    Removing gd32e23x_usart.o(.ARM.exidx.text.usart_stop_bit_set), (8 bytes).
    Removing gd32e23x_usart.o(.ARM.exidx.text.usart_enable), (8 bytes).
    Removing gd32e23x_usart.o(.text.usart_disable), (18 bytes).
    Removing gd32e23x_usart.o(.ARM.exidx.text.usart_disable), (8 bytes).
    Removing gd32e23x_usart.o(.ARM.exidx.text.usart_transmit_config), (8 bytes).
    Removing gd32e23x_usart.o(.ARM.exidx.text.usart_receive_config), (8 bytes).
    Removing gd32e23x_usart.o(.text.usart_data_first_config), (42 bytes).
    Removing gd32e23x_usart.o(.ARM.exidx.text.usart_data_first_config), (8 bytes).
    Removing gd32e23x_usart.o(.text.usart_invert_config), (186 bytes).
    Removing gd32e23x_usart.o(.ARM.exidx.text.usart_invert_config), (8 bytes).
    Removing gd32e23x_usart.o(.text.usart_overrun_enable), (30 bytes).
    Removing gd32e23x_usart.o(.ARM.exidx.text.usart_overrun_enable), (8 bytes).
    Removing gd32e23x_usart.o(.text.usart_overrun_disable), (30 bytes).
    Removing gd32e23x_usart.o(.ARM.exidx.text.usart_overrun_disable), (8 bytes).
    Removing gd32e23x_usart.o(.text.usart_oversample_config), (42 bytes).
    Removing gd32e23x_usart.o(.ARM.exidx.text.usart_oversample_config), (8 bytes).
    Removing gd32e23x_usart.o(.text.usart_sample_bit_config), (42 bytes).
    Removing gd32e23x_usart.o(.ARM.exidx.text.usart_sample_bit_config), (8 bytes).
    Removing gd32e23x_usart.o(.text.usart_receiver_timeout_enable), (20 bytes).
    Removing gd32e23x_usart.o(.ARM.exidx.text.usart_receiver_timeout_enable), (8 bytes).
    Removing gd32e23x_usart.o(.text.usart_receiver_timeout_disable), (20 bytes).
    Removing gd32e23x_usart.o(.ARM.exidx.text.usart_receiver_timeout_disable), (8 bytes).
    Removing gd32e23x_usart.o(.text.usart_receiver_timeout_threshold_config), (32 bytes).
    Removing gd32e23x_usart.o(.ARM.exidx.text.usart_receiver_timeout_threshold_config), (8 bytes).
    Removing gd32e23x_usart.o(.ARM.exidx.text.usart_data_transmit), (8 bytes).
    Removing gd32e23x_usart.o(.text.usart_data_receive), (20 bytes).
    Removing gd32e23x_usart.o(.ARM.exidx.text.usart_data_receive), (8 bytes).
    Removing gd32e23x_usart.o(.text.usart_address_config), (46 bytes).
    Removing gd32e23x_usart.o(.ARM.exidx.text.usart_address_config), (8 bytes).
    Removing gd32e23x_usart.o(.text.usart_address_detection_mode_config), (42 bytes).
    Removing gd32e23x_usart.o(.ARM.exidx.text.usart_address_detection_mode_config), (8 bytes).
    Removing gd32e23x_usart.o(.text.usart_mute_mode_enable), (20 bytes).
    Removing gd32e23x_usart.o(.ARM.exidx.text.usart_mute_mode_enable), (8 bytes).
    Removing gd32e23x_usart.o(.text.usart_mute_mode_disable), (20 bytes).
    Removing gd32e23x_usart.o(.ARM.exidx.text.usart_mute_mode_disable), (8 bytes).
    Removing gd32e23x_usart.o(.text.usart_mute_mode_wakeup_config), (42 bytes).
    Removing gd32e23x_usart.o(.ARM.exidx.text.usart_mute_mode_wakeup_config), (8 bytes).
    Removing gd32e23x_usart.o(.text.usart_lin_mode_enable), (30 bytes).
    Removing gd32e23x_usart.o(.ARM.exidx.text.usart_lin_mode_enable), (8 bytes).
    Removing gd32e23x_usart.o(.text.usart_lin_mode_disable), (30 bytes).
    Removing gd32e23x_usart.o(.ARM.exidx.text.usart_lin_mode_disable), (8 bytes).
    Removing gd32e23x_usart.o(.text.usart_lin_break_detection_length_config), (42 bytes).
    Removing gd32e23x_usart.o(.ARM.exidx.text.usart_lin_break_detection_length_config), (8 bytes).
    Removing gd32e23x_usart.o(.text.usart_halfduplex_enable), (28 bytes).
    Removing gd32e23x_usart.o(.ARM.exidx.text.usart_halfduplex_enable), (8 bytes).
    Removing gd32e23x_usart.o(.text.usart_halfduplex_disable), (28 bytes).
    Removing gd32e23x_usart.o(.ARM.exidx.text.usart_halfduplex_disable), (8 bytes).
    Removing gd32e23x_usart.o(.text.usart_clock_enable), (30 bytes).
    Removing gd32e23x_usart.o(.ARM.exidx.text.usart_clock_enable), (8 bytes).
    Removing gd32e23x_usart.o(.text.usart_clock_disable), (30 bytes).
    Removing gd32e23x_usart.o(.ARM.exidx.text.usart_clock_disable), (8 bytes).
    Removing gd32e23x_usart.o(.text.usart_synchronous_clock_config), (84 bytes).
    Removing gd32e23x_usart.o(.ARM.exidx.text.usart_synchronous_clock_config), (8 bytes).
    Removing gd32e23x_usart.o(.text.usart_guard_time_config), (46 bytes).
    Removing gd32e23x_usart.o(.ARM.exidx.text.usart_guard_time_config), (8 bytes).
    Removing gd32e23x_usart.o(.text.usart_smartcard_mode_enable), (28 bytes).
    Removing gd32e23x_usart.o(.ARM.exidx.text.usart_smartcard_mode_enable), (8 bytes).
    Removing gd32e23x_usart.o(.text.usart_smartcard_mode_disable), (28 bytes).
    Removing gd32e23x_usart.o(.ARM.exidx.text.usart_smartcard_mode_disable), (8 bytes).
    Removing gd32e23x_usart.o(.text.usart_smartcard_mode_nack_enable), (28 bytes).
    Removing gd32e23x_usart.o(.ARM.exidx.text.usart_smartcard_mode_nack_enable), (8 bytes).
    Removing gd32e23x_usart.o(.text.usart_smartcard_mode_nack_disable), (28 bytes).
    Removing gd32e23x_usart.o(.ARM.exidx.text.usart_smartcard_mode_nack_disable), (8 bytes).
    Removing gd32e23x_usart.o(.text.usart_smartcard_mode_early_nack_enable), (20 bytes).
    Removing gd32e23x_usart.o(.ARM.exidx.text.usart_smartcard_mode_early_nack_enable), (8 bytes).
    Removing gd32e23x_usart.o(.text.usart_smartcard_mode_early_nack_disable), (20 bytes).
    Removing gd32e23x_usart.o(.ARM.exidx.text.usart_smartcard_mode_early_nack_disable), (8 bytes).
    Removing gd32e23x_usart.o(.text.usart_smartcard_autoretry_config), (46 bytes).
    Removing gd32e23x_usart.o(.ARM.exidx.text.usart_smartcard_autoretry_config), (8 bytes).
    Removing gd32e23x_usart.o(.text.usart_block_length_config), (34 bytes).
    Removing gd32e23x_usart.o(.ARM.exidx.text.usart_block_length_config), (8 bytes).
    Removing gd32e23x_usart.o(.text.usart_irda_mode_enable), (28 bytes).
    Removing gd32e23x_usart.o(.ARM.exidx.text.usart_irda_mode_enable), (8 bytes).
    Removing gd32e23x_usart.o(.text.usart_irda_mode_disable), (28 bytes).
    Removing gd32e23x_usart.o(.ARM.exidx.text.usart_irda_mode_disable), (8 bytes).
    Removing gd32e23x_usart.o(.text.usart_prescaler_config), (40 bytes).
    Removing gd32e23x_usart.o(.ARM.exidx.text.usart_prescaler_config), (8 bytes).
    Removing gd32e23x_usart.o(.text.usart_irda_lowpower_config), (42 bytes).
    Removing gd32e23x_usart.o(.ARM.exidx.text.usart_irda_lowpower_config), (8 bytes).
    Removing gd32e23x_usart.o(.text.usart_hardware_flow_rts_config), (42 bytes).
    Removing gd32e23x_usart.o(.ARM.exidx.text.usart_hardware_flow_rts_config), (8 bytes).
    Removing gd32e23x_usart.o(.text.usart_hardware_flow_cts_config), (42 bytes).
    Removing gd32e23x_usart.o(.ARM.exidx.text.usart_hardware_flow_cts_config), (8 bytes).
    Removing gd32e23x_usart.o(.text.usart_hardware_flow_coherence_config), (34 bytes).
    Removing gd32e23x_usart.o(.ARM.exidx.text.usart_hardware_flow_coherence_config), (8 bytes).
    Removing gd32e23x_usart.o(.text.usart_rs485_driver_enable), (30 bytes).
    Removing gd32e23x_usart.o(.ARM.exidx.text.usart_rs485_driver_enable), (8 bytes).
    Removing gd32e23x_usart.o(.text.usart_rs485_driver_disable), (30 bytes).
    Removing gd32e23x_usart.o(.ARM.exidx.text.usart_rs485_driver_disable), (8 bytes).
    Removing gd32e23x_usart.o(.text.usart_driver_assertime_config), (46 bytes).
    Removing gd32e23x_usart.o(.ARM.exidx.text.usart_driver_assertime_config), (8 bytes).
    Removing gd32e23x_usart.o(.text.usart_driver_deassertime_config), (46 bytes).
    Removing gd32e23x_usart.o(.ARM.exidx.text.usart_driver_deassertime_config), (8 bytes).
    Removing gd32e23x_usart.o(.text.usart_depolarity_config), (44 bytes).
    Removing gd32e23x_usart.o(.ARM.exidx.text.usart_depolarity_config), (8 bytes).
    Removing gd32e23x_usart.o(.ARM.exidx.text.usart_dma_receive_config), (8 bytes).
    Removing gd32e23x_usart.o(.text.usart_dma_transmit_config), (30 bytes).
    Removing gd32e23x_usart.o(.ARM.exidx.text.usart_dma_transmit_config), (8 bytes).
    Removing gd32e23x_usart.o(.text.usart_reception_error_dma_disable), (30 bytes).
    Removing gd32e23x_usart.o(.ARM.exidx.text.usart_reception_error_dma_disable), (8 bytes).
    Removing gd32e23x_usart.o(.text.usart_reception_error_dma_enable), (30 bytes).
    Removing gd32e23x_usart.o(.ARM.exidx.text.usart_reception_error_dma_enable), (8 bytes).
    Removing gd32e23x_usart.o(.text.usart_wakeup_enable), (18 bytes).
    Removing gd32e23x_usart.o(.ARM.exidx.text.usart_wakeup_enable), (8 bytes).
    Removing gd32e23x_usart.o(.text.usart_wakeup_disable), (18 bytes).
    Removing gd32e23x_usart.o(.ARM.exidx.text.usart_wakeup_disable), (8 bytes).
    Removing gd32e23x_usart.o(.text.usart_wakeup_mode_config), (44 bytes).
    Removing gd32e23x_usart.o(.ARM.exidx.text.usart_wakeup_mode_config), (8 bytes).
    Removing gd32e23x_usart.o(.text.usart_receive_fifo_enable), (22 bytes).
    Removing gd32e23x_usart.o(.ARM.exidx.text.usart_receive_fifo_enable), (8 bytes).
    Removing gd32e23x_usart.o(.text.usart_receive_fifo_disable), (22 bytes).
    Removing gd32e23x_usart.o(.ARM.exidx.text.usart_receive_fifo_disable), (8 bytes).
    Removing gd32e23x_usart.o(.text.usart_receive_fifo_counter_number), (22 bytes).
    Removing gd32e23x_usart.o(.ARM.exidx.text.usart_receive_fifo_counter_number), (8 bytes).
    Removing gd32e23x_usart.o(.ARM.exidx.text.usart_flag_get), (8 bytes).
    Removing gd32e23x_usart.o(.ARM.exidx.text.usart_flag_clear), (8 bytes).
    Removing gd32e23x_usart.o(.ARM.exidx.text.usart_interrupt_enable), (8 bytes).
    Removing gd32e23x_usart.o(.text.usart_interrupt_disable), (34 bytes).
    Removing gd32e23x_usart.o(.ARM.exidx.text.usart_interrupt_disable), (8 bytes).
    Removing gd32e23x_usart.o(.text.usart_command_enable), (20 bytes).
    Removing gd32e23x_usart.o(.ARM.exidx.text.usart_command_enable), (8 bytes).
    Removing gd32e23x_usart.o(.ARM.exidx.text.usart_interrupt_flag_get), (8 bytes).
    Removing gd32e23x_usart.o(.ARM.exidx.text.usart_interrupt_flag_clear), (8 bytes).
    Removing gd32e23x_wwdgt.o(.text), (0 bytes).
    Removing gd32e23x_wwdgt.o(.text.wwdgt_deinit), (28 bytes).
    Removing gd32e23x_wwdgt.o(.ARM.exidx.text.wwdgt_deinit), (8 bytes).
    Removing gd32e23x_wwdgt.o(.text.wwdgt_enable), (16 bytes).
    Removing gd32e23x_wwdgt.o(.ARM.exidx.text.wwdgt_enable), (8 bytes).
    Removing gd32e23x_wwdgt.o(.text.wwdgt_counter_update), (28 bytes).
    Removing gd32e23x_wwdgt.o(.ARM.exidx.text.wwdgt_counter_update), (8 bytes).
    Removing gd32e23x_wwdgt.o(.text.wwdgt_config), (52 bytes).
    Removing gd32e23x_wwdgt.o(.ARM.exidx.text.wwdgt_config), (8 bytes).
    Removing gd32e23x_wwdgt.o(.text.wwdgt_flag_get), (40 bytes).
    Removing gd32e23x_wwdgt.o(.ARM.exidx.text.wwdgt_flag_get), (8 bytes).
    Removing gd32e23x_wwdgt.o(.text.wwdgt_flag_clear), (16 bytes).
    Removing gd32e23x_wwdgt.o(.ARM.exidx.text.wwdgt_flag_clear), (8 bytes).
    Removing gd32e23x_wwdgt.o(.text.wwdgt_interrupt_enable), (20 bytes).
    Removing gd32e23x_wwdgt.o(.ARM.exidx.text.wwdgt_interrupt_enable), (8 bytes).
    Removing system_gd32e23x.o(.text), (0 bytes).
    Removing system_gd32e23x.o(.ARM.exidx.text.SystemInit), (8 bytes).
    Removing system_gd32e23x.o(.ARM.exidx.text.system_clock_config), (8 bytes).
    Removing system_gd32e23x.o(.text.SystemCoreClockUpdate), (284 bytes).
    Removing system_gd32e23x.o(.ARM.exidx.text.SystemCoreClockUpdate), (8 bytes).
    Removing system_gd32e23x.o(.ARM.exidx.text.system_clock_72m_hxtal), (8 bytes).
    Removing system_gd32e23x.o(.rodata.cst16), (16 bytes).
    Removing startup_gd32e23x.o(HEAP), (1024 bytes).
    Removing led.o(.text), (0 bytes).
    Removing led.o(.ARM.exidx.text.Init_LED_GPIO), (8 bytes).
    Removing led.o(.ARM.exidx.text.CLose_LED), (8 bytes).
    Removing led.o(.ARM.exidx.text.Open_LED), (8 bytes).
    Removing key.o(.text), (0 bytes).
    Removing key.o(.ARM.exidx.text.Init_Key_GPIO), (8 bytes).
    Removing key.o(.text.Scanf_Key_GPIO), (212 bytes).
    Removing key.o(.ARM.exidx.text.Scanf_Key_GPIO), (8 bytes).
    Removing key.o(.text.Key_Handle), (72 bytes).
    Removing key.o(.ARM.exidx.text.Key_Handle), (8 bytes).
    Removing usart.o(.text), (0 bytes).
    Removing usart.o(.ARM.exidx.text.Init_USART), (8 bytes).
    Removing usart.o(.ARM.exidx.text.Init_USART0RecDMA), (8 bytes).
    Removing usart.o(.text.USART0_SendData), (84 bytes).
    Removing usart.o(.ARM.exidx.text.USART0_SendData), (8 bytes).
    Removing usart.o(.ARM.exidx.text.fputc), (8 bytes).
    Removing usart.o(.ARM.exidx.text.USART0_IRQHandler), (8 bytes).
    Removing usart.o(.text.USART0_RecHandle), (68 bytes).
    Removing usart.o(.ARM.exidx.text.USART0_RecHandle), (8 bytes).
    Removing usart.o(.rodata.str1.1), (5 bytes).
    Removing ec11.o(.text), (0 bytes).
    Removing ec11.o(.ARM.exidx.text.Init_EC11_GPIO), (8 bytes).
    Removing ec11.o(.ARM.exidx.text.Init_EC11_EXITGPIO), (8 bytes).
    Removing ec11.o(.ARM.exidx.text.EXTI4_15_IRQHandler), (8 bytes).
    Removing adc.o(.text), (0 bytes).
    Removing adc.o(.ARM.exidx.text.ADC_Config), (8 bytes).
    Removing adc.o(.ARM.exidx.text.Get_ADC_Value), (8 bytes).

1001 unused section(s) (total 30935 bytes) removed from the image.

==============================================================================

Image Symbol Table

    Local Symbols

    Symbol Name                              Value     Ov Type        Size  Object(Section)

    ../Firmware/CMSIS/GD/GD32E23x/Source/ARM/startup_gd32e23x.s 0x00000000   Number         0  startup_gd32e23x.o ABSOLUTE
    ../clib/division.s                       0x00000000   Number         0  aeabi_sdiv.o ABSOLUTE
    ../clib/division.s                       0x00000000   Number         0  aeabi_sdiv_div0.o ABSOLUTE
    ../clib/microlib/division.c              0x00000000   Number         0  uidiv.o ABSOLUTE
    ../clib/microlib/division.c              0x00000000   Number         0  uldiv.o ABSOLUTE
    ../clib/microlib/division.c              0x00000000   Number         0  uidiv_div0.o ABSOLUTE
    ../clib/microlib/division.c              0x00000000   Number         0  idiv_div0.o ABSOLUTE
    ../clib/microlib/division.c              0x00000000   Number         0  idiv0.o ABSOLUTE
    ../clib/microlib/init/entry.s            0x00000000   Number         0  entry.o ABSOLUTE
    ../clib/microlib/init/entry.s            0x00000000   Number         0  entry2.o ABSOLUTE
    ../clib/microlib/init/entry.s            0x00000000   Number         0  entry5.o ABSOLUTE
    ../clib/microlib/init/entry.s            0x00000000   Number         0  entry7a.o ABSOLUTE
    ../clib/microlib/init/entry.s            0x00000000   Number         0  entry7b.o ABSOLUTE
    ../clib/microlib/init/entry.s            0x00000000   Number         0  entry8a.o ABSOLUTE
    ../clib/microlib/init/entry.s            0x00000000   Number         0  entry8b.o ABSOLUTE
    ../clib/microlib/init/entry.s            0x00000000   Number         0  entry9a.o ABSOLUTE
    ../clib/microlib/init/entry.s            0x00000000   Number         0  entry9b.o ABSOLUTE
    ../clib/microlib/init/entry.s            0x00000000   Number         0  entry10a.o ABSOLUTE
    ../clib/microlib/init/entry.s            0x00000000   Number         0  entry10b.o ABSOLUTE
    ../clib/microlib/init/entry.s            0x00000000   Number         0  entry11a.o ABSOLUTE
    ../clib/microlib/init/entry.s            0x00000000   Number         0  entry11b.o ABSOLUTE
    ../clib/microlib/longlong.c              0x00000000   Number         0  llshl.o ABSOLUTE
    ../clib/microlib/longlong.c              0x00000000   Number         0  llushr.o ABSOLUTE
    ../clib/microlib/longlong.c              0x00000000   Number         0  llsshr.o ABSOLUTE
    ../clib/microlib/printf/printf.c         0x00000000   Number         0  printfa.o ABSOLUTE
    ../clib/microlib/stdio/streams.c         0x00000000   Number         0  stdout.o ABSOLUTE
    ../clib/microlib/string/memset.c         0x00000000   Number         0  memseta.o ABSOLUTE
    ../clib/microlib/stubs.s                 0x00000000   Number         0  iusefp.o ABSOLUTE
    ../fplib/microlib/f2d.c                  0x00000000   Number         0  f2d.o ABSOLUTE
    ../fplib/microlib/fpadd.c                0x00000000   Number         0  dadd.o ABSOLUTE
    ../fplib/microlib/fpdiv.c                0x00000000   Number         0  fdiv.o ABSOLUTE
    ../fplib/microlib/fpdiv.c                0x00000000   Number         0  ddiv.o ABSOLUTE
    ../fplib/microlib/fpepilogue.c           0x00000000   Number         0  fepilogue.o ABSOLUTE
    ../fplib/microlib/fpepilogue.c           0x00000000   Number         0  depilogue.o ABSOLUTE
    ../fplib/microlib/fpfix.c                0x00000000   Number         0  ffixi.o ABSOLUTE
    ../fplib/microlib/fpfix.c                0x00000000   Number         0  ffixui.o ABSOLUTE
    ../fplib/microlib/fpfix.c                0x00000000   Number         0  dfixul.o ABSOLUTE
    ../fplib/microlib/fpflt.c                0x00000000   Number         0  fflti.o ABSOLUTE
    ../fplib/microlib/fpflt.c                0x00000000   Number         0  ffltui.o ABSOLUTE
    ../fplib/microlib/fpmul.c                0x00000000   Number         0  fmul.o ABSOLUTE
    ../fplib/microlib/fpmul.c                0x00000000   Number         0  dmul.o ABSOLUTE
    adc.c                                    0x00000000   Number         0  adc.o ABSOLUTE
    cdrcmple.s                               0x00000000   Number         0  cdrcmple.o ABSOLUTE
    dc.s                                     0x00000000   Number         0  dc.o ABSOLUTE
    ec11.c                                   0x00000000   Number         0  ec11.o ABSOLUTE
    gd32e23x_adc.c                           0x00000000   Number         0  gd32e23x_adc.o ABSOLUTE
    gd32e23x_cmp.c                           0x00000000   Number         0  gd32e23x_cmp.o ABSOLUTE
    gd32e23x_crc.c                           0x00000000   Number         0  gd32e23x_crc.o ABSOLUTE
    gd32e23x_dbg.c                           0x00000000   Number         0  gd32e23x_dbg.o ABSOLUTE
    gd32e23x_dma.c                           0x00000000   Number         0  gd32e23x_dma.o ABSOLUTE
    gd32e23x_exti.c                          0x00000000   Number         0  gd32e23x_exti.o ABSOLUTE
    gd32e23x_fmc.c                           0x00000000   Number         0  gd32e23x_fmc.o ABSOLUTE
    gd32e23x_fwdgt.c                         0x00000000   Number         0  gd32e23x_fwdgt.o ABSOLUTE
    gd32e23x_gpio.c                          0x00000000   Number         0  gd32e23x_gpio.o ABSOLUTE
    gd32e23x_i2c.c                           0x00000000   Number         0  gd32e23x_i2c.o ABSOLUTE
    gd32e23x_it.c                            0x00000000   Number         0  gd32e23x_it.o ABSOLUTE
    gd32e23x_misc.c                          0x00000000   Number         0  gd32e23x_misc.o ABSOLUTE
    gd32e23x_pmu.c                           0x00000000   Number         0  gd32e23x_pmu.o ABSOLUTE
    gd32e23x_rcu.c                           0x00000000   Number         0  gd32e23x_rcu.o ABSOLUTE
    gd32e23x_rtc.c                           0x00000000   Number         0  gd32e23x_rtc.o ABSOLUTE
    gd32e23x_spi.c                           0x00000000   Number         0  gd32e23x_spi.o ABSOLUTE
    gd32e23x_syscfg.c                        0x00000000   Number         0  gd32e23x_syscfg.o ABSOLUTE
    gd32e23x_timer.c                         0x00000000   Number         0  gd32e23x_timer.o ABSOLUTE
    gd32e23x_usart.c                         0x00000000   Number         0  gd32e23x_usart.o ABSOLUTE
    gd32e23x_wwdgt.c                         0x00000000   Number         0  gd32e23x_wwdgt.o ABSOLUTE
    handlers.s                               0x00000000   Number         0  handlers.o ABSOLUTE
    init.s                                   0x00000000   Number         0  init.o ABSOLUTE
    key.c                                    0x00000000   Number         0  key.o ABSOLUTE
    led.c                                    0x00000000   Number         0  led.o ABSOLUTE
    main.c                                   0x00000000   Number         0  main.o ABSOLUTE
    system_gd32e23x.c                        0x00000000   Number         0  system_gd32e23x.o ABSOLUTE
    systick.c                                0x00000000   Number         0  systick.o ABSOLUTE
    usart.c                                  0x00000000   Number         0  usart.o ABSOLUTE
    RESET                                    0x08000000   Section      204  startup_gd32e23x.o(RESET)
    .ARM.Collect$$$$00000000                 0x080000cc   Section        0  entry.o(.ARM.Collect$$$$00000000)
    .ARM.Collect$$$$00000001                 0x080000cc   Section        4  entry2.o(.ARM.Collect$$$$00000001)
    .ARM.Collect$$$$00000004                 0x080000d0   Section        4  entry5.o(.ARM.Collect$$$$00000004)
    .ARM.Collect$$$$00000008                 0x080000d4   Section        0  entry7b.o(.ARM.Collect$$$$00000008)
    .ARM.Collect$$$$0000000A                 0x080000d4   Section        0  entry8b.o(.ARM.Collect$$$$0000000A)
    .ARM.Collect$$$$0000000B                 0x080000d4   Section        8  entry9a.o(.ARM.Collect$$$$0000000B)
    __lit__00000000                          0x080000dc   Data           4  entry2.o(.ARM.Collect$$$$00002712)
    .ARM.Collect$$$$0000000D                 0x080000dc   Section        0  entry10a.o(.ARM.Collect$$$$0000000D)
    .ARM.Collect$$$$0000000F                 0x080000dc   Section        0  entry11a.o(.ARM.Collect$$$$0000000F)
    .ARM.Collect$$$$00002712                 0x080000dc   Section        4  entry2.o(.ARM.Collect$$$$00002712)
    .text                                    0x080000e0   Section       28  startup_gd32e23x.o(.text)
    .text                                    0x080000fc   Section        0  fmul.o(.text)
    .text                                    0x08000176   Section        0  fdiv.o(.text)
    .text                                    0x080001f2   Section        0  fflti.o(.text)
    .text                                    0x08000208   Section        0  ffltui.o(.text)
    .text                                    0x08000216   Section        0  ffixi.o(.text)
    .text                                    0x08000248   Section        0  ffixui.o(.text)
    .text                                    0x08000270   Section        0  f2d.o(.text)
    .text                                    0x08000298   Section        0  uldiv.o(.text)
    .text                                    0x080002f8   Section        0  iusefp.o(.text)
    .text                                    0x080002f8   Section        0  fepilogue.o(.text)
    .text                                    0x0800037c   Section        0  dadd.o(.text)
    .text                                    0x080004e0   Section        0  dmul.o(.text)
    .text                                    0x080005b0   Section        0  ddiv.o(.text)
    .text                                    0x080006a0   Section        0  dfixul.o(.text)
    .text                                    0x080006e0   Section       40  cdrcmple.o(.text)
    .text                                    0x08000708   Section       48  init.o(.text)
    .text                                    0x08000738   Section        0  uidiv_div0.o(.text)
    .text                                    0x08000776   Section        0  llshl.o(.text)
    .text                                    0x08000796   Section        0  llushr.o(.text)
    .text                                    0x080007b8   Section        0  llsshr.o(.text)
    .text                                    0x080007de   Section        0  depilogue.o(.text)
    [Anonymous Symbol]                       0x0800089c   Section        0  adc.o(.text.ADC_Config)
    __arm_cp.0_1                             0x080008f8   Number         4  adc.o(.text.ADC_Config)
    [Anonymous Symbol]                       0x080008fc   Section        0  led.o(.text.CLose_LED)
    [Anonymous Symbol]                       0x08000938   Section        0  ec11.o(.text.EXTI4_15_IRQHandler)
    __arm_cp.2_1                             0x080009e0   Number         4  ec11.o(.text.EXTI4_15_IRQHandler)
    __arm_cp.2_2                             0x080009e4   Number         4  ec11.o(.text.EXTI4_15_IRQHandler)
    [Anonymous Symbol]                       0x080009e8   Section        0  adc.o(.text.Get_ADC_Value)
    [Anonymous Symbol]                       0x08000a26   Section        0  gd32e23x_it.o(.text.HardFault_Handler)
    [Anonymous Symbol]                       0x08000a2c   Section        0  ec11.o(.text.Init_EC11_EXITGPIO)
    [Anonymous Symbol]                       0x08000a74   Section        0  ec11.o(.text.Init_EC11_GPIO)
    [Anonymous Symbol]                       0x08000a8c   Section        0  key.o(.text.Init_Key_GPIO)
    __arm_cp.0_0                             0x08000aa4   Number         4  key.o(.text.Init_Key_GPIO)
    __arm_cp.0_1                             0x08000aa8   Number         4  key.o(.text.Init_Key_GPIO)
    [Anonymous Symbol]                       0x08000aac   Section        0  led.o(.text.Init_LED_GPIO)
    __arm_cp.0_0                             0x08000b08   Number         4  led.o(.text.Init_LED_GPIO)
    [Anonymous Symbol]                       0x08000b0c   Section        0  usart.o(.text.Init_USART)
    __arm_cp.0_0                             0x08000be0   Number         4  usart.o(.text.Init_USART)
    __arm_cp.0_1                             0x08000be4   Number         4  usart.o(.text.Init_USART)
    __arm_cp.0_3                             0x08000be8   Number         4  usart.o(.text.Init_USART)
    [Anonymous Symbol]                       0x08000bec   Section        0  usart.o(.text.Init_USART0RecDMA)
    __arm_cp.1_0                             0x08000c44   Number         4  usart.o(.text.Init_USART0RecDMA)
    __arm_cp.1_1                             0x08000c48   Number         4  usart.o(.text.Init_USART0RecDMA)
    [Anonymous Symbol]                       0x08000c4c   Section        0  gd32e23x_it.o(.text.NMI_Handler)
    [Anonymous Symbol]                       0x08000c50   Section        0  led.o(.text.Open_LED)
    __arm_cp.2_0                             0x08000c8c   Number         4  led.o(.text.Open_LED)
    [Anonymous Symbol]                       0x08000c90   Section        0  gd32e23x_it.o(.text.PendSV_Handler)
    [Anonymous Symbol]                       0x08000c92   Section        0  gd32e23x_it.o(.text.SVC_Handler)
    [Anonymous Symbol]                       0x08000c94   Section        0  gd32e23x_it.o(.text.SysTick_Handler)
    [Anonymous Symbol]                       0x08000c98   Section        0  system_gd32e23x.o(.text.SystemInit)
    __arm_cp.0_0                             0x08000d70   Number         4  system_gd32e23x.o(.text.SystemInit)
    __arm_cp.0_1                             0x08000d74   Number         4  system_gd32e23x.o(.text.SystemInit)
    __arm_cp.0_2                             0x08000d78   Number         4  system_gd32e23x.o(.text.SystemInit)
    __arm_cp.0_3                             0x08000d7c   Number         4  system_gd32e23x.o(.text.SystemInit)
    __arm_cp.0_4                             0x08000d80   Number         4  system_gd32e23x.o(.text.SystemInit)
    __arm_cp.0_5                             0x08000d84   Number         4  system_gd32e23x.o(.text.SystemInit)
    __arm_cp.0_6                             0x08000d88   Number         4  system_gd32e23x.o(.text.SystemInit)
    __arm_cp.0_7                             0x08000d8c   Number         4  system_gd32e23x.o(.text.SystemInit)
    __arm_cp.0_8                             0x08000d90   Number         4  system_gd32e23x.o(.text.SystemInit)
    [Anonymous Symbol]                       0x08000d94   Section        0  usart.o(.text.USART0_IRQHandler)
    __arm_cp.4_0                             0x08000de4   Number         4  usart.o(.text.USART0_IRQHandler)
    __arm_cp.4_1                             0x08000de8   Number         4  usart.o(.text.USART0_IRQHandler)
    __arm_cp.4_2                             0x08000dec   Number         4  usart.o(.text.USART0_IRQHandler)
    __arm_cp.4_3                             0x08000df0   Number         4  usart.o(.text.USART0_IRQHandler)
    __NVIC_EnableIRQ                         0x08000df5   Thumb Code    48  gd32e23x_misc.o(.text.__NVIC_EnableIRQ)
    [Anonymous Symbol]                       0x08000df4   Section        0  gd32e23x_misc.o(.text.__NVIC_EnableIRQ)
    __arm_cp.2_0                             0x08000e24   Number         4  gd32e23x_misc.o(.text.__NVIC_EnableIRQ)
    __NVIC_SetPriority                       0x08000e29   Thumb Code   124  gd32e23x_misc.o(.text.__NVIC_SetPriority)
    [Anonymous Symbol]                       0x08000e28   Section        0  gd32e23x_misc.o(.text.__NVIC_SetPriority)
    __arm_cp.1_0                             0x08000ea4   Number         4  gd32e23x_misc.o(.text.__NVIC_SetPriority)
    __arm_cp.1_1                             0x08000ea8   Number         4  gd32e23x_misc.o(.text.__NVIC_SetPriority)
    [Anonymous Symbol]                       0x08000eac   Section        0  gd32e23x_adc.o(.text.adc_calibration_enable)
    [Anonymous Symbol]                       0x08000ee4   Section        0  gd32e23x_adc.o(.text.adc_channel_length_config)
    __arm_cp.11_0                            0x08000f44   Number         4  gd32e23x_adc.o(.text.adc_channel_length_config)
    __arm_cp.11_1                            0x08000f48   Number         4  gd32e23x_adc.o(.text.adc_channel_length_config)
    [Anonymous Symbol]                       0x08000f4c   Section        0  gd32e23x_adc.o(.text.adc_data_alignment_config)
    [Anonymous Symbol]                       0x08000f78   Section        0  gd32e23x_adc.o(.text.adc_enable)
    [Anonymous Symbol]                       0x08000f90   Section        0  gd32e23x_adc.o(.text.adc_external_trigger_config)
    [Anonymous Symbol]                       0x0800100c   Section        0  gd32e23x_adc.o(.text.adc_external_trigger_source_config)
    [Anonymous Symbol]                       0x0800105c   Section        0  gd32e23x_adc.o(.text.adc_flag_get)
    __arm_cp.20_0                            0x08001084   Number         4  gd32e23x_adc.o(.text.adc_flag_get)
    [Anonymous Symbol]                       0x08001088   Section        0  gd32e23x_adc.o(.text.adc_regular_channel_config)
    __arm_cp.12_0                            0x080011d0   Number         4  gd32e23x_adc.o(.text.adc_regular_channel_config)
    __arm_cp.12_1                            0x080011d4   Number         4  gd32e23x_adc.o(.text.adc_regular_channel_config)
    __arm_cp.12_2                            0x080011d8   Number         4  gd32e23x_adc.o(.text.adc_regular_channel_config)
    __arm_cp.12_3                            0x080011dc   Number         4  gd32e23x_adc.o(.text.adc_regular_channel_config)
    __arm_cp.12_4                            0x080011e0   Number         4  gd32e23x_adc.o(.text.adc_regular_channel_config)
    [Anonymous Symbol]                       0x080011e4   Section        0  gd32e23x_adc.o(.text.adc_regular_data_read)
    __arm_cp.18_0                            0x080011ec   Number         4  gd32e23x_adc.o(.text.adc_regular_data_read)
    [Anonymous Symbol]                       0x080011f0   Section        0  gd32e23x_adc.o(.text.adc_software_trigger_enable)
    __arm_cp.17_0                            0x0800122c   Number         4  gd32e23x_adc.o(.text.adc_software_trigger_enable)
    [Anonymous Symbol]                       0x08001230   Section        0  systick.o(.text.delay_1ms)
    __arm_cp.3_0                             0x080012a0   Number         4  systick.o(.text.delay_1ms)
    [Anonymous Symbol]                       0x080012a4   Section        0  systick.o(.text.delay_1us)
    __arm_cp.1_0                             0x08001314   Number         4  systick.o(.text.delay_1us)
    __arm_cp.1_1                             0x08001318   Number         4  systick.o(.text.delay_1us)
    __arm_cp.1_2                             0x0800131c   Number         4  systick.o(.text.delay_1us)
    __arm_cp.1_3                             0x08001320   Number         4  systick.o(.text.delay_1us)
    [Anonymous Symbol]                       0x08001324   Section        0  gd32e23x_dma.o(.text.dma_channel_disable)
    [Anonymous Symbol]                       0x08001340   Section        0  gd32e23x_dma.o(.text.dma_channel_enable)
    [Anonymous Symbol]                       0x0800135c   Section        0  gd32e23x_dma.o(.text.dma_circulation_disable)
    [Anonymous Symbol]                       0x08001378   Section        0  gd32e23x_dma.o(.text.dma_deinit)
    __arm_cp.0_4                             0x080013d0   Number         4  gd32e23x_dma.o(.text.dma_deinit)
    [Anonymous Symbol]                       0x080013d4   Section        0  gd32e23x_dma.o(.text.dma_init)
    __arm_cp.2_0                             0x080014e0   Number         4  gd32e23x_dma.o(.text.dma_init)
    __arm_cp.2_1                             0x080014e4   Number         4  gd32e23x_dma.o(.text.dma_init)
    __arm_cp.2_3                             0x080014e8   Number         4  gd32e23x_dma.o(.text.dma_init)
    [Anonymous Symbol]                       0x080014ec   Section        0  gd32e23x_dma.o(.text.dma_transfer_number_config)
    [Anonymous Symbol]                       0x0800150c   Section        0  gd32e23x_dma.o(.text.dma_transfer_number_get)
    __arm_cp.12_0                            0x08001524   Number         4  gd32e23x_dma.o(.text.dma_transfer_number_get)
    [Anonymous Symbol]                       0x08001528   Section        0  gd32e23x_exti.o(.text.exti_init)
    __arm_cp.1_0                             0x080015f8   Number         4  gd32e23x_exti.o(.text.exti_init)
    __arm_cp.1_1                             0x080015fc   Number         4  gd32e23x_exti.o(.text.exti_init)
    __arm_cp.1_2                             0x08001600   Number         4  gd32e23x_exti.o(.text.exti_init)
    __arm_cp.1_3                             0x08001604   Number         4  gd32e23x_exti.o(.text.exti_init)
    [Anonymous Symbol]                       0x08001608   Section        0  gd32e23x_exti.o(.text.exti_interrupt_flag_clear)
    [Anonymous Symbol]                       0x08001618   Section        0  gd32e23x_exti.o(.text.exti_interrupt_flag_get)
    __arm_cp.10_0                            0x08001640   Number         4  gd32e23x_exti.o(.text.exti_interrupt_flag_get)
    [Anonymous Symbol]                       0x08001644   Section        0  usart.o(.text.fputc)
    __arm_cp.3_0                             0x0800166c   Number         4  usart.o(.text.fputc)
    __arm_cp.3_1                             0x08001670   Number         4  usart.o(.text.fputc)
    [Anonymous Symbol]                       0x08001674   Section        0  gd32e23x_gpio.o(.text.gpio_af_set)
    [Anonymous Symbol]                       0x08001734   Section        0  gd32e23x_gpio.o(.text.gpio_bit_reset)
    [Anonymous Symbol]                       0x08001744   Section        0  gd32e23x_gpio.o(.text.gpio_bit_set)
    [Anonymous Symbol]                       0x08001754   Section        0  gd32e23x_gpio.o(.text.gpio_input_bit_get)
    [Anonymous Symbol]                       0x0800177e   Section        0  gd32e23x_gpio.o(.text.gpio_mode_set)
    [Anonymous Symbol]                       0x0800180c   Section        0  gd32e23x_gpio.o(.text.gpio_output_options_set)
    [Anonymous Symbol]                       0x08001898   Section        0  main.o(.text.main)
    __arm_cp.0_0                             0x08001948   Number         4  main.o(.text.main)
    __arm_cp.0_1                             0x0800194c   Number         4  main.o(.text.main)
    __arm_cp.0_2                             0x08001950   Number         4  main.o(.text.main)
    __arm_cp.0_3                             0x08001954   Number         4  main.o(.text.main)
    [Anonymous Symbol]                       0x08001958   Section        0  gd32e23x_misc.o(.text.nvic_irq_enable)
    [Anonymous Symbol]                       0x08001984   Section        0  gd32e23x_misc.o(.text.nvic_vector_table_set)
    __arm_cp.7_0                             0x080019a0   Number         4  gd32e23x_misc.o(.text.nvic_vector_table_set)
    __arm_cp.7_1                             0x080019a4   Number         4  gd32e23x_misc.o(.text.nvic_vector_table_set)
    [Anonymous Symbol]                       0x080019a8   Section        0  gd32e23x_rcu.o(.text.rcu_adc_clock_config)
    __arm_cp.14_0                            0x08001b28   Number         4  gd32e23x_rcu.o(.text.rcu_adc_clock_config)
    __arm_cp.14_1                            0x08001b2c   Number         4  gd32e23x_rcu.o(.text.rcu_adc_clock_config)
    __arm_cp.14_2                            0x08001b30   Number         4  gd32e23x_rcu.o(.text.rcu_adc_clock_config)
    [Anonymous Symbol]                       0x08001b34   Section        0  gd32e23x_rcu.o(.text.rcu_clock_freq_get)
    __arm_cp.33_0                            0x08001e08   Number         4  gd32e23x_rcu.o(.text.rcu_clock_freq_get)
    __arm_cp.33_1                            0x08001e0c   Number         4  gd32e23x_rcu.o(.text.rcu_clock_freq_get)
    __arm_cp.33_2                            0x08001e10   Number         4  gd32e23x_rcu.o(.text.rcu_clock_freq_get)
    __arm_cp.33_3                            0x08001e14   Number         4  gd32e23x_rcu.o(.text.rcu_clock_freq_get)
    __arm_cp.33_4                            0x08001e18   Number         4  gd32e23x_rcu.o(.text.rcu_clock_freq_get)
    __arm_cp.33_5                            0x08001e1c   Number         4  gd32e23x_rcu.o(.text.rcu_clock_freq_get)
    __arm_cp.33_6                            0x08001e20   Number         4  gd32e23x_rcu.o(.text.rcu_clock_freq_get)
    __arm_cp.33_7                            0x08001e24   Number         4  gd32e23x_rcu.o(.text.rcu_clock_freq_get)
    __arm_cp.33_8                            0x08001e28   Number         4  gd32e23x_rcu.o(.text.rcu_clock_freq_get)
    [Anonymous Symbol]                       0x08001e2c   Section        0  gd32e23x_rcu.o(.text.rcu_periph_clock_enable)
    [Anonymous Symbol]                       0x08001e50   Section        0  gd32e23x_rcu.o(.text.rcu_periph_reset_disable)
    [Anonymous Symbol]                       0x08001e74   Section        0  gd32e23x_rcu.o(.text.rcu_periph_reset_enable)
    [Anonymous Symbol]                       0x08001e98   Section        0  gd32e23x_syscfg.o(.text.syscfg_exti_line_config)
    __arm_cp.5_0                             0x08001f3c   Number         4  gd32e23x_syscfg.o(.text.syscfg_exti_line_config)
    __arm_cp.5_1                             0x08001f40   Number         4  gd32e23x_syscfg.o(.text.syscfg_exti_line_config)
    __arm_cp.5_2                             0x08001f44   Number         4  gd32e23x_syscfg.o(.text.syscfg_exti_line_config)
    __arm_cp.5_3                             0x08001f48   Number         4  gd32e23x_syscfg.o(.text.syscfg_exti_line_config)
    system_clock_72m_hxtal                   0x08001f4d   Thumb Code   208  system_gd32e23x.o(.text.system_clock_72m_hxtal)
    [Anonymous Symbol]                       0x08001f4c   Section        0  system_gd32e23x.o(.text.system_clock_72m_hxtal)
    __arm_cp.3_0                             0x0800201c   Number         4  system_gd32e23x.o(.text.system_clock_72m_hxtal)
    __arm_cp.3_1                             0x08002020   Number         4  system_gd32e23x.o(.text.system_clock_72m_hxtal)
    __arm_cp.3_2                             0x08002024   Number         4  system_gd32e23x.o(.text.system_clock_72m_hxtal)
    __arm_cp.3_3                             0x08002028   Number         4  system_gd32e23x.o(.text.system_clock_72m_hxtal)
    __arm_cp.3_4                             0x0800202c   Number         4  system_gd32e23x.o(.text.system_clock_72m_hxtal)
    system_clock_config                      0x08002031   Thumb Code     8  system_gd32e23x.o(.text.system_clock_config)
    [Anonymous Symbol]                       0x08002030   Section        0  system_gd32e23x.o(.text.system_clock_config)
    [Anonymous Symbol]                       0x08002038   Section        0  gd32e23x_misc.o(.text.systick_clksource_set)
    __arm_cp.10_0                            0x08002060   Number         4  gd32e23x_misc.o(.text.systick_clksource_set)
    [Anonymous Symbol]                       0x08002064   Section        0  systick.o(.text.systick_config)
    __arm_cp.0_0                             0x08002090   Number         4  systick.o(.text.systick_config)
    __arm_cp.0_1                             0x08002094   Number         4  systick.o(.text.systick_config)
    __arm_cp.0_2                             0x08002098   Number         4  systick.o(.text.systick_config)
    __arm_cp.0_3                             0x0800209c   Number         4  systick.o(.text.systick_config)
    __arm_cp.0_4                             0x080020a0   Number         4  systick.o(.text.systick_config)
    [Anonymous Symbol]                       0x080020a4   Section        0  gd32e23x_usart.o(.text.usart_baudrate_set)
    __arm_cp.1_2                             0x08002150   Number         4  gd32e23x_usart.o(.text.usart_baudrate_set)
    [Anonymous Symbol]                       0x08002154   Section        0  gd32e23x_usart.o(.text.usart_data_transmit)
    __arm_cp.18_0                            0x08002168   Number         4  gd32e23x_usart.o(.text.usart_data_transmit)
    [Anonymous Symbol]                       0x0800216c   Section        0  gd32e23x_usart.o(.text.usart_deinit)
    __arm_cp.0_0                             0x080021b0   Number         4  gd32e23x_usart.o(.text.usart_deinit)
    __arm_cp.0_1                             0x080021b4   Number         4  gd32e23x_usart.o(.text.usart_deinit)
    __arm_cp.0_2                             0x080021b8   Number         4  gd32e23x_usart.o(.text.usart_deinit)
    __arm_cp.0_3                             0x080021bc   Number         4  gd32e23x_usart.o(.text.usart_deinit)
    [Anonymous Symbol]                       0x080021c0   Section        0  gd32e23x_usart.o(.text.usart_dma_receive_config)
    [Anonymous Symbol]                       0x080021de   Section        0  gd32e23x_usart.o(.text.usart_enable)
    [Anonymous Symbol]                       0x080021f0   Section        0  gd32e23x_usart.o(.text.usart_flag_clear)
    [Anonymous Symbol]                       0x0800220e   Section        0  gd32e23x_usart.o(.text.usart_flag_get)
    [Anonymous Symbol]                       0x0800224a   Section        0  gd32e23x_usart.o(.text.usart_interrupt_enable)
    [Anonymous Symbol]                       0x0800226c   Section        0  gd32e23x_usart.o(.text.usart_interrupt_flag_clear)
    __arm_cp.70_0                            0x080022a8   Number         4  gd32e23x_usart.o(.text.usart_interrupt_flag_clear)
    [Anonymous Symbol]                       0x080022ac   Section        0  gd32e23x_usart.o(.text.usart_interrupt_flag_get)
    [Anonymous Symbol]                       0x0800230e   Section        0  gd32e23x_usart.o(.text.usart_parity_config)
    [Anonymous Symbol]                       0x08002338   Section        0  gd32e23x_usart.o(.text.usart_receive_config)
    [Anonymous Symbol]                       0x08002356   Section        0  gd32e23x_usart.o(.text.usart_stop_bit_set)
    [Anonymous Symbol]                       0x08002380   Section        0  gd32e23x_usart.o(.text.usart_transmit_config)
    [Anonymous Symbol]                       0x0800239e   Section        0  gd32e23x_usart.o(.text.usart_word_length_set)
    i.__0printf                              0x080023c8   Section        0  printfa.o(i.__0printf)
    i.__ARM_clz                              0x080023e8   Section        0  depilogue.o(i.__ARM_clz)
    i.__scatterload_copy                     0x08002416   Section       14  handlers.o(i.__scatterload_copy)
    i.__scatterload_null                     0x08002424   Section        2  handlers.o(i.__scatterload_null)
    i.__scatterload_zeroinit                 0x08002426   Section       14  handlers.o(i.__scatterload_zeroinit)
    _fp_digits                               0x08002435   Thumb Code   344  printfa.o(i._fp_digits)
    i._fp_digits                             0x08002434   Section        0  printfa.o(i._fp_digits)
    _printf_core                             0x080025a9   Thumb Code  1754  printfa.o(i._printf_core)
    i._printf_core                           0x080025a8   Section        0  printfa.o(i._printf_core)
    _printf_post_padding                     0x08002c95   Thumb Code    32  printfa.o(i._printf_post_padding)
    i._printf_post_padding                   0x08002c94   Section        0  printfa.o(i._printf_post_padding)
    _printf_pre_padding                      0x08002cb5   Thumb Code    44  printfa.o(i._printf_pre_padding)
    i._printf_pre_padding                    0x08002cb4   Section        0  printfa.o(i._printf_pre_padding)
    [Anonymous Symbol]                       0x08002ce0   Section        0  main.o(.rodata.str1.1)
    .data                                    0x20000000   Section        4  stdout.o(.data)
    EXTI4_15_IRQHandler.anticlockwiseNum     0x20000008   Data           1  ec11.o(.bss.EXTI4_15_IRQHandler.anticlockwiseNum)
    [Anonymous Symbol]                       0x20000008   Section        0  ec11.o(.bss.EXTI4_15_IRQHandler.anticlockwiseNum)
    EXTI4_15_IRQHandler.clockwiseNum         0x20000009   Data           1  ec11.o(.bss.EXTI4_15_IRQHandler.clockwiseNum)
    [Anonymous Symbol]                       0x20000009   Section        0  ec11.o(.bss.EXTI4_15_IRQHandler.clockwiseNum)
    count_1ms                                0x2000019c   Data           4  systick.o(.bss.count_1ms)
    [Anonymous Symbol]                       0x2000019c   Section        0  systick.o(.bss.count_1ms)
    count_1us                                0x200001a0   Data           4  systick.o(.bss.count_1us)
    [Anonymous Symbol]                       0x200001a0   Section        0  systick.o(.bss.count_1us)
    receive_flag                             0x200001a4   Data           1  usart.o(.bss.receive_flag)
    [Anonymous Symbol]                       0x200001a4   Section        0  usart.o(.bss.receive_flag)
    rx_count                                 0x200001a5   Data           1  usart.o(.bss.rx_count)
    [Anonymous Symbol]                       0x200001a5   Section        0  usart.o(.bss.rx_count)
    rxbuffer                                 0x200001a6   Data         256  usart.o(.bss.rxbuffer)
    [Anonymous Symbol]                       0x200001a6   Section        0  usart.o(.bss.rxbuffer)
    STACK                                    0x200002a8   Section     1024  startup_gd32e23x.o(STACK)

    Global Symbols

    Symbol Name                              Value     Ov Type        Size  Object(Section)

    BuildAttributes$$THM_ISAv3M$S$8M$PE$A:L22$X:L11$S22$IEEE1$IW$~IW$USESV6$~STKCKD$USESV7$~SHL$OTIME$ROPI$EBA8$MICROLIB$REQ8$PRES8$EABIv2 0x00000000   Number         0  anon$$obj.o ABSOLUTE
    __cpp_initialize__aeabi_                  - Undefined Weak Reference
    __cxa_finalize                            - Undefined Weak Reference
    __decompress                              - Undefined Weak Reference
    _clock_init                               - Undefined Weak Reference
    _microlib_exit                            - Undefined Weak Reference
    __Vectors_Size                           0x000000cc   Number         0  startup_gd32e23x.o ABSOLUTE
    __Vectors                                0x08000000   Data           4  startup_gd32e23x.o(RESET)
    __Vectors_End                            0x080000cc   Data           0  startup_gd32e23x.o(RESET)
    __main                                   0x080000cd   Thumb Code     0  entry.o(.ARM.Collect$$$$00000000)
    _main_stk                                0x080000cd   Thumb Code     0  entry2.o(.ARM.Collect$$$$00000001)
    _main_scatterload                        0x080000d1   Thumb Code     0  entry5.o(.ARM.Collect$$$$00000004)
    __main_after_scatterload                 0x080000d5   Thumb Code     0  entry5.o(.ARM.Collect$$$$00000004)
    _main_clock                              0x080000d5   Thumb Code     0  entry7b.o(.ARM.Collect$$$$00000008)
    _main_cpp_init                           0x080000d5   Thumb Code     0  entry8b.o(.ARM.Collect$$$$0000000A)
    _main_init                               0x080000d5   Thumb Code     0  entry9a.o(.ARM.Collect$$$$0000000B)
    __rt_final_cpp                           0x080000dd   Thumb Code     0  entry10a.o(.ARM.Collect$$$$0000000D)
    __rt_final_exit                          0x080000dd   Thumb Code     0  entry11a.o(.ARM.Collect$$$$0000000F)
    Reset_Handler                            0x080000e1   Thumb Code     8  startup_gd32e23x.o(.text)
    ADC_CMP_IRQHandler                       0x080000f3   Thumb Code     0  startup_gd32e23x.o(.text)
    DMA_Channel0_IRQHandler                  0x080000f3   Thumb Code     0  startup_gd32e23x.o(.text)
    DMA_Channel1_2_IRQHandler                0x080000f3   Thumb Code     0  startup_gd32e23x.o(.text)
    DMA_Channel3_4_IRQHandler                0x080000f3   Thumb Code     0  startup_gd32e23x.o(.text)
    EXTI0_1_IRQHandler                       0x080000f3   Thumb Code     0  startup_gd32e23x.o(.text)
    EXTI2_3_IRQHandler                       0x080000f3   Thumb Code     0  startup_gd32e23x.o(.text)
    FMC_IRQHandler                           0x080000f3   Thumb Code     0  startup_gd32e23x.o(.text)
    I2C0_ER_IRQHandler                       0x080000f3   Thumb Code     0  startup_gd32e23x.o(.text)
    I2C0_EV_IRQHandler                       0x080000f3   Thumb Code     0  startup_gd32e23x.o(.text)
    I2C1_ER_IRQHandler                       0x080000f3   Thumb Code     0  startup_gd32e23x.o(.text)
    I2C1_EV_IRQHandler                       0x080000f3   Thumb Code     0  startup_gd32e23x.o(.text)
    LVD_IRQHandler                           0x080000f3   Thumb Code     0  startup_gd32e23x.o(.text)
    RCU_IRQHandler                           0x080000f3   Thumb Code     0  startup_gd32e23x.o(.text)
    RTC_IRQHandler                           0x080000f3   Thumb Code     0  startup_gd32e23x.o(.text)
    SPI0_IRQHandler                          0x080000f3   Thumb Code     0  startup_gd32e23x.o(.text)
    SPI1_IRQHandler                          0x080000f3   Thumb Code     0  startup_gd32e23x.o(.text)
    TIMER0_BRK_UP_TRG_COM_IRQHandler         0x080000f3   Thumb Code     0  startup_gd32e23x.o(.text)
    TIMER0_Channel_IRQHandler                0x080000f3   Thumb Code     0  startup_gd32e23x.o(.text)
    TIMER13_IRQHandler                       0x080000f3   Thumb Code     0  startup_gd32e23x.o(.text)
    TIMER14_IRQHandler                       0x080000f3   Thumb Code     0  startup_gd32e23x.o(.text)
    TIMER15_IRQHandler                       0x080000f3   Thumb Code     0  startup_gd32e23x.o(.text)
    TIMER16_IRQHandler                       0x080000f3   Thumb Code     0  startup_gd32e23x.o(.text)
    TIMER2_IRQHandler                        0x080000f3   Thumb Code     0  startup_gd32e23x.o(.text)
    TIMER5_IRQHandler                        0x080000f3   Thumb Code     0  startup_gd32e23x.o(.text)
    USART1_IRQHandler                        0x080000f3   Thumb Code     0  startup_gd32e23x.o(.text)
    WWDGT_IRQHandler                         0x080000f3   Thumb Code     0  startup_gd32e23x.o(.text)
    __aeabi_fmul                             0x080000fd   Thumb Code   122  fmul.o(.text)
    __aeabi_fdiv                             0x08000177   Thumb Code   124  fdiv.o(.text)
    __aeabi_i2f                              0x080001f3   Thumb Code    22  fflti.o(.text)
    __aeabi_ui2f                             0x08000209   Thumb Code    14  ffltui.o(.text)
    __aeabi_f2iz                             0x08000217   Thumb Code    50  ffixi.o(.text)
    __aeabi_f2uiz                            0x08000249   Thumb Code    40  ffixui.o(.text)
    __aeabi_f2d                              0x08000271   Thumb Code    40  f2d.o(.text)
    __aeabi_uldivmod                         0x08000299   Thumb Code    96  uldiv.o(.text)
    __I$use$fp                               0x080002f9   Thumb Code     0  iusefp.o(.text)
    _float_round                             0x080002f9   Thumb Code    16  fepilogue.o(.text)
    _float_epilogue                          0x08000309   Thumb Code   114  fepilogue.o(.text)
    __aeabi_dadd                             0x0800037d   Thumb Code   328  dadd.o(.text)
    __aeabi_dsub                             0x080004c5   Thumb Code    12  dadd.o(.text)
    __aeabi_drsub                            0x080004d1   Thumb Code    12  dadd.o(.text)
    __aeabi_dmul                             0x080004e1   Thumb Code   202  dmul.o(.text)
    __aeabi_ddiv                             0x080005b1   Thumb Code   234  ddiv.o(.text)
    __aeabi_d2ulz                            0x080006a1   Thumb Code    54  dfixul.o(.text)
    __aeabi_cdrcmple                         0x080006e1   Thumb Code    38  cdrcmple.o(.text)
    __scatterload                            0x08000709   Thumb Code    38  init.o(.text)
    __scatterload_rt2                        0x08000709   Thumb Code     0  init.o(.text)
    __aeabi_uidiv$div0                       0x08000739   Thumb Code     0  uidiv_div0.o(.text)
    __aeabi_uidivmod                         0x08000739   Thumb Code    62  uidiv_div0.o(.text)
    __aeabi_llsl                             0x08000777   Thumb Code    32  llshl.o(.text)
    _ll_shift_l                              0x08000777   Thumb Code     0  llshl.o(.text)
    __aeabi_llsr                             0x08000797   Thumb Code    34  llushr.o(.text)
    _ll_ushift_r                             0x08000797   Thumb Code     0  llushr.o(.text)
    __aeabi_lasr                             0x080007b9   Thumb Code    38  llsshr.o(.text)
    _ll_sshift_r                             0x080007b9   Thumb Code     0  llsshr.o(.text)
    _double_round                            0x080007df   Thumb Code    26  depilogue.o(.text)
    _double_epilogue                         0x080007f9   Thumb Code   164  depilogue.o(.text)
    ADC_Config                               0x0800089d   Thumb Code    92  adc.o(.text.ADC_Config)
    CLose_LED                                0x080008fd   Thumb Code    60  led.o(.text.CLose_LED)
    EXTI4_15_IRQHandler                      0x08000939   Thumb Code   168  ec11.o(.text.EXTI4_15_IRQHandler)
    Get_ADC_Value                            0x080009e9   Thumb Code    62  adc.o(.text.Get_ADC_Value)
    HardFault_Handler                        0x08000a27   Thumb Code     4  gd32e23x_it.o(.text.HardFault_Handler)
    Init_EC11_EXITGPIO                       0x08000a2d   Thumb Code    72  ec11.o(.text.Init_EC11_EXITGPIO)
    Init_EC11_GPIO                           0x08000a75   Thumb Code    24  ec11.o(.text.Init_EC11_GPIO)
    Init_Key_GPIO                            0x08000a8d   Thumb Code    24  key.o(.text.Init_Key_GPIO)
    Init_LED_GPIO                            0x08000aad   Thumb Code    92  led.o(.text.Init_LED_GPIO)
    Init_USART                               0x08000b0d   Thumb Code   212  usart.o(.text.Init_USART)
    Init_USART0RecDMA                        0x08000bed   Thumb Code    88  usart.o(.text.Init_USART0RecDMA)
    NMI_Handler                              0x08000c4d   Thumb Code     2  gd32e23x_it.o(.text.NMI_Handler)
    Open_LED                                 0x08000c51   Thumb Code    60  led.o(.text.Open_LED)
    PendSV_Handler                           0x08000c91   Thumb Code     2  gd32e23x_it.o(.text.PendSV_Handler)
    SVC_Handler                              0x08000c93   Thumb Code     2  gd32e23x_it.o(.text.SVC_Handler)
    SysTick_Handler                          0x08000c95   Thumb Code     2  gd32e23x_it.o(.text.SysTick_Handler)
    SystemInit                               0x08000c99   Thumb Code   216  system_gd32e23x.o(.text.SystemInit)
    USART0_IRQHandler                        0x08000d95   Thumb Code    80  usart.o(.text.USART0_IRQHandler)
    adc_calibration_enable                   0x08000ead   Thumb Code    56  gd32e23x_adc.o(.text.adc_calibration_enable)
    adc_channel_length_config                0x08000ee5   Thumb Code    96  gd32e23x_adc.o(.text.adc_channel_length_config)
    adc_data_alignment_config                0x08000f4d   Thumb Code    44  gd32e23x_adc.o(.text.adc_data_alignment_config)
    adc_enable                               0x08000f79   Thumb Code    24  gd32e23x_adc.o(.text.adc_enable)
    adc_external_trigger_config              0x08000f91   Thumb Code   124  gd32e23x_adc.o(.text.adc_external_trigger_config)
    adc_external_trigger_source_config       0x0800100d   Thumb Code    80  gd32e23x_adc.o(.text.adc_external_trigger_source_config)
    adc_flag_get                             0x0800105d   Thumb Code    40  gd32e23x_adc.o(.text.adc_flag_get)
    adc_regular_channel_config               0x08001089   Thumb Code   328  gd32e23x_adc.o(.text.adc_regular_channel_config)
    adc_regular_data_read                    0x080011e5   Thumb Code     8  gd32e23x_adc.o(.text.adc_regular_data_read)
    adc_software_trigger_enable              0x080011f1   Thumb Code    60  gd32e23x_adc.o(.text.adc_software_trigger_enable)
    delay_1ms                                0x08001231   Thumb Code   112  systick.o(.text.delay_1ms)
    delay_1us                                0x080012a5   Thumb Code   112  systick.o(.text.delay_1us)
    dma_channel_disable                      0x08001325   Thumb Code    28  gd32e23x_dma.o(.text.dma_channel_disable)
    dma_channel_enable                       0x08001341   Thumb Code    28  gd32e23x_dma.o(.text.dma_channel_enable)
    dma_circulation_disable                  0x0800135d   Thumb Code    28  gd32e23x_dma.o(.text.dma_circulation_disable)
    dma_deinit                               0x08001379   Thumb Code    88  gd32e23x_dma.o(.text.dma_deinit)
    dma_init                                 0x080013d5   Thumb Code   268  gd32e23x_dma.o(.text.dma_init)
    dma_transfer_number_config               0x080014ed   Thumb Code    32  gd32e23x_dma.o(.text.dma_transfer_number_config)
    dma_transfer_number_get                  0x0800150d   Thumb Code    24  gd32e23x_dma.o(.text.dma_transfer_number_get)
    exti_init                                0x08001529   Thumb Code   208  gd32e23x_exti.o(.text.exti_init)
    exti_interrupt_flag_clear                0x08001609   Thumb Code    16  gd32e23x_exti.o(.text.exti_interrupt_flag_clear)
    exti_interrupt_flag_get                  0x08001619   Thumb Code    40  gd32e23x_exti.o(.text.exti_interrupt_flag_get)
    fputc                                    0x08001645   Thumb Code    40  usart.o(.text.fputc)
    gpio_af_set                              0x08001675   Thumb Code   192  gd32e23x_gpio.o(.text.gpio_af_set)
    gpio_bit_reset                           0x08001735   Thumb Code    16  gd32e23x_gpio.o(.text.gpio_bit_reset)
    gpio_bit_set                             0x08001745   Thumb Code    16  gd32e23x_gpio.o(.text.gpio_bit_set)
    gpio_input_bit_get                       0x08001755   Thumb Code    42  gd32e23x_gpio.o(.text.gpio_input_bit_get)
    gpio_mode_set                            0x0800177f   Thumb Code   142  gd32e23x_gpio.o(.text.gpio_mode_set)
    gpio_output_options_set                  0x0800180d   Thumb Code   138  gd32e23x_gpio.o(.text.gpio_output_options_set)
    main                                     0x08001899   Thumb Code   176  main.o(.text.main)
    nvic_irq_enable                          0x08001959   Thumb Code    44  gd32e23x_misc.o(.text.nvic_irq_enable)
    nvic_vector_table_set                    0x08001985   Thumb Code    28  gd32e23x_misc.o(.text.nvic_vector_table_set)
    rcu_adc_clock_config                     0x080019a9   Thumb Code   384  gd32e23x_rcu.o(.text.rcu_adc_clock_config)
    rcu_clock_freq_get                       0x08001b35   Thumb Code   724  gd32e23x_rcu.o(.text.rcu_clock_freq_get)
    rcu_periph_clock_enable                  0x08001e2d   Thumb Code    36  gd32e23x_rcu.o(.text.rcu_periph_clock_enable)
    rcu_periph_reset_disable                 0x08001e51   Thumb Code    36  gd32e23x_rcu.o(.text.rcu_periph_reset_disable)
    rcu_periph_reset_enable                  0x08001e75   Thumb Code    36  gd32e23x_rcu.o(.text.rcu_periph_reset_enable)
    syscfg_exti_line_config                  0x08001e99   Thumb Code   164  gd32e23x_syscfg.o(.text.syscfg_exti_line_config)
    systick_clksource_set                    0x08002039   Thumb Code    40  gd32e23x_misc.o(.text.systick_clksource_set)
    systick_config                           0x08002065   Thumb Code    44  systick.o(.text.systick_config)
    usart_baudrate_set                       0x080020a5   Thumb Code   172  gd32e23x_usart.o(.text.usart_baudrate_set)
    usart_data_transmit                      0x08002155   Thumb Code    20  gd32e23x_usart.o(.text.usart_data_transmit)
    usart_deinit                             0x0800216d   Thumb Code    68  gd32e23x_usart.o(.text.usart_deinit)
    usart_dma_receive_config                 0x080021c1   Thumb Code    30  gd32e23x_usart.o(.text.usart_dma_receive_config)
    usart_enable                             0x080021df   Thumb Code    18  gd32e23x_usart.o(.text.usart_enable)
    usart_flag_clear                         0x080021f1   Thumb Code    30  gd32e23x_usart.o(.text.usart_flag_clear)
    usart_flag_get                           0x0800220f   Thumb Code    60  gd32e23x_usart.o(.text.usart_flag_get)
    usart_interrupt_enable                   0x0800224b   Thumb Code    34  gd32e23x_usart.o(.text.usart_interrupt_enable)
    usart_interrupt_flag_clear               0x0800226d   Thumb Code    60  gd32e23x_usart.o(.text.usart_interrupt_flag_clear)
    usart_interrupt_flag_get                 0x080022ad   Thumb Code    98  gd32e23x_usart.o(.text.usart_interrupt_flag_get)
    usart_parity_config                      0x0800230f   Thumb Code    42  gd32e23x_usart.o(.text.usart_parity_config)
    usart_receive_config                     0x08002339   Thumb Code    30  gd32e23x_usart.o(.text.usart_receive_config)
    usart_stop_bit_set                       0x08002357   Thumb Code    42  gd32e23x_usart.o(.text.usart_stop_bit_set)
    usart_transmit_config                    0x08002381   Thumb Code    30  gd32e23x_usart.o(.text.usart_transmit_config)
    usart_word_length_set                    0x0800239f   Thumb Code    42  gd32e23x_usart.o(.text.usart_word_length_set)
    __0printf                                0x080023c9   Thumb Code    24  printfa.o(i.__0printf)
    __1printf                                0x080023c9   Thumb Code     0  printfa.o(i.__0printf)
    __2printf                                0x080023c9   Thumb Code     0  printfa.o(i.__0printf)
    __c89printf                              0x080023c9   Thumb Code     0  printfa.o(i.__0printf)
    printf                                   0x080023c9   Thumb Code     0  printfa.o(i.__0printf)
    __ARM_clz                                0x080023e9   Thumb Code    46  depilogue.o(i.__ARM_clz)
    __scatterload_copy                       0x08002417   Thumb Code    14  handlers.o(i.__scatterload_copy)
    __scatterload_null                       0x08002425   Thumb Code     2  handlers.o(i.__scatterload_null)
    __scatterload_zeroinit                   0x08002427   Thumb Code    14  handlers.o(i.__scatterload_zeroinit)
    Region$$Table$$Base                      0x08002cec   Number         0  anon$$obj.o(Region$$Table)
    Region$$Table$$Limit                     0x08002d0c   Number         0  anon$$obj.o(Region$$Table)
    __stdout                                 0x20000000   Data           4  stdout.o(.data)
    SystemCoreClock                          0x20000004   Data           4  system_gd32e23x.o(.data.SystemCoreClock)
    adcData                                  0x2000000c   Data         400  main.o(.bss.adcData)
    __initial_sp                             0x200006a8   Data           0  startup_gd32e23x.o(STACK)



==============================================================================

Memory Map of the image

  Image Entry point : 0x080000cd

  Load Region LR_IROM1 (Base: 0x08000000, Size: 0x00002d18, Max: 0x00010000, ABSOLUTE)

    Execution Region ER_IROM1 (Exec base: 0x08000000, Load base: 0x08000000, Size: 0x00002d0c, Max: 0x00010000, ABSOLUTE)

    Exec Addr    Load Addr    Size         Type   Attr      Idx    E Section Name        Object

    0x08000000   0x08000000   0x000000cc   Data   RO         1182    RESET               startup_gd32e23x.o
    0x080000cc   0x080000cc   0x00000000   Code   RO         1264  * .ARM.Collect$$$$00000000  mc_p.l(entry.o)
    0x080000cc   0x080000cc   0x00000004   Code   RO         1311    .ARM.Collect$$$$00000001  mc_p.l(entry2.o)
    0x080000d0   0x080000d0   0x00000004   Code   RO         1314    .ARM.Collect$$$$00000004  mc_p.l(entry5.o)
    0x080000d4   0x080000d4   0x00000000   Code   RO         1316    .ARM.Collect$$$$00000008  mc_p.l(entry7b.o)
    0x080000d4   0x080000d4   0x00000000   Code   RO         1318    .ARM.Collect$$$$0000000A  mc_p.l(entry8b.o)
    0x080000d4   0x080000d4   0x00000008   Code   RO         1319    .ARM.Collect$$$$0000000B  mc_p.l(entry9a.o)
    0x080000dc   0x080000dc   0x00000000   Code   RO         1321    .ARM.Collect$$$$0000000D  mc_p.l(entry10a.o)
    0x080000dc   0x080000dc   0x00000000   Code   RO         1323    .ARM.Collect$$$$0000000F  mc_p.l(entry11a.o)
    0x080000dc   0x080000dc   0x00000004   Code   RO         1312    .ARM.Collect$$$$00002712  mc_p.l(entry2.o)
    0x080000e0   0x080000e0   0x0000001c   Code   RO         1183    .text               startup_gd32e23x.o
    0x080000fc   0x080000fc   0x0000007a   Code   RO         1297    .text               mf_p.l(fmul.o)
    0x08000176   0x08000176   0x0000007c   Code   RO         1299    .text               mf_p.l(fdiv.o)
    0x080001f2   0x080001f2   0x00000016   Code   RO         1301    .text               mf_p.l(fflti.o)
    0x08000208   0x08000208   0x0000000e   Code   RO         1303    .text               mf_p.l(ffltui.o)
    0x08000216   0x08000216   0x00000032   Code   RO         1305    .text               mf_p.l(ffixi.o)
    0x08000248   0x08000248   0x00000028   Code   RO         1307    .text               mf_p.l(ffixui.o)
    0x08000270   0x08000270   0x00000028   Code   RO         1309    .text               mf_p.l(f2d.o)
    0x08000298   0x08000298   0x00000060   Code   RO         1330    .text               mc_p.l(uldiv.o)
    0x080002f8   0x080002f8   0x00000000   Code   RO         1332    .text               mc_p.l(iusefp.o)
    0x080002f8   0x080002f8   0x00000082   Code   RO         1333    .text               mf_p.l(fepilogue.o)
    0x0800037a   0x0800037a   0x00000002   PAD
    0x0800037c   0x0800037c   0x00000164   Code   RO         1335    .text               mf_p.l(dadd.o)
    0x080004e0   0x080004e0   0x000000d0   Code   RO         1337    .text               mf_p.l(dmul.o)
    0x080005b0   0x080005b0   0x000000f0   Code   RO         1339    .text               mf_p.l(ddiv.o)
    0x080006a0   0x080006a0   0x00000040   Code   RO         1341    .text               mf_p.l(dfixul.o)
    0x080006e0   0x080006e0   0x00000028   Code   RO         1343    .text               mf_p.l(cdrcmple.o)
    0x08000708   0x08000708   0x00000030   Code   RO         1345    .text               mc_p.l(init.o)
    0x08000738   0x08000738   0x0000003e   Code   RO         1349    .text               mc_p.l(uidiv_div0.o)
    0x08000776   0x08000776   0x00000020   Code   RO         1355    .text               mc_p.l(llshl.o)
    0x08000796   0x08000796   0x00000022   Code   RO         1357    .text               mc_p.l(llushr.o)
    0x080007b8   0x080007b8   0x00000026   Code   RO         1359    .text               mc_p.l(llsshr.o)
    0x080007de   0x080007de   0x000000be   Code   RO         1361    .text               mf_p.l(depilogue.o)
    0x0800089c   0x0800089c   0x00000060   Code   RO         1254    .text.ADC_Config    adc.o
    0x080008fc   0x080008fc   0x0000003c   Code   RO         1192    .text.CLose_LED     led.o
    0x08000938   0x08000938   0x000000b0   Code   RO         1243    .text.EXTI4_15_IRQHandler  ec11.o
    0x080009e8   0x080009e8   0x0000003e   Code   RO         1256    .text.Get_ADC_Value  adc.o
    0x08000a26   0x08000a26   0x00000004   Code   RO            4    .text.HardFault_Handler  gd32e23x_it.o
    0x08000a2a   0x08000a2a   0x00000002   PAD
    0x08000a2c   0x08000a2c   0x00000048   Code   RO         1241    .text.Init_EC11_EXITGPIO  ec11.o
    0x08000a74   0x08000a74   0x00000018   Code   RO         1239    .text.Init_EC11_GPIO  ec11.o
    0x08000a8c   0x08000a8c   0x00000020   Code   RO         1203    .text.Init_Key_GPIO  key.o
    0x08000aac   0x08000aac   0x00000060   Code   RO         1190    .text.Init_LED_GPIO  led.o
    0x08000b0c   0x08000b0c   0x000000e0   Code   RO         1216    .text.Init_USART    usart.o
    0x08000bec   0x08000bec   0x00000060   Code   RO         1218    .text.Init_USART0RecDMA  usart.o
    0x08000c4c   0x08000c4c   0x00000002   Code   RO            2    .text.NMI_Handler   gd32e23x_it.o
    0x08000c4e   0x08000c4e   0x00000002   PAD
    0x08000c50   0x08000c50   0x00000040   Code   RO         1194    .text.Open_LED      led.o
    0x08000c90   0x08000c90   0x00000002   Code   RO            8    .text.PendSV_Handler  gd32e23x_it.o
    0x08000c92   0x08000c92   0x00000002   Code   RO            6    .text.SVC_Handler   gd32e23x_it.o
    0x08000c94   0x08000c94   0x00000002   Code   RO           10    .text.SysTick_Handler  gd32e23x_it.o
    0x08000c96   0x08000c96   0x00000002   PAD
    0x08000c98   0x08000c98   0x000000fc   Code   RO         1164    .text.SystemInit    system_gd32e23x.o
    0x08000d94   0x08000d94   0x00000060   Code   RO         1224    .text.USART0_IRQHandler  usart.o
    0x08000df4   0x08000df4   0x00000034   Code   RO          503    .text.__NVIC_EnableIRQ  gd32e23x_misc.o
    0x08000e28   0x08000e28   0x00000084   Code   RO          501    .text.__NVIC_SetPriority  gd32e23x_misc.o
    0x08000eac   0x08000eac   0x00000038   Code   RO           55    .text.adc_calibration_enable  gd32e23x_adc.o
    0x08000ee4   0x08000ee4   0x00000068   Code   RO           71    .text.adc_channel_length_config  gd32e23x_adc.o
    0x08000f4c   0x08000f4c   0x0000002c   Code   RO           69    .text.adc_data_alignment_config  gd32e23x_adc.o
    0x08000f78   0x08000f78   0x00000018   Code   RO           51    .text.adc_enable    gd32e23x_adc.o
    0x08000f90   0x08000f90   0x0000007c   Code   RO           79    .text.adc_external_trigger_config  gd32e23x_adc.o
    0x0800100c   0x0800100c   0x00000050   Code   RO           81    .text.adc_external_trigger_source_config  gd32e23x_adc.o
    0x0800105c   0x0800105c   0x0000002c   Code   RO           89    .text.adc_flag_get  gd32e23x_adc.o
    0x08001088   0x08001088   0x0000015c   Code   RO           73    .text.adc_regular_channel_config  gd32e23x_adc.o
    0x080011e4   0x080011e4   0x0000000c   Code   RO           85    .text.adc_regular_data_read  gd32e23x_adc.o
    0x080011f0   0x080011f0   0x00000040   Code   RO           83    .text.adc_software_trigger_enable  gd32e23x_adc.o
    0x08001230   0x08001230   0x00000074   Code   RO           36    .text.delay_1ms     systick.o
    0x080012a4   0x080012a4   0x00000080   Code   RO           32    .text.delay_1us     systick.o
    0x08001324   0x08001324   0x0000001c   Code   RO          207    .text.dma_channel_disable  gd32e23x_dma.o
    0x08001340   0x08001340   0x0000001c   Code   RO          217    .text.dma_channel_enable  gd32e23x_dma.o
    0x0800135c   0x0800135c   0x0000001c   Code   RO          211    .text.dma_circulation_disable  gd32e23x_dma.o
    0x08001378   0x08001378   0x0000005c   Code   RO          201    .text.dma_deinit    gd32e23x_dma.o
    0x080013d4   0x080013d4   0x00000118   Code   RO          205    .text.dma_init      gd32e23x_dma.o
    0x080014ec   0x080014ec   0x00000020   Code   RO          223    .text.dma_transfer_number_config  gd32e23x_dma.o
    0x0800150c   0x0800150c   0x0000001c   Code   RO          225    .text.dma_transfer_number_get  gd32e23x_dma.o
    0x08001528   0x08001528   0x000000e0   Code   RO          264    .text.exti_init     gd32e23x_exti.o
    0x08001608   0x08001608   0x00000010   Code   RO          284    .text.exti_interrupt_flag_clear  gd32e23x_exti.o
    0x08001618   0x08001618   0x0000002c   Code   RO          282    .text.exti_interrupt_flag_get  gd32e23x_exti.o
    0x08001644   0x08001644   0x00000030   Code   RO         1222    .text.fputc         usart.o
    0x08001674   0x08001674   0x000000c0   Code   RO          407    .text.gpio_af_set   gd32e23x_gpio.o
    0x08001734   0x08001734   0x00000010   Code   RO          393    .text.gpio_bit_reset  gd32e23x_gpio.o
    0x08001744   0x08001744   0x00000010   Code   RO          391    .text.gpio_bit_set  gd32e23x_gpio.o
    0x08001754   0x08001754   0x0000002a   Code   RO          399    .text.gpio_input_bit_get  gd32e23x_gpio.o
    0x0800177e   0x0800177e   0x0000008e   Code   RO          387    .text.gpio_mode_set  gd32e23x_gpio.o
    0x0800180c   0x0800180c   0x0000008a   Code   RO          389    .text.gpio_output_options_set  gd32e23x_gpio.o
    0x08001896   0x08001896   0x00000002   PAD
    0x08001898   0x08001898   0x000000c0   Code   RO           19    .text.main          main.o
    0x08001958   0x08001958   0x0000002c   Code   RO          499    .text.nvic_irq_enable  gd32e23x_misc.o
    0x08001984   0x08001984   0x00000024   Code   RO          513    .text.nvic_vector_table_set  gd32e23x_misc.o
    0x080019a8   0x080019a8   0x0000018c   Code   RO          589    .text.rcu_adc_clock_config  gd32e23x_rcu.o
    0x08001b34   0x08001b34   0x000002f8   Code   RO          627    .text.rcu_clock_freq_get  gd32e23x_rcu.o
    0x08001e2c   0x08001e2c   0x00000024   Code   RO          563    .text.rcu_periph_clock_enable  gd32e23x_rcu.o
    0x08001e50   0x08001e50   0x00000024   Code   RO          573    .text.rcu_periph_reset_disable  gd32e23x_rcu.o
    0x08001e74   0x08001e74   0x00000024   Code   RO          571    .text.rcu_periph_reset_enable  gd32e23x_rcu.o
    0x08001e98   0x08001e98   0x000000b4   Code   RO          824    .text.syscfg_exti_line_config  gd32e23x_syscfg.o
    0x08001f4c   0x08001f4c   0x000000e4   Code   RO         1170    .text.system_clock_72m_hxtal  system_gd32e23x.o
    0x08002030   0x08002030   0x00000008   Code   RO         1166    .text.system_clock_config  system_gd32e23x.o
    0x08002038   0x08002038   0x0000002c   Code   RO          519    .text.systick_clksource_set  gd32e23x_misc.o
    0x08002064   0x08002064   0x00000040   Code   RO           30    .text.systick_config  systick.o
    0x080020a4   0x080020a4   0x000000b0   Code   RO          996    .text.usart_baudrate_set  gd32e23x_usart.o
    0x08002154   0x08002154   0x00000018   Code   RO         1030    .text.usart_data_transmit  gd32e23x_usart.o
    0x0800216c   0x0800216c   0x00000054   Code   RO          994    .text.usart_deinit  gd32e23x_usart.o
    0x080021c0   0x080021c0   0x0000001e   Code   RO         1102    .text.usart_dma_receive_config  gd32e23x_usart.o
    0x080021de   0x080021de   0x00000012   Code   RO         1004    .text.usart_enable  gd32e23x_usart.o
    0x080021f0   0x080021f0   0x0000001e   Code   RO         1124    .text.usart_flag_clear  gd32e23x_usart.o
    0x0800220e   0x0800220e   0x0000003c   Code   RO         1122    .text.usart_flag_get  gd32e23x_usart.o
    0x0800224a   0x0800224a   0x00000022   Code   RO         1126    .text.usart_interrupt_enable  gd32e23x_usart.o
    0x0800226c   0x0800226c   0x00000040   Code   RO         1134    .text.usart_interrupt_flag_clear  gd32e23x_usart.o
    0x080022ac   0x080022ac   0x00000062   Code   RO         1132    .text.usart_interrupt_flag_get  gd32e23x_usart.o
    0x0800230e   0x0800230e   0x0000002a   Code   RO          998    .text.usart_parity_config  gd32e23x_usart.o
    0x08002338   0x08002338   0x0000001e   Code   RO         1010    .text.usart_receive_config  gd32e23x_usart.o
    0x08002356   0x08002356   0x0000002a   Code   RO         1002    .text.usart_stop_bit_set  gd32e23x_usart.o
    0x08002380   0x08002380   0x0000001e   Code   RO         1008    .text.usart_transmit_config  gd32e23x_usart.o
    0x0800239e   0x0800239e   0x0000002a   Code   RO         1000    .text.usart_word_length_set  gd32e23x_usart.o
    0x080023c8   0x080023c8   0x00000020   Code   RO         1270    i.__0printf         mc_p.l(printfa.o)
    0x080023e8   0x080023e8   0x0000002e   Code   RO         1363    i.__ARM_clz         mf_p.l(depilogue.o)
    0x08002416   0x08002416   0x0000000e   Code   RO         1367    i.__scatterload_copy  mc_p.l(handlers.o)
    0x08002424   0x08002424   0x00000002   Code   RO         1368    i.__scatterload_null  mc_p.l(handlers.o)
    0x08002426   0x08002426   0x0000000e   Code   RO         1369    i.__scatterload_zeroinit  mc_p.l(handlers.o)
    0x08002434   0x08002434   0x00000174   Code   RO         1277    i._fp_digits        mc_p.l(printfa.o)
    0x080025a8   0x080025a8   0x000006ec   Code   RO         1278    i._printf_core      mc_p.l(printfa.o)
    0x08002c94   0x08002c94   0x00000020   Code   RO         1279    i._printf_post_padding  mc_p.l(printfa.o)
    0x08002cb4   0x08002cb4   0x0000002c   Code   RO         1280    i._printf_pre_padding  mc_p.l(printfa.o)
    0x08002ce0   0x08002ce0   0x00000009   Data   RO           22    .rodata.str1.1      main.o
    0x08002ce9   0x08002ce9   0x00000003   PAD
    0x08002cec   0x08002cec   0x00000020   Data   RO         1366    Region$$Table       anon$$obj.o


    Execution Region RW_IRAM1 (Exec base: 0x20000000, Load base: 0x08002d10, Size: 0x000006a8, Max: 0x00002000, ABSOLUTE)

    Exec Addr    Load Addr    Size         Type   Attr      Idx    E Section Name        Object

    0x20000000   0x08002d10   0x00000004   Data   RW         1325    .data               mc_p.l(stdout.o)
    0x20000004   0x08002d14   0x00000004   Data   RW         1172    .data.SystemCoreClock  system_gd32e23x.o
    0x20000008        -       0x00000001   Zero   RW         1246    .bss.EXTI4_15_IRQHandler.anticlockwiseNum  ec11.o
    0x20000009        -       0x00000001   Zero   RW         1245    .bss.EXTI4_15_IRQHandler.clockwiseNum  ec11.o
    0x2000000a   0x08002d18   0x00000002   PAD
    0x2000000c        -       0x00000190   Zero   RW           21    .bss.adcData        main.o
    0x2000019c        -       0x00000004   Zero   RW           41    .bss.count_1ms      systick.o
    0x200001a0        -       0x00000004   Zero   RW           40    .bss.count_1us      systick.o
    0x200001a4        -       0x00000001   Zero   RW         1230    .bss.receive_flag   usart.o
    0x200001a5        -       0x00000001   Zero   RW         1229    .bss.rx_count       usart.o
    0x200001a6        -       0x00000100   Zero   RW         1228    .bss.rxbuffer       usart.o
    0x200002a6   0x08002d18   0x00000002   PAD
    0x200002a8        -       0x00000400   Zero   RW         1180    STACK               startup_gd32e23x.o


==============================================================================

Image component sizes


      Code (inc. data)   RO Data    RW Data    ZI Data      Debug   Object Name

       158          4          0          0          0       1813   adc.o
       272          8          0          0          2       2995   ec11.o
       900         40          0          0          0       7700   gd32e23x_adc.o
       516         20          0          0          0       5573   gd32e23x_dma.o
       284         20          0          0          0       3118   gd32e23x_exti.o
       546          0          0          0          0       4251   gd32e23x_gpio.o
        12          0          0          0          0        695   gd32e23x_it.o
       308         24          0          0          0       3884   gd32e23x_misc.o
      1264         48          0          0          0      11351   gd32e23x_rcu.o
       180         16          0          0          0       2766   gd32e23x_syscfg.o
       804         28          0          0          0      13710   gd32e23x_usart.o
        32          8          0          0          0       1780   key.o
       220          8          0          0          0       1468   led.o
       192         16          9          0        400        881   main.o
        28          8        204          0       1024        712   startup_gd32e23x.o
       488         56          0          4          0       1922   system_gd32e23x.o
       308         40          0          0          8       1762   systick.o
       464         44          0          0        258       4932   usart.o

    ----------------------------------------------------------------------
      6984        388        248          4       1696      71313   Object Totals
         0          0         32          0          0          0   (incl. Generated)
         8          0          3          0          4          0   (incl. Padding)

    ----------------------------------------------------------------------

      Code (inc. data)   RO Data    RW Data    ZI Data      Debug   Library Member Name

         0          0          0          0          0          0   entry.o
         0          0          0          0          0          0   entry10a.o
         0          0          0          0          0          0   entry11a.o
         8          4          0          0          0          0   entry2.o
         4          0          0          0          0          0   entry5.o
         0          0          0          0          0          0   entry7b.o
         0          0          0          0          0          0   entry8b.o
         8          4          0          0          0          0   entry9a.o
        30          0          0          0          0          0   handlers.o
        48         10          0          0          0         68   init.o
         0          0          0          0          0          0   iusefp.o
        32          0          0          0          0         68   llshl.o
        38          0          0          0          0         68   llsshr.o
        34          0          0          0          0         68   llushr.o
      2252         98          0          0          0        412   printfa.o
         0          0          0          4          0          0   stdout.o
        62          0          0          0          0         72   uidiv_div0.o
        96          0          0          0          0         84   uldiv.o
        40          2          0          0          0         68   cdrcmple.o
       356          4          0          0          0        140   dadd.o
       240          6          0          0          0         84   ddiv.o
       236          0          0          0          0        216   depilogue.o
        64         10          0          0          0         68   dfixul.o
       208          6          0          0          0         88   dmul.o
        40          0          0          0          0         60   f2d.o
       124          0          0          0          0         72   fdiv.o
       130          0          0          0          0        144   fepilogue.o
        50          0          0          0          0         60   ffixi.o
        40          0          0          0          0         60   ffixui.o
        22          0          0          0          0         68   fflti.o
        14          0          0          0          0         68   ffltui.o
       122          0          0          0          0         72   fmul.o

    ----------------------------------------------------------------------
      4300        144          0          4          0       2108   Library Totals
         2          0          0          0          0          0   (incl. Padding)

    ----------------------------------------------------------------------

      Code (inc. data)   RO Data    RW Data    ZI Data      Debug   Library Name

      2612        116          0          4          0        840   mc_p.l
      1686         28          0          0          0       1268   mf_p.l

    ----------------------------------------------------------------------
      4300        144          0          4          0       2108   Library Totals

    ----------------------------------------------------------------------

==============================================================================


      Code (inc. data)   RO Data    RW Data    ZI Data      Debug   

     11284        532        248          8       1696      72233   Grand Totals
     11284        532        248          8       1696      72233   ELF Image Totals
     11284        532        248          8          0          0   ROM Totals

==============================================================================

    Total RO  Size (Code + RO Data)                11532 (  11.26kB)
    Total RW  Size (RW Data + ZI Data)              1704 (   1.66kB)
    Total ROM Size (Code + RO Data + RW Data)      11540 (  11.27kB)

==============================================================================

