Component: Arm Compiler for Embedded 6.24 Tool: armlink [5f371500]

==============================================================================

Section Cross References

    gd32e23x_it.o(.ARM.exidx.text.NMI_Handler) refers to gd32e23x_it.o(.text.NMI_Handler) for [Anonymous Symbol]
    gd32e23x_it.o(.ARM.exidx.text.HardFault_Handler) refers to gd32e23x_it.o(.text.HardFault_Handler) for [Anonymous Symbol]
    gd32e23x_it.o(.ARM.exidx.text.SVC_Handler) refers to gd32e23x_it.o(.text.SVC_Handler) for [Anonymous Symbol]
    gd32e23x_it.o(.ARM.exidx.text.PendSV_Handler) refers to gd32e23x_it.o(.text.PendSV_Handler) for [Anonymous Symbol]
    gd32e23x_it.o(.ARM.exidx.text.SysTick_Handler) refers to gd32e23x_it.o(.text.SysTick_Handler) for [Anonymous Symbol]
    main.o(.text.main) refers to main.o(.text.Init_Oscilloscope) for Init_Oscilloscope
    main.o(.text.main) refers to systick.o(.text.systick_config) for systick_config
    main.o(.text.main) refers to led.o(.text.Init_LED_GPIO) for Init_LED_GPIO
    main.o(.text.main) refers to systick.o(.text.delay_1ms) for delay_1ms
    main.o(.text.main) refers to tft_init.o(.text.TFT_Init) for TFT_Init
    main.o(.text.main) refers to tft.o(.text.TFT_Fill) for TFT_Fill
    main.o(.text.main) refers to usart.o(.text.Init_USART) for Init_USART
    main.o(.text.main) refers to adc.o(.text.ADC_DMA_Init) for ADC_DMA_Init
    main.o(.text.main) refers to adc.o(.text.Init_ADC) for Init_ADC
    main.o(.text.main) refers to timer.o(.text.Init_PWM_Output) for Init_PWM_Output
    main.o(.text.main) refers to key.o(.text.Init_EC11_GPIO) for Init_EC11_GPIO
    main.o(.text.main) refers to key.o(.text.Init_Key_GPIO) for Init_Key_GPIO
    main.o(.text.main) refers to freq.o(.text.Init_FreqTimer) for Init_FreqTimer
    main.o(.text.main) refers to tft.o(.text.TFT_StaticUI) for TFT_StaticUI
    main.o(.text.main) refers to tft.o(.text.TFT_ShowUI) for TFT_ShowUI
    main.o(.text.main) refers to key.o(.text.Key_Sacnf) for Key_Sacnf
    main.o(.text.main) refers to key.o(.text.KEYD_SCAN) for KEYD_SCAN
    main.o(.text.main) refers to key.o(.text.Key_Handle) for Key_Handle
    main.o(.text.main) refers to main.o(.text.Process_Captured_Frame) for Process_Captured_Frame
    main.o(.text.main) refers to adc.o(.text.ADC_StartCapture) for ADC_StartCapture
    main.o(.text.main) refers to main.o(.bss.oscilloscope) for oscilloscope
    main.o(.ARM.exidx.text.main) refers to main.o(.text.main) for [Anonymous Symbol]
    main.o(.ARM.exidx.text.Init_Oscilloscope) refers to main.o(.text.Init_Oscilloscope) for [Anonymous Symbol]
    main.o(.text.Process_Captured_Frame) refers to adc.o(.text.Get_ADC_Value) for Get_ADC_Value
    main.o(.text.Process_Captured_Frame) refers to ffltui.o(.text) for __aeabi_ui2f
    main.o(.text.Process_Captured_Frame) refers to fmul.o(.text) for __aeabi_fmul
    main.o(.text.Process_Captured_Frame) refers to fdiv.o(.text) for __aeabi_fdiv
    main.o(.text.Process_Captured_Frame) refers to fadd.o(.text) for __aeabi_fadd
    main.o(.text.Process_Captured_Frame) refers to scope_math.o(.text.scope_analyze_frame) for scope_analyze_frame
    main.o(.text.Process_Captured_Frame) refers to scope_math.o(.text.scope_scale_to_plot) for scope_scale_to_plot
    main.o(.text.Process_Captured_Frame) refers to tft.o(.text.drawCurve) for drawCurve
    main.o(.ARM.exidx.text.Process_Captured_Frame) refers to main.o(.text.Process_Captured_Frame) for [Anonymous Symbol]
    systick.o(.text.systick_config) refers to gd32e23x_misc.o(.text.systick_clksource_set) for systick_clksource_set
    systick.o(.text.systick_config) refers to ffltui.o(.text) for __aeabi_ui2f
    systick.o(.text.systick_config) refers to fdiv.o(.text) for __aeabi_fdiv
    systick.o(.text.systick_config) refers to fmul.o(.text) for __aeabi_fmul
    systick.o(.text.systick_config) refers to system_gd32e23x.o(.data.SystemCoreClock) for SystemCoreClock
    systick.o(.text.systick_config) refers to systick.o(.bss.count_1us) for [Anonymous Symbol]
    systick.o(.text.systick_config) refers to systick.o(.bss.count_1ms) for [Anonymous Symbol]
    systick.o(.ARM.exidx.text.systick_config) refers to systick.o(.text.systick_config) for [Anonymous Symbol]
    systick.o(.text.delay_1us) refers to ffltui.o(.text) for __aeabi_ui2f
    systick.o(.text.delay_1us) refers to fmul.o(.text) for __aeabi_fmul
    systick.o(.text.delay_1us) refers to ffixui.o(.text) for __aeabi_f2uiz
    systick.o(.text.delay_1us) refers to systick.o(.bss.count_1us) for [Anonymous Symbol]
    systick.o(.ARM.exidx.text.delay_1us) refers to systick.o(.text.delay_1us) for [Anonymous Symbol]
    systick.o(.text.delay_us) refers to ffltui.o(.text) for __aeabi_ui2f
    systick.o(.text.delay_us) refers to fmul.o(.text) for __aeabi_fmul
    systick.o(.text.delay_us) refers to ffixui.o(.text) for __aeabi_f2uiz
    systick.o(.text.delay_us) refers to systick.o(.bss.count_1us) for [Anonymous Symbol]
[...]
    [Anonymous Symbol]                       0x08000db8   Section        0  key.o(.text.Init_Key_GPIO)
    __arm_cp.0_0                             0x08000e34   Number         4  key.o(.text.Init_Key_GPIO)
    __arm_cp.0_1                             0x08000e38   Number         4  key.o(.text.Init_Key_GPIO)
    __arm_cp.0_2                             0x08000e3c   Number         4  key.o(.text.Init_Key_GPIO)
    [Anonymous Symbol]                       0x08000e40   Section        0  led.o(.text.Init_LED_GPIO)
    __arm_cp.0_0                             0x08000e9c   Number         4  led.o(.text.Init_LED_GPIO)
    __arm_cp.0_1                             0x08000ea0   Number         4  led.o(.text.Init_LED_GPIO)
    Init_Oscilloscope                        0x08000ea5   Thumb Code    60  main.o(.text.Init_Oscilloscope)
    [Anonymous Symbol]                       0x08000ea4   Section        0  main.o(.text.Init_Oscilloscope)
    [Anonymous Symbol]                       0x08000ee0   Section        0  timer.o(.text.Init_PWM_Output)
    __arm_cp.0_0                             0x08000fd4   Number         4  timer.o(.text.Init_PWM_Output)
    __arm_cp.0_1                             0x08000fd8   Number         4  timer.o(.text.Init_PWM_Output)
    Init_SPI0_GPIO                           0x08000fdd   Thumb Code   128  tft_init.o(.text.Init_SPI0_GPIO)
    [Anonymous Symbol]                       0x08000fdc   Section        0  tft_init.o(.text.Init_SPI0_GPIO)
    [Anonymous Symbol]                       0x0800105c   Section        0  tft_init.o(.text.Init_SPI0_GPIO16)
    __arm_cp.0_0                             0x080010dc   Number         4  tft_init.o(.text.Init_SPI0_GPIO16)
    __arm_cp.0_1                             0x080010e0   Number         4  tft_init.o(.text.Init_SPI0_GPIO16)
    __arm_cp.0_2                             0x080010e4   Number         4  tft_init.o(.text.Init_SPI0_GPIO16)
    [Anonymous Symbol]                       0x080010e8   Section        0  usart.o(.text.Init_USART)
    __arm_cp.0_0                             0x08001194   Number         4  usart.o(.text.Init_USART)
    __arm_cp.0_1                             0x08001198   Number         4  usart.o(.text.Init_USART)
    __arm_cp.0_2                             0x0800119c   Number         4  usart.o(.text.Init_USART)
    [Anonymous Symbol]                       0x080011a0   Section        0  key.o(.text.KEYD_SCAN)
    [Anonymous Symbol]                       0x080011e8   Section        0  key.o(.text.Key_Handle)
    __arm_cp.2_1                             0x080013e4   Number         4  key.o(.text.Key_Handle)
    [Anonymous Symbol]                       0x080013e8   Section        0  key.o(.text.Key_Sacnf)
    __arm_cp.4_0                             0x08001494   Number         4  key.o(.text.Key_Sacnf)
    __arm_cp.4_1                             0x08001498   Number         4  key.o(.text.Key_Sacnf)
    __arm_cp.4_2                             0x0800149c   Number         4  key.o(.text.Key_Sacnf)
    __arm_cp.4_3                             0x080014a0   Number         4  key.o(.text.Key_Sacnf)
    [Anonymous Symbol]                       0x080014a4   Section        0  gd32e23x_it.o(.text.NMI_Handler)
    [Anonymous Symbol]                       0x080014a6   Section        0  gd32e23x_it.o(.text.PendSV_Handler)
    Process_Captured_Frame                   0x080014a9   Thumb Code   208  main.o(.text.Process_Captured_Frame)
    [Anonymous Symbol]                       0x080014a8   Section        0  main.o(.text.Process_Captured_Frame)
    __arm_cp.2_0                             0x08001578   Number         4  main.o(.text.Process_Captured_Frame)
    __arm_cp.2_1                             0x0800157c   Number         4  main.o(.text.Process_Captured_Frame)
    __arm_cp.2_2                             0x08001580   Number         4  main.o(.text.Process_Captured_Frame)
    SPI0_Write                               0x08001585   Thumb Code    40  tft_init.o(.text.SPI0_Write)
    [Anonymous Symbol]                       0x08001584   Section        0  tft_init.o(.text.SPI0_Write)
    SPI0_Write16                             0x080015ad   Thumb Code    40  tft_init.o(.text.SPI0_Write16)
    [Anonymous Symbol]                       0x080015ac   Section        0  tft_init.o(.text.SPI0_Write16)
    __arm_cp.5_0                             0x080015d4   Number         4  tft_init.o(.text.SPI0_Write16)
    [Anonymous Symbol]                       0x080015d8   Section        0  gd32e23x_it.o(.text.SVC_Handler)
    [Anonymous Symbol]                       0x080015dc   Section        0  timer.o(.text.Set_Output_Freq)
    [Anonymous Symbol]                       0x08001608   Section        0  timer.o(.text.Set_Output_PWMComparex)
    __arm_cp.1_0                             0x08001620   Number         4  timer.o(.text.Set_Output_PWMComparex)
    [Anonymous Symbol]                       0x08001624   Section        0  gd32e23x_it.o(.text.SysTick_Handler)
    [Anonymous Symbol]                       0x08001628   Section        0  system_gd32e23x.o(.text.SystemInit)
    __arm_cp.0_0                             0x08001700   Number         4  system_gd32e23x.o(.text.SystemInit)
    __arm_cp.0_1                             0x08001704   Number         4  system_gd32e23x.o(.text.SystemInit)
    __arm_cp.0_2                             0x08001708   Number         4  system_gd32e23x.o(.text.SystemInit)
    __arm_cp.0_3                             0x0800170c   Number         4  system_gd32e23x.o(.text.SystemInit)
    __arm_cp.0_4                             0x08001710   Number         4  system_gd32e23x.o(.text.SystemInit)
    __arm_cp.0_5                             0x08001714   Number         4  system_gd32e23x.o(.text.SystemInit)
    __arm_cp.0_6                             0x08001718   Number         4  system_gd32e23x.o(.text.SystemInit)
    __arm_cp.0_7                             0x0800171c   Number         4  system_gd32e23x.o(.text.SystemInit)
    __arm_cp.0_8                             0x08001720   Number         4  system_gd32e23x.o(.text.SystemInit)
    [Anonymous Symbol]                       0x08001724   Section        0  tft_init.o(.text.TFT_Address_Set16)
    [Anonymous Symbol]                       0x08001776   Section        0  tft.o(.text.TFT_DrawLine)
    [Anonymous Symbol]                       0x080018ae   Section        0  tft.o(.text.TFT_DrawPoint)
    [Anonymous Symbol]                       0x080018da   Section        0  tft.o(.text.TFT_Fill)
    TFT_GPIO_Init                            0x0800196d   Thumb Code    56  tft_init.o(.text.TFT_GPIO_Init)
    [Anonymous Symbol]                       0x0800196c   Section        0  tft_init.o(.text.TFT_GPIO_Init)
    __arm_cp.11_0                            0x080019a4   Number         4  tft_init.o(.text.TFT_GPIO_Init)
    [Anonymous Symbol]                       0x080019a8   Section        0  tft_init.o(.text.TFT_Init)
    __arm_cp.10_0                            0x08001bd4   Number         4  tft_init.o(.text.TFT_Init)
    [Anonymous Symbol]                       0x08001bd8   Section        0  tft.o(.text.TFT_ShowChar)
    __arm_cp.6_0                             0x08001db4   Number         4  tft.o(.text.TFT_ShowChar)
    __arm_cp.6_1                             0x08001db8   Number         4  tft.o(.text.TFT_ShowChar)
    __arm_cp.6_2                             0x08001dbc   Number         4  tft.o(.text.TFT_ShowChar)
    [Anonymous Symbol]                       0x08001dc0   Section        0  tft.o(.text.TFT_ShowChinese)
    [Anonymous Symbol]                       0x08001ea4   Section        0  tft.o(.text.TFT_ShowChinese12x12)
    __arm_cp.9_0                             0x0800208c   Number         4  tft.o(.text.TFT_ShowChinese12x12)
    [Anonymous Symbol]                       0x08002090   Section        0  tft.o(.text.TFT_ShowChinese16x16)
    __arm_cp.10_0                            0x08002278   Number         4  tft.o(.text.TFT_ShowChinese16x16)
    [Anonymous Symbol]                       0x0800227c   Section        0  tft.o(.text.TFT_ShowChinese24x24)
    __arm_cp.11_0                            0x08002464   Number         4  tft.o(.text.TFT_ShowChinese24x24)
    [Anonymous Symbol]                       0x08002468   Section        0  tft.o(.text.TFT_ShowString)
    [Anonymous Symbol]                       0x080024e0   Section        0  tft.o(.text.TFT_ShowUI)
    __arm_cp.13_0                            0x080026e8   Number         4  tft.o(.text.TFT_ShowUI)
    __arm_cp.13_1                            0x080026ec   Number         4  tft.o(.text.TFT_ShowUI)
    __arm_cp.13_2                            0x080026f0   Number         4  tft.o(.text.TFT_ShowUI)
    __arm_cp.13_4                            0x080026f4   Number         4  tft.o(.text.TFT_ShowUI)
    __arm_cp.13_5                            0x080026f8   Number         4  tft.o(.text.TFT_ShowUI)
    __arm_cp.13_6                            0x080026fc   Number         4  tft.o(.text.TFT_ShowUI)
    __arm_cp.13_7                            0x08002700   Number         4  tft.o(.text.TFT_ShowUI)
    __arm_cp.13_8                            0x08002704   Number         4  tft.o(.text.TFT_ShowUI)
    __arm_cp.13_9                            0x08002708   Number         4  tft.o(.text.TFT_ShowUI)
    [Anonymous Symbol]                       0x0800270c   Section        0  tft.o(.text.TFT_StaticUI)
    __arm_cp.12_0                            0x080029c0   Number         4  tft.o(.text.TFT_StaticUI)
    __arm_cp.12_1                            0x080029c4   Number         4  tft.o(.text.TFT_StaticUI)
    __arm_cp.12_2                            0x080029c8   Number         4  tft.o(.text.TFT_StaticUI)
    __arm_cp.12_3                            0x080029cc   Number         4  tft.o(.text.TFT_StaticUI)
    __arm_cp.12_4                            0x080029d0   Number         4  tft.o(.text.TFT_StaticUI)
    __arm_cp.12_5                            0x080029d4   Number         4  tft.o(.text.TFT_StaticUI)
    __arm_cp.12_6                            0x080029d8   Number         4  tft.o(.text.TFT_StaticUI)
    __arm_cp.12_7                            0x080029dc   Number         4  tft.o(.text.TFT_StaticUI)
    __arm_cp.12_8                            0x080029e0   Number         4  tft.o(.text.TFT_StaticUI)
    __arm_cp.12_9                            0x080029e4   Number         4  tft.o(.text.TFT_StaticUI)
    __arm_cp.12_10                           0x080029e8   Number         4  tft.o(.text.TFT_StaticUI)
    [Anonymous Symbol]                       0x080029ec   Section        0  tft_init.o(.text.TFT_WR_DATA16)
    [Anonymous Symbol]                       0x08002a18   Section        0  tft_init.o(.text.TFT_WR_DATA8)
    [Anonymous Symbol]                       0x08002a44   Section        0  tft_init.o(.text.TFT_WR_REG)
    [Anonymous Symbol]                       0x08002a80   Section        0  tft_init.o(.text.TFT_WR_REG16)
    __arm_cp.7_0                             0x08002abc   Number         4  tft_init.o(.text.TFT_WR_REG16)
    [Anonymous Symbol]                       0x08002ac0   Section        0  freq.o(.text.TIMER2_IRQHandler)
    __arm_cp.1_0                             0x08002bd0   Number         4  freq.o(.text.TIMER2_IRQHandler)
    __arm_cp.1_1                             0x08002bd4   Number         4  freq.o(.text.TIMER2_IRQHandler)
    __arm_cp.1_2                             0x08002bd8   Number         4  freq.o(.text.TIMER2_IRQHandler)
    __arm_cp.1_3                             0x08002bdc   Number         4  freq.o(.text.TIMER2_IRQHandler)
    __arm_cp.1_4                             0x08002be0   Number         4  freq.o(.text.TIMER2_IRQHandler)
    __arm_cp.1_5                             0x08002be4   Number         4  freq.o(.text.TIMER2_IRQHandler)
    __arm_cp.1_6                             0x08002be8   Number         4  freq.o(.text.TIMER2_IRQHandler)
    __NVIC_EnableIRQ                         0x08002bed   Thumb Code    48  gd32e23x_misc.o(.text.__NVIC_EnableIRQ)
    [Anonymous Symbol]                       0x08002bec   Section        0  gd32e23x_misc.o(.text.__NVIC_EnableIRQ)
    __arm_cp.2_0                             0x08002c1c   Number         4  gd32e23x_misc.o(.text.__NVIC_EnableIRQ)
    __NVIC_SetPriority                       0x08002c21   Thumb Code   124  gd32e23x_misc.o(.text.__NVIC_SetPriority)
    [Anonymous Symbol]                       0x08002c20   Section        0  gd32e23x_misc.o(.text.__NVIC_SetPriority)
    __arm_cp.1_0                             0x08002c9c   Number         4  gd32e23x_misc.o(.text.__NVIC_SetPriority)
    __arm_cp.1_1                             0x08002ca0   Number         4  gd32e23x_misc.o(.text.__NVIC_SetPriority)
    [Anonymous Symbol]                       0x08002ca4   Section        0  gd32e23x_adc.o(.text.adc_calibration_enable)
    [Anonymous Symbol]                       0x08002cdc   Section        0  gd32e23x_adc.o(.text.adc_channel_length_config)
    __arm_cp.11_0                            0x08002d3c   Number         4  gd32e23x_adc.o(.text.adc_channel_length_config)
    __arm_cp.11_1                            0x08002d40   Number         4  gd32e23x_adc.o(.text.adc_channel_length_config)
    [Anonymous Symbol]                       0x08002d44   Section        0  gd32e23x_adc.o(.text.adc_data_alignment_config)
    [Anonymous Symbol]                       0x08002d70   Section        0  gd32e23x_adc.o(.text.adc_dma_mode_enable)
    [Anonymous Symbol]                       0x08002d80   Section        0  gd32e23x_adc.o(.text.adc_enable)
    [Anonymous Symbol]                       0x08002d98   Section        0  gd32e23x_adc.o(.text.adc_external_trigger_config)
    [Anonymous Symbol]                       0x08002e14   Section        0  gd32e23x_adc.o(.text.adc_external_trigger_source_config)
    [Anonymous Symbol]                       0x08002e64   Section        0  gd32e23x_adc.o(.text.adc_regular_channel_config)
    __arm_cp.12_0                            0x08002fac   Number         4  gd32e23x_adc.o(.text.adc_regular_channel_config)
    __arm_cp.12_1                            0x08002fb0   Number         4  gd32e23x_adc.o(.text.adc_regular_channel_config)
    __arm_cp.12_2                            0x08002fb4   Number         4  gd32e23x_adc.o(.text.adc_regular_channel_config)
    __arm_cp.12_3                            0x08002fb8   Number         4  gd32e23x_adc.o(.text.adc_regular_channel_config)
    __arm_cp.12_4                            0x08002fbc   Number         4  gd32e23x_adc.o(.text.adc_regular_channel_config)
    [Anonymous Symbol]                       0x08002fc0   Section        0  gd32e23x_adc.o(.text.adc_software_trigger_enable)
    __arm_cp.17_0                            0x08002ffc   Number         4  gd32e23x_adc.o(.text.adc_software_trigger_enable)
    [Anonymous Symbol]                       0x08003000   Section        0  gd32e23x_adc.o(.text.adc_special_function_config)
    __arm_cp.9_0                             0x080030ac   Number         4  gd32e23x_adc.o(.text.adc_special_function_config)
    __arm_cp.9_1                             0x080030b0   Number         4  gd32e23x_adc.o(.text.adc_special_function_config)
    [Anonymous Symbol]                       0x080030b4   Section        0  systick.o(.text.delay_1ms)
    __arm_cp.3_0                             0x08003124   Number         4  systick.o(.text.delay_1ms)
    __arm_cp.3_1                             0x08003128   Number         4  systick.o(.text.delay_1ms)
    __arm_cp.3_2                             0x0800312c   Number         4  systick.o(.text.delay_1ms)
    __arm_cp.3_3                             0x08003130   Number         4  systick.o(.text.delay_1ms)
    [Anonymous Symbol]                       0x08003134   Section        0  gd32e23x_dma.o(.text.dma_channel_disable)
    [Anonymous Symbol]                       0x08003150   Section        0  gd32e23x_dma.o(.text.dma_channel_enable)
    [Anonymous Symbol]                       0x0800316c   Section        0  gd32e23x_dma.o(.text.dma_circulation_disable)
    [Anonymous Symbol]                       0x08003188   Section        0  gd32e23x_dma.o(.text.dma_deinit)
    [Anonymous Symbol]                       0x080031e0   Section        0  gd32e23x_dma.o(.text.dma_init)
    __arm_cp.2_0                             0x080032ec   Number         4  gd32e23x_dma.o(.text.dma_init)
    __arm_cp.2_1                             0x080032f0   Number         4  gd32e23x_dma.o(.text.dma_init)
    [Anonymous Symbol]                       0x080032f4   Section        0  gd32e23x_dma.o(.text.dma_interrupt_enable)
    [Anonymous Symbol]                       0x08003314   Section        0  gd32e23x_dma.o(.text.dma_interrupt_flag_clear)
    __arm_cp.24_0                            0x08003334   Number         4  gd32e23x_dma.o(.text.dma_interrupt_flag_clear)
    [Anonymous Symbol]                       0x08003338   Section        0  gd32e23x_dma.o(.text.dma_interrupt_flag_get)
    __arm_cp.23_0                            0x080033f4   Number         4  gd32e23x_dma.o(.text.dma_interrupt_flag_get)
    __arm_cp.23_1                            0x080033f8   Number         4  gd32e23x_dma.o(.text.dma_interrupt_flag_get)
    [Anonymous Symbol]                       0x080033fc   Section        0  gd32e23x_dma.o(.text.dma_transfer_number_config)
    __arm_cp.11_0                            0x0800341c   Number         4  gd32e23x_dma.o(.text.dma_transfer_number_config)
    [Anonymous Symbol]                       0x08003420   Section        0  tft.o(.text.drawCurve)
    __arm_cp.5_0                             0x08003554   Number         4  tft.o(.text.drawCurve)
    __arm_cp.5_1                             0x08003558   Number         4  tft.o(.text.drawCurve)
    __arm_cp.5_2                             0x0800355c   Number         4  tft.o(.text.drawCurve)
    [Anonymous Symbol]                       0x08003560   Section        0  gd32e23x_exti.o(.text.exti_init)
    __arm_cp.1_0                             0x08003630   Number         4  gd32e23x_exti.o(.text.exti_init)
    __arm_cp.1_1                             0x08003634   Number         4  gd32e23x_exti.o(.text.exti_init)
    __arm_cp.1_2                             0x08003638   Number         4  gd32e23x_exti.o(.text.exti_init)
    __arm_cp.1_3                             0x0800363c   Number         4  gd32e23x_exti.o(.text.exti_init)
    [Anonymous Symbol]                       0x08003640   Section        0  gd32e23x_exti.o(.text.exti_interrupt_flag_clear)
    [Anonymous Symbol]                       0x08003650   Section        0  gd32e23x_exti.o(.text.exti_interrupt_flag_get)
    __arm_cp.10_0                            0x08003678   Number         4  gd32e23x_exti.o(.text.exti_interrupt_flag_get)
    [Anonymous Symbol]                       0x0800367c   Section        0  gd32e23x_gpio.o(.text.gpio_af_set)
    [Anonymous Symbol]                       0x0800373c   Section        0  gd32e23x_gpio.o(.text.gpio_bit_reset)
    [Anonymous Symbol]                       0x0800374c   Section        0  gd32e23x_gpio.o(.text.gpio_bit_set)
    [Anonymous Symbol]                       0x0800375c   Section        0  gd32e23x_gpio.o(.text.gpio_input_bit_get)
    [Anonymous Symbol]                       0x08003786   Section        0  gd32e23x_gpio.o(.text.gpio_mode_set)
    [Anonymous Symbol]                       0x08003814   Section        0  gd32e23x_gpio.o(.text.gpio_output_options_set)
    [Anonymous Symbol]                       0x080038a0   Section        0  main.o(.text.main)
    __arm_cp.0_0                             0x08003944   Number         4  main.o(.text.main)
    [Anonymous Symbol]                       0x08003948   Section        0  gd32e23x_misc.o(.text.nvic_irq_enable)
    [Anonymous Symbol]                       0x08003974   Section        0  gd32e23x_misc.o(.text.nvic_vector_table_set)
    __arm_cp.7_0                             0x08003990   Number         4  gd32e23x_misc.o(.text.nvic_vector_table_set)
    __arm_cp.7_1                             0x08003994   Number         4  gd32e23x_misc.o(.text.nvic_vector_table_set)
    [Anonymous Symbol]                       0x08003998   Section        0  gd32e23x_rcu.o(.text.rcu_adc_clock_config)
    __arm_cp.14_0                            0x08003b18   Number         4  gd32e23x_rcu.o(.text.rcu_adc_clock_config)
    __arm_cp.14_1                            0x08003b1c   Number         4  gd32e23x_rcu.o(.text.rcu_adc_clock_config)
    __arm_cp.14_2                            0x08003b20   Number         4  gd32e23x_rcu.o(.text.rcu_adc_clock_config)
    [Anonymous Symbol]                       0x08003b24   Section        0  gd32e23x_rcu.o(.text.rcu_clock_freq_get)
    __arm_cp.33_0                            0x08003df8   Number         4  gd32e23x_rcu.o(.text.rcu_clock_freq_get)
    __arm_cp.33_1                            0x08003dfc   Number         4  gd32e23x_rcu.o(.text.rcu_clock_freq_get)
    __arm_cp.33_2                            0x08003e00   Number         4  gd32e23x_rcu.o(.text.rcu_clock_freq_get)
    __arm_cp.33_3                            0x08003e04   Number         4  gd32e23x_rcu.o(.text.rcu_clock_freq_get)
    __arm_cp.33_4                            0x08003e08   Number         4  gd32e23x_rcu.o(.text.rcu_clock_freq_get)
    __arm_cp.33_5                            0x08003e0c   Number         4  gd32e23x_rcu.o(.text.rcu_clock_freq_get)
    __arm_cp.33_6                            0x08003e10   Number         4  gd32e23x_rcu.o(.text.rcu_clock_freq_get)
    __arm_cp.33_7                            0x08003e14   Number         4  gd32e23x_rcu.o(.text.rcu_clock_freq_get)
    __arm_cp.33_8                            0x08003e18   Number         4  gd32e23x_rcu.o(.text.rcu_clock_freq_get)
    [Anonymous Symbol]                       0x08003e1c   Section        0  gd32e23x_rcu.o(.text.rcu_periph_clock_enable)
    [Anonymous Symbol]                       0x08003e40   Section        0  gd32e23x_rcu.o(.text.rcu_periph_reset_disable)
    [Anonymous Symbol]                       0x08003e64   Section        0  gd32e23x_rcu.o(.text.rcu_periph_reset_enable)
    __arm_cp.5_0                             0x08003e88   Number         4  gd32e23x_rcu.o(.text.rcu_periph_reset_enable)
    [Anonymous Symbol]                       0x08003e8c   Section        0  scope_math.o(.text.scope_analyze_frame)
    [Anonymous Symbol]                       0x08004018   Section        0  scope_math.o(.text.scope_scale_to_plot)
    __arm_cp.1_0                             0x080040e0   Number         4  scope_math.o(.text.scope_scale_to_plot)
    [Anonymous Symbol]                       0x080040e4   Section        0  gd32e23x_spi.o(.text.spi_enable)
    [Anonymous Symbol]                       0x080040f8   Section        0  gd32e23x_spi.o(.text.spi_i2s_data_transmit)
    [Anonymous Symbol]                       0x08004144   Section        0  gd32e23x_spi.o(.text.spi_i2s_deinit)
    __arm_cp.0_2                             0x08004188   Number         4  gd32e23x_spi.o(.text.spi_i2s_deinit)
    [Anonymous Symbol]                       0x0800418c   Section        0  gd32e23x_spi.o(.text.spi_i2s_flag_get)
    __arm_cp.41_0                            0x08004208   Number         4  gd32e23x_spi.o(.text.spi_i2s_flag_get)
    [Anonymous Symbol]                       0x0800420c   Section        0  gd32e23x_spi.o(.text.spi_init)
    __arm_cp.2_0                             0x0800433c   Number         4  gd32e23x_spi.o(.text.spi_init)
    __arm_cp.2_1                             0x08004340   Number         4  gd32e23x_spi.o(.text.spi_init)
    [Anonymous Symbol]                       0x08004344   Section        0  gd32e23x_spi.o(.text.spi_struct_para_init)
    [Anonymous Symbol]                       0x08004370   Section        0  gd32e23x_syscfg.o(.text.syscfg_exti_line_config)
    __arm_cp.5_0                             0x08004414   Number         4  gd32e23x_syscfg.o(.text.syscfg_exti_line_config)
    __arm_cp.5_1                             0x08004418   Number         4  gd32e23x_syscfg.o(.text.syscfg_exti_line_config)
    __arm_cp.5_2                             0x0800441c   Number         4  gd32e23x_syscfg.o(.text.syscfg_exti_line_config)
    __arm_cp.5_3                             0x08004420   Number         4  gd32e23x_syscfg.o(.text.syscfg_exti_line_config)
    system_clock_72m_hxtal                   0x08004425   Thumb Code   208  system_gd32e23x.o(.text.system_clock_72m_hxtal)
    [Anonymous Symbol]                       0x08004424   Section        0  system_gd32e23x.o(.text.system_clock_72m_hxtal)
    __arm_cp.3_0                             0x080044f4   Number         4  system_gd32e23x.o(.text.system_clock_72m_hxtal)
    __arm_cp.3_1                             0x080044f8   Number         4  system_gd32e23x.o(.text.system_clock_72m_hxtal)
    __arm_cp.3_2                             0x080044fc   Number         4  system_gd32e23x.o(.text.system_clock_72m_hxtal)
    __arm_cp.3_3                             0x08004500   Number         4  system_gd32e23x.o(.text.system_clock_72m_hxtal)
    __arm_cp.3_4                             0x08004504   Number         4  system_gd32e23x.o(.text.system_clock_72m_hxtal)
    system_clock_config                      0x08004509   Thumb Code     8  system_gd32e23x.o(.text.system_clock_config)
    [Anonymous Symbol]                       0x08004508   Section        0  system_gd32e23x.o(.text.system_clock_config)
    [Anonymous Symbol]                       0x08004510   Section        0  gd32e23x_misc.o(.text.systick_clksource_set)
    __arm_cp.10_0                            0x08004538   Number         4  gd32e23x_misc.o(.text.systick_clksource_set)
    [Anonymous Symbol]                       0x0800453c   Section        0  systick.o(.text.systick_config)
    __arm_cp.0_0                             0x08004568   Number         4  systick.o(.text.systick_config)
    __arm_cp.0_1                             0x0800456c   Number         4  systick.o(.text.systick_config)
    __arm_cp.0_2                             0x08004570   Number         4  systick.o(.text.systick_config)
    __arm_cp.0_3                             0x08004574   Number         4  systick.o(.text.systick_config)
    __arm_cp.0_4                             0x08004578   Number         4  systick.o(.text.systick_config)
    [Anonymous Symbol]                       0x0800457c   Section        0  gd32e23x_timer.o(.text.timer_auto_reload_shadow_enable)
    [Anonymous Symbol]                       0x0800458e   Section        0  gd32e23x_timer.o(.text.timer_autoreload_value_config)
    [Anonymous Symbol]                       0x080045a0   Section        0  timer_math.o(.text.timer_capture_elapsed)
    [Anonymous Symbol]                       0x08004638   Section        0  gd32e23x_timer.o(.text.timer_channel_capture_value_register_read)
    [Anonymous Symbol]                       0x08004690   Section        0  gd32e23x_timer.o(.text.timer_channel_input_capture_prescaler_config)
    [Anonymous Symbol]                       0x0800472e   Section        0  gd32e23x_timer.o(.text.timer_channel_input_struct_para_init)
    [Anonymous Symbol]                       0x0800474c   Section        0  gd32e23x_timer.o(.text.timer_channel_output_config)
    __arm_cp.42_0                            0x08004a30   Number         4  gd32e23x_timer.o(.text.timer_channel_output_config)
    __arm_cp.42_1                            0x08004a34   Number         4  gd32e23x_timer.o(.text.timer_channel_output_config)
    __arm_cp.42_2                            0x08004a38   Number         4  gd32e23x_timer.o(.text.timer_channel_output_config)
    __arm_cp.42_3                            0x08004a3c   Number         4  gd32e23x_timer.o(.text.timer_channel_output_config)
    [Anonymous Symbol]                       0x08004a40   Section        0  gd32e23x_timer.o(.text.timer_channel_output_mode_config)
    [Anonymous Symbol]                       0x08004ae0   Section        0  gd32e23x_timer.o(.text.timer_channel_output_pulse_value_config)
    [Anonymous Symbol]                       0x08004b34   Section        0  gd32e23x_timer.o(.text.timer_channel_output_shadow_config)
    [Anonymous Symbol]                       0x08004bd2   Section        0  gd32e23x_timer.o(.text.timer_channel_output_struct_para_init)
    [Anonymous Symbol]                       0x08004bf4   Section        0  gd32e23x_timer.o(.text.timer_deinit)
    __arm_cp.0_1                             0x08004cbc   Number         4  gd32e23x_timer.o(.text.timer_deinit)
    __arm_cp.0_3                             0x08004cc0   Number         4  gd32e23x_timer.o(.text.timer_deinit)
    __arm_cp.0_4                             0x08004cc4   Number         4  gd32e23x_timer.o(.text.timer_deinit)
    __arm_cp.0_7                             0x08004cc8   Number         4  gd32e23x_timer.o(.text.timer_deinit)
    __arm_cp.0_8                             0x08004ccc   Number         4  gd32e23x_timer.o(.text.timer_deinit)
    __arm_cp.0_9                             0x08004cd0   Number         4  gd32e23x_timer.o(.text.timer_deinit)
    __arm_cp.0_10                            0x08004cd4   Number         4  gd32e23x_timer.o(.text.timer_deinit)
    __arm_cp.0_11                            0x08004cd8   Number         4  gd32e23x_timer.o(.text.timer_deinit)
    [Anonymous Symbol]                       0x08004cdc   Section        0  gd32e23x_timer.o(.text.timer_disable)
    [Anonymous Symbol]                       0x08004cee   Section        0  gd32e23x_timer.o(.text.timer_enable)
    [Anonymous Symbol]                       0x08004d00   Section        0  gd32e23x_timer.o(.text.timer_event_software_generate)
    [Anonymous Symbol]                       0x08004d18   Section        0  gd32e23x_timer.o(.text.timer_init)
    __arm_cp.2_0                             0x08004dfc   Number         4  gd32e23x_timer.o(.text.timer_init)
    __arm_cp.2_1                             0x08004e00   Number         4  gd32e23x_timer.o(.text.timer_init)
    __arm_cp.2_2                             0x08004e04   Number         4  gd32e23x_timer.o(.text.timer_init)
    __arm_cp.2_3                             0x08004e08   Number         4  gd32e23x_timer.o(.text.timer_init)
    __arm_cp.2_4                             0x08004e0c   Number         4  gd32e23x_timer.o(.text.timer_init)
    __arm_cp.2_5                             0x08004e10   Number         4  gd32e23x_timer.o(.text.timer_init)
    [Anonymous Symbol]                       0x08004e14   Section        0  gd32e23x_timer.o(.text.timer_input_capture_config)
    [Anonymous Symbol]                       0x08004fd2   Section        0  gd32e23x_timer.o(.text.timer_interrupt_enable)
    [Anonymous Symbol]                       0x08004fe6   Section        0  gd32e23x_timer.o(.text.timer_interrupt_flag_clear)
    [Anonymous Symbol]                       0x08004ff8   Section        0  gd32e23x_timer.o(.text.timer_interrupt_flag_get)
    [Anonymous Symbol]                       0x08005032   Section        0  timer_math.o(.text.timer_pending_wrap_precedes_capture)
    [Anonymous Symbol]                       0x0800505a   Section        0  gd32e23x_timer.o(.text.timer_primary_output_config)
    [Anonymous Symbol]                       0x0800508c   Section        0  gd32e23x_timer.o(.text.timer_struct_para_init)
    __arm_cp.1_0                             0x080050b0   Number         4  gd32e23x_timer.o(.text.timer_struct_para_init)
    [Anonymous Symbol]                       0x080050b4   Section        0  gd32e23x_usart.o(.text.usart_baudrate_set)
    __arm_cp.1_2                             0x08005160   Number         4  gd32e23x_usart.o(.text.usart_baudrate_set)
    [Anonymous Symbol]                       0x08005164   Section        0  gd32e23x_usart.o(.text.usart_deinit)
    __arm_cp.0_0                             0x080051a8   Number         4  gd32e23x_usart.o(.text.usart_deinit)
    __arm_cp.0_1                             0x080051ac   Number         4  gd32e23x_usart.o(.text.usart_deinit)
    __arm_cp.0_2                             0x080051b0   Number         4  gd32e23x_usart.o(.text.usart_deinit)
    __arm_cp.0_3                             0x080051b4   Number         4  gd32e23x_usart.o(.text.usart_deinit)
    [Anonymous Symbol]                       0x080051b8   Section        0  gd32e23x_usart.o(.text.usart_enable)
    [Anonymous Symbol]                       0x080051ca   Section        0  gd32e23x_usart.o(.text.usart_parity_config)
    [Anonymous Symbol]                       0x080051f4   Section        0  gd32e23x_usart.o(.text.usart_receive_config)
    [Anonymous Symbol]                       0x08005212   Section        0  gd32e23x_usart.o(.text.usart_stop_bit_set)
    [Anonymous Symbol]                       0x0800523c   Section        0  gd32e23x_usart.o(.text.usart_transmit_config)
    [Anonymous Symbol]                       0x0800525a   Section        0  gd32e23x_usart.o(.text.usart_word_length_set)
    i.__0sprintf                             0x08005284   Section        0  printfa.o(i.__0sprintf)
    i.__ARM_clz                              0x080052ac   Section        0  depilogue.o(i.__ARM_clz)
    i.__scatterload_copy                     0x080052da   Section       14  handlers.o(i.__scatterload_copy)
    i.__scatterload_null                     0x080052e8   Section        2  handlers.o(i.__scatterload_null)
    i.__scatterload_zeroinit                 0x080052ea   Section       14  handlers.o(i.__scatterload_zeroinit)
    _fp_digits                               0x080052f9   Thumb Code   344  printfa.o(i._fp_digits)
    i._fp_digits                             0x080052f8   Section        0  printfa.o(i._fp_digits)
    _printf_core                             0x0800546d   Thumb Code  1754  printfa.o(i._printf_core)
    i._printf_core                           0x0800546c   Section        0  printfa.o(i._printf_core)
    _printf_post_padding                     0x08005b59   Thumb Code    32  printfa.o(i._printf_post_padding)
    i._printf_post_padding                   0x08005b58   Section        0  printfa.o(i._printf_post_padding)
    _printf_pre_padding                      0x08005b79   Thumb Code    44  printfa.o(i._printf_pre_padding)
    i._printf_pre_padding                    0x08005b78   Section        0  printfa.o(i._printf_pre_padding)
    _sputc                                   0x08005ba5   Thumb Code    10  printfa.o(i._sputc)
    i._sputc                                 0x08005ba4   Section        0  printfa.o(i._sputc)
    [Anonymous Symbol]                       0x080077e2   Section        0  tft.o(.rodata.str1.1)
    text_duty_ratio                          0x0800781e   Data           7  tft.o(.rodata.text_duty_ratio)
    [Anonymous Symbol]                       0x0800781e   Section        0  tft.o(.rodata.text_duty_ratio)
    text_input_freq                          0x08007825   Data           9  tft.o(.rodata.text_input_freq)
    [Anonymous Symbol]                       0x08007825   Section        0  tft.o(.rodata.text_input_freq)
    text_input_peak                          0x0800782e   Data           9  tft.o(.rodata.text_input_peak)
    [Anonymous Symbol]                       0x0800782e   Section        0  tft.o(.rodata.text_input_peak)
    text_off                                 0x08007837   Data           5  tft.o(.rodata.text_off)
    [Anonymous Symbol]                       0x08007837   Section        0  tft.o(.rodata.text_off)
    text_on                                  0x0800783c   Data           5  tft.o(.rodata.text_on)
    [Anonymous Symbol]                       0x0800783c   Section        0  tft.o(.rodata.text_on)
    text_output_freq                         0x08007841   Data           9  tft.o(.rodata.text_output_freq)
    [Anonymous Symbol]                       0x08007841   Section        0  tft.o(.rodata.text_output_freq)
    text_output_state                        0x0800784a   Data           9  tft.o(.rodata.text_output_state)
    [Anonymous Symbol]                       0x0800784a   Section        0  tft.o(.rodata.text_output_state)
    text_scope_title                         0x08007853   Data          11  tft.o(.rodata.text_scope_title)
    [Anonymous Symbol]                       0x08007853   Section        0  tft.o(.rodata.text_scope_title)
    firstPoint                               0x20000004   Data           1  tft.o(.data.firstPoint)
    [Anonymous Symbol]                       0x20000004   Section        0  tft.o(.data.firstPoint)
    EXTI4_15_IRQHandler.A_cnt                0x20000008   Data           1  key.o(.bss.EXTI4_15_IRQHandler.A_cnt)
    [Anonymous Symbol]                       0x20000008   Section        0  key.o(.bss.EXTI4_15_IRQHandler.A_cnt)
    EXTI4_15_IRQHandler.B_value              0x20000009   Data           1  key.o(.bss.EXTI4_15_IRQHandler.B_value)
    [Anonymous Symbol]                       0x20000009   Section        0  key.o(.bss.EXTI4_15_IRQHandler.B_value)
    capture_active                           0x20000262   Data           1  freq.o(.bss.capture_active)
    [Anonymous Symbol]                       0x20000262   Section        0  freq.o(.bss.capture_active)
    count_1ms                                0x20000264   Data           4  systick.o(.bss.count_1ms)
    [Anonymous Symbol]                       0x20000264   Section        0  systick.o(.bss.count_1ms)
    count_1us                                0x20000268   Data           4  systick.o(.bss.count_1us)
    [Anonymous Symbol]                       0x20000268   Section        0  systick.o(.bss.count_1us)
    first_capture                            0x2000026c   Data           2  freq.o(.bss.first_capture)
    [Anonymous Symbol]                       0x2000026c   Section        0  freq.o(.bss.first_capture)
    key1_state                               0x2000026e   Data           1  key.o(.bss.key1_state)
    [Anonymous Symbol]                       0x2000026e   Section        0  key.o(.bss.key1_state)
    key2_state                               0x2000026f   Data           1  key.o(.bss.key2_state)
    [Anonymous Symbol]                       0x2000026f   Section        0  key.o(.bss.key2_state)
    key3_state                               0x20000270   Data           1  key.o(.bss.key3_state)
    [Anonymous Symbol]                       0x20000270   Section        0  key.o(.bss.key3_state)
    lastX                                    0x20000272   Data           2  tft.o(.bss.lastX)
    [Anonymous Symbol]                       0x20000272   Section        0  tft.o(.bss.lastX)
    lastY                                    0x20000274   Data           2  tft.o(.bss.lastY)
    [Anonymous Symbol]                       0x20000274   Section        0  tft.o(.bss.lastY)
    overflow_count                           0x20000740   Data           2  freq.o(.bss.overflow_count)
    [Anonymous Symbol]                       0x20000740   Section        0  freq.o(.bss.overflow_count)
    STACK                                    0x20000748   Section     1536  startup_gd32e23x.o(STACK)

    Global Symbols

    Symbol Name                              Value     Ov Type        Size  Object(Section)

    BuildAttributes$$THM_ISAv3M$S$8M$PE$A:L22$X:L11$S22$IEEE1$IW$~IW$USESV6$~STKCKD$USESV7$~SHL$OTIME$ROPI$EBA8$MICROLIB$REQ8$PRES8$EABIv2 0x00000000   Number         0  anon$$obj.o ABSOLUTE
    __cpp_initialize__aeabi_                  - Undefined Weak Reference
    __cxa_finalize                            - Undefined Weak Reference
    __decompress                              - Undefined Weak Reference
    _clock_init                               - Undefined Weak Reference
    _microlib_exit                            - Undefined Weak Reference
    __Vectors_Size                           0x000000cc   Number         0  startup_gd32e23x.o ABSOLUTE
    __Vectors                                0x08000000   Data           4  startup_gd32e23x.o(RESET)
    __Vectors_End                            0x080000cc   Data           0  startup_gd32e23x.o(RESET)
    __main                                   0x080000cd   Thumb Code     0  entry.o(.ARM.Collect$$$$00000000)
    _main_stk                                0x080000cd   Thumb Code     0  entry2.o(.ARM.Collect$$$$00000001)
    _main_scatterload                        0x080000d1   Thumb Code     0  entry5.o(.ARM.Collect$$$$00000004)
    __main_after_scatterload                 0x080000d5   Thumb Code     0  entry5.o(.ARM.Collect$$$$00000004)
    _main_clock                              0x080000d5   Thumb Code     0  entry7b.o(.ARM.Collect$$$$00000008)
    _main_cpp_init                           0x080000d5   Thumb Code     0  entry8b.o(.ARM.Collect$$$$0000000A)
    _main_init                               0x080000d5   Thumb Code     0  entry9a.o(.ARM.Collect$$$$0000000B)
    __rt_final_cpp                           0x080000dd   Thumb Code     0  entry10a.o(.ARM.Collect$$$$0000000D)
    __rt_final_exit                          0x080000dd   Thumb Code     0  entry11a.o(.ARM.Collect$$$$0000000F)
    Reset_Handler                            0x080000e1   Thumb Code     8  startup_gd32e23x.o(.text)
    ADC_CMP_IRQHandler                       0x080000f3   Thumb Code     0  startup_gd32e23x.o(.text)
    DMA_Channel1_2_IRQHandler                0x080000f3   Thumb Code     0  startup_gd32e23x.o(.text)
    DMA_Channel3_4_IRQHandler                0x080000f3   Thumb Code     0  startup_gd32e23x.o(.text)
    EXTI0_1_IRQHandler                       0x080000f3   Thumb Code     0  startup_gd32e23x.o(.text)
    EXTI2_3_IRQHandler                       0x080000f3   Thumb Code     0  startup_gd32e23x.o(.text)
    FMC_IRQHandler                           0x080000f3   Thumb Code     0  startup_gd32e23x.o(.text)
    I2C0_ER_IRQHandler                       0x080000f3   Thumb Code     0  startup_gd32e23x.o(.text)
    I2C0_EV_IRQHandler                       0x080000f3   Thumb Code     0  startup_gd32e23x.o(.text)
    I2C1_ER_IRQHandler                       0x080000f3   Thumb Code     0  startup_gd32e23x.o(.text)
    I2C1_EV_IRQHandler                       0x080000f3   Thumb Code     0  startup_gd32e23x.o(.text)
    LVD_IRQHandler                           0x080000f3   Thumb Code     0  startup_gd32e23x.o(.text)
    RCU_IRQHandler                           0x080000f3   Thumb Code     0  startup_gd32e23x.o(.text)
    RTC_IRQHandler                           0x080000f3   Thumb Code     0  startup_gd32e23x.o(.text)
    SPI0_IRQHandler                          0x080000f3   Thumb Code     0  startup_gd32e23x.o(.text)
    SPI1_IRQHandler                          0x080000f3   Thumb Code     0  startup_gd32e23x.o(.text)
    TIMER0_BRK_UP_TRG_COM_IRQHandler         0x080000f3   Thumb Code     0  startup_gd32e23x.o(.text)
    TIMER0_Channel_IRQHandler                0x080000f3   Thumb Code     0  startup_gd32e23x.o(.text)
    TIMER13_IRQHandler                       0x080000f3   Thumb Code     0  startup_gd32e23x.o(.text)
    TIMER14_IRQHandler                       0x080000f3   Thumb Code     0  startup_gd32e23x.o(.text)
    TIMER15_IRQHandler                       0x080000f3   Thumb Code     0  startup_gd32e23x.o(.text)
    TIMER16_IRQHandler                       0x080000f3   Thumb Code     0  startup_gd32e23x.o(.text)
    TIMER5_IRQHandler                        0x080000f3   Thumb Code     0  startup_gd32e23x.o(.text)
    USART0_IRQHandler                        0x080000f3   Thumb Code     0  startup_gd32e23x.o(.text)
    USART1_IRQHandler                        0x080000f3   Thumb Code     0  startup_gd32e23x.o(.text)
    WWDGT_IRQHandler                         0x080000f3   Thumb Code     0  startup_gd32e23x.o(.text)
    __aeabi_fadd                             0x080000fd   Thumb Code   162  fadd.o(.text)
    __aeabi_fsub                             0x0800019f   Thumb Code     8  fadd.o(.text)
    __aeabi_frsub                            0x080001a7   Thumb Code     8  fadd.o(.text)
    __aeabi_fmul                             0x080001af   Thumb Code   122  fmul.o(.text)
    __aeabi_fdiv                             0x08000229   Thumb Code   124  fdiv.o(.text)
    __aeabi_fcmple                           0x080002a5   Thumb Code    28  fcmple.o(.text)
    __aeabi_fcmplt                           0x080002c1   Thumb Code    28  fcmplt.o(.text)
    __aeabi_fcmpge                           0x080002dd   Thumb Code    28  fcmpge.o(.text)
    __aeabi_fcmpgt                           0x080002f9   Thumb Code    28  fcmpgt.o(.text)
    __aeabi_i2f                              0x08000315   Thumb Code    22  fflti.o(.text)
    __aeabi_ui2f                             0x0800032b   Thumb Code    14  ffltui.o(.text)
    __aeabi_f2iz                             0x08000339   Thumb Code    50  ffixi.o(.text)
    __aeabi_f2uiz                            0x0800036b   Thumb Code    40  ffixui.o(.text)
    __aeabi_f2d                              0x08000393   Thumb Code    40  f2d.o(.text)
    __aeabi_uldivmod                         0x080003bb   Thumb Code    96  uldiv.o(.text)
    __I$use$fp                               0x0800041b   Thumb Code     0  iusefp.o(.text)
    _float_round                             0x0800041b   Thumb Code    16  fepilogue.o(.text)
    _float_epilogue                          0x0800042b   Thumb Code   114  fepilogue.o(.text)
    __aeabi_dadd                             0x0800049d   Thumb Code   328  dadd.o(.text)
    __aeabi_dsub                             0x080005e5   Thumb Code    12  dadd.o(.text)
    __aeabi_drsub                            0x080005f1   Thumb Code    12  dadd.o(.text)
    __aeabi_dmul                             0x08000601   Thumb Code   202  dmul.o(.text)
    __aeabi_ddiv                             0x080006d1   Thumb Code   234  ddiv.o(.text)
    __aeabi_d2ulz                            0x080007c1   Thumb Code    54  dfixul.o(.text)
    __aeabi_cdrcmple                         0x08000801   Thumb Code    38  cdrcmple.o(.text)
    __scatterload                            0x08000829   Thumb Code    38  init.o(.text)
    __scatterload_rt2                        0x08000829   Thumb Code     0  init.o(.text)
    __aeabi_uidiv$div0                       0x08000859   Thumb Code     0  uidiv_div0.o(.text)
    __aeabi_uidivmod                         0x08000859   Thumb Code    62  uidiv_div0.o(.text)
    __aeabi_llsl                             0x08000897   Thumb Code    32  llshl.o(.text)
    _ll_shift_l                              0x08000897   Thumb Code     0  llshl.o(.text)
    __aeabi_llsr                             0x080008b7   Thumb Code    34  llushr.o(.text)
    _ll_ushift_r                             0x080008b7   Thumb Code     0  llushr.o(.text)
    __aeabi_lasr                             0x080008d9   Thumb Code    38  llsshr.o(.text)
    _ll_sshift_r                             0x080008d9   Thumb Code     0  llsshr.o(.text)
    _double_round                            0x080008ff   Thumb Code    26  depilogue.o(.text)
    _double_epilogue                         0x08000919   Thumb Code   164  depilogue.o(.text)
    ADC_DMA_Init                             0x080009bd   Thumb Code   100  adc.o(.text.ADC_DMA_Init)
    ADC_StartCapture                         0x08000a25   Thumb Code    40  adc.o(.text.ADC_StartCapture)
    CLose_LED                                0x08000a4d   Thumb Code    60  led.o(.text.CLose_LED)
    DMA_Channel0_IRQHandler                  0x08000a8d   Thumb Code    48  adc.o(.text.DMA_Channel0_IRQHandler)
    EXTI4_15_IRQHandler                      0x08000abd   Thumb Code   260  key.o(.text.EXTI4_15_IRQHandler)
    Get_ADC_Value                            0x08000bd9   Thumb Code    52  adc.o(.text.Get_ADC_Value)
    HardFault_Handler                        0x08000c11   Thumb Code     4  gd32e23x_it.o(.text.HardFault_Handler)
    Init_ADC                                 0x08000c15   Thumb Code   144  adc.o(.text.Init_ADC)
    Init_EC11_GPIO                           0x08000ca9   Thumb Code    72  key.o(.text.Init_EC11_GPIO)
    Init_FreqTimer                           0x08000cf1   Thumb Code   188  freq.o(.text.Init_FreqTimer)
    Init_Key_GPIO                            0x08000db9   Thumb Code   124  key.o(.text.Init_Key_GPIO)
    Init_LED_GPIO                            0x08000e41   Thumb Code    92  led.o(.text.Init_LED_GPIO)
    Init_PWM_Output                          0x08000ee1   Thumb Code   244  timer.o(.text.Init_PWM_Output)
    Init_SPI0_GPIO16                         0x0800105d   Thumb Code   128  tft_init.o(.text.Init_SPI0_GPIO16)
    Init_USART                               0x080010e9   Thumb Code   172  usart.o(.text.Init_USART)
    KEYD_SCAN                                0x080011a1   Thumb Code    72  key.o(.text.KEYD_SCAN)
    Key_Handle                               0x080011e9   Thumb Code   508  key.o(.text.Key_Handle)
    Key_Sacnf                                0x080013e9   Thumb Code   172  key.o(.text.Key_Sacnf)
    NMI_Handler                              0x080014a5   Thumb Code     2  gd32e23x_it.o(.text.NMI_Handler)
    PendSV_Handler                           0x080014a7   Thumb Code     2  gd32e23x_it.o(.text.PendSV_Handler)
    SVC_Handler                              0x080015d9   Thumb Code     2  gd32e23x_it.o(.text.SVC_Handler)
    Set_Output_Freq                          0x080015dd   Thumb Code    44  timer.o(.text.Set_Output_Freq)
    Set_Output_PWMComparex                   0x08001609   Thumb Code    24  timer.o(.text.Set_Output_PWMComparex)
    SysTick_Handler                          0x08001625   Thumb Code     2  gd32e23x_it.o(.text.SysTick_Handler)
    SystemInit                               0x08001629   Thumb Code   216  system_gd32e23x.o(.text.SystemInit)
    TFT_Address_Set16                        0x08001725   Thumb Code    82  tft_init.o(.text.TFT_Address_Set16)
    TFT_DrawLine                             0x08001777   Thumb Code   312  tft.o(.text.TFT_DrawLine)
    TFT_DrawPoint                            0x080018af   Thumb Code    44  tft.o(.text.TFT_DrawPoint)
    TFT_Fill                                 0x080018db   Thumb Code   144  tft.o(.text.TFT_Fill)
    TFT_Init                                 0x080019a9   Thumb Code   556  tft_init.o(.text.TFT_Init)
    TFT_ShowChar                             0x08001bd9   Thumb Code   476  tft.o(.text.TFT_ShowChar)
    TFT_ShowChinese                          0x08001dc1   Thumb Code   226  tft.o(.text.TFT_ShowChinese)
    TFT_ShowChinese12x12                     0x08001ea5   Thumb Code   488  tft.o(.text.TFT_ShowChinese12x12)
    TFT_ShowChinese16x16                     0x08002091   Thumb Code   488  tft.o(.text.TFT_ShowChinese16x16)
    TFT_ShowChinese24x24                     0x0800227d   Thumb Code   488  tft.o(.text.TFT_ShowChinese24x24)
    TFT_ShowString                           0x08002469   Thumb Code   120  tft.o(.text.TFT_ShowString)
    TFT_ShowUI                               0x080024e1   Thumb Code   520  tft.o(.text.TFT_ShowUI)
    TFT_StaticUI                             0x0800270d   Thumb Code   692  tft.o(.text.TFT_StaticUI)
    TFT_WR_DATA16                            0x080029ed   Thumb Code    44  tft_init.o(.text.TFT_WR_DATA16)
    TFT_WR_DATA8                             0x08002a19   Thumb Code    44  tft_init.o(.text.TFT_WR_DATA8)
    TFT_WR_REG                               0x08002a45   Thumb Code    60  tft_init.o(.text.TFT_WR_REG)
    TFT_WR_REG16                             0x08002a81   Thumb Code    60  tft_init.o(.text.TFT_WR_REG16)
    TIMER2_IRQHandler                        0x08002ac1   Thumb Code   272  freq.o(.text.TIMER2_IRQHandler)
    adc_calibration_enable                   0x08002ca5   Thumb Code    56  gd32e23x_adc.o(.text.adc_calibration_enable)
    adc_channel_length_config                0x08002cdd   Thumb Code    96  gd32e23x_adc.o(.text.adc_channel_length_config)
    adc_data_alignment_config                0x08002d45   Thumb Code    44  gd32e23x_adc.o(.text.adc_data_alignment_config)
    adc_dma_mode_enable                      0x08002d71   Thumb Code    16  gd32e23x_adc.o(.text.adc_dma_mode_enable)
    adc_enable                               0x08002d81   Thumb Code    24  gd32e23x_adc.o(.text.adc_enable)
    adc_external_trigger_config              0x08002d99   Thumb Code   124  gd32e23x_adc.o(.text.adc_external_trigger_config)
    adc_external_trigger_source_config       0x08002e15   Thumb Code    80  gd32e23x_adc.o(.text.adc_external_trigger_source_config)
    adc_regular_channel_config               0x08002e65   Thumb Code   328  gd32e23x_adc.o(.text.adc_regular_channel_config)
    adc_software_trigger_enable              0x08002fc1   Thumb Code    60  gd32e23x_adc.o(.text.adc_software_trigger_enable)
    adc_special_function_config              0x08003001   Thumb Code   172  gd32e23x_adc.o(.text.adc_special_function_config)
    delay_1ms                                0x080030b5   Thumb Code   112  systick.o(.text.delay_1ms)
    dma_channel_disable                      0x08003135   Thumb Code    28  gd32e23x_dma.o(.text.dma_channel_disable)
    dma_channel_enable                       0x08003151   Thumb Code    28  gd32e23x_dma.o(.text.dma_channel_enable)
    dma_circulation_disable                  0x0800316d   Thumb Code    28  gd32e23x_dma.o(.text.dma_circulation_disable)
    dma_deinit                               0x08003189   Thumb Code    88  gd32e23x_dma.o(.text.dma_deinit)
    dma_init                                 0x080031e1   Thumb Code   268  gd32e23x_dma.o(.text.dma_init)
    dma_interrupt_enable                     0x080032f5   Thumb Code    32  gd32e23x_dma.o(.text.dma_interrupt_enable)
    dma_interrupt_flag_clear                 0x08003315   Thumb Code    32  gd32e23x_dma.o(.text.dma_interrupt_flag_clear)
    dma_interrupt_flag_get                   0x08003339   Thumb Code   188  gd32e23x_dma.o(.text.dma_interrupt_flag_get)
    dma_transfer_number_config               0x080033fd   Thumb Code    32  gd32e23x_dma.o(.text.dma_transfer_number_config)
    drawCurve                                0x08003421   Thumb Code   308  tft.o(.text.drawCurve)
    exti_init                                0x08003561   Thumb Code   208  gd32e23x_exti.o(.text.exti_init)
    exti_interrupt_flag_clear                0x08003641   Thumb Code    16  gd32e23x_exti.o(.text.exti_interrupt_flag_clear)
    exti_interrupt_flag_get                  0x08003651   Thumb Code    40  gd32e23x_exti.o(.text.exti_interrupt_flag_get)
    gpio_af_set                              0x0800367d   Thumb Code   192  gd32e23x_gpio.o(.text.gpio_af_set)
    gpio_bit_reset                           0x0800373d   Thumb Code    16  gd32e23x_gpio.o(.text.gpio_bit_reset)
    gpio_bit_set                             0x0800374d   Thumb Code    16  gd32e23x_gpio.o(.text.gpio_bit_set)
    gpio_input_bit_get                       0x0800375d   Thumb Code    42  gd32e23x_gpio.o(.text.gpio_input_bit_get)
    gpio_mode_set                            0x08003787   Thumb Code   142  gd32e23x_gpio.o(.text.gpio_mode_set)
    gpio_output_options_set                  0x08003815   Thumb Code   138  gd32e23x_gpio.o(.text.gpio_output_options_set)
    main                                     0x080038a1   Thumb Code   164  main.o(.text.main)
    nvic_irq_enable                          0x08003949   Thumb Code    44  gd32e23x_misc.o(.text.nvic_irq_enable)
    nvic_vector_table_set                    0x08003975   Thumb Code    28  gd32e23x_misc.o(.text.nvic_vector_table_set)
    rcu_adc_clock_config                     0x08003999   Thumb Code   384  gd32e23x_rcu.o(.text.rcu_adc_clock_config)
    rcu_clock_freq_get                       0x08003b25   Thumb Code   724  gd32e23x_rcu.o(.text.rcu_clock_freq_get)
    rcu_periph_clock_enable                  0x08003e1d   Thumb Code    36  gd32e23x_rcu.o(.text.rcu_periph_clock_enable)
    rcu_periph_reset_disable                 0x08003e41   Thumb Code    36  gd32e23x_rcu.o(.text.rcu_periph_reset_disable)
    rcu_periph_reset_enable                  0x08003e65   Thumb Code    36  gd32e23x_rcu.o(.text.rcu_periph_reset_enable)
    scope_analyze_frame                      0x08003e8d   Thumb Code   396  scope_math.o(.text.scope_analyze_frame)
    scope_scale_to_plot                      0x08004019   Thumb Code   200  scope_math.o(.text.scope_scale_to_plot)
    spi_enable                               0x080040e5   Thumb Code    18  gd32e23x_spi.o(.text.spi_enable)
    spi_i2s_data_transmit                    0x080040f9   Thumb Code    76  gd32e23x_spi.o(.text.spi_i2s_data_transmit)
    spi_i2s_deinit                           0x08004145   Thumb Code    68  gd32e23x_spi.o(.text.spi_i2s_deinit)
    spi_i2s_flag_get                         0x0800418d   Thumb Code   124  gd32e23x_spi.o(.text.spi_i2s_flag_get)
    spi_init                                 0x0800420d   Thumb Code   304  gd32e23x_spi.o(.text.spi_init)
    spi_struct_para_init                     0x08004345   Thumb Code    42  gd32e23x_spi.o(.text.spi_struct_para_init)
    syscfg_exti_line_config                  0x08004371   Thumb Code   164  gd32e23x_syscfg.o(.text.syscfg_exti_line_config)
    systick_clksource_set                    0x08004511   Thumb Code    40  gd32e23x_misc.o(.text.systick_clksource_set)
    systick_config                           0x0800453d   Thumb Code    44  systick.o(.text.systick_config)
    timer_auto_reload_shadow_enable          0x0800457d   Thumb Code    18  gd32e23x_timer.o(.text.timer_auto_reload_shadow_enable)
    timer_autoreload_value_config            0x0800458f   Thumb Code    18  gd32e23x_timer.o(.text.timer_autoreload_value_config)
    timer_capture_elapsed                    0x080045a1   Thumb Code   150  timer_math.o(.text.timer_capture_elapsed)
    timer_channel_capture_value_register_read 0x08004639   Thumb Code    88  gd32e23x_timer.o(.text.timer_channel_capture_value_register_read)
    timer_channel_input_capture_prescaler_config 0x08004691   Thumb Code   158  gd32e23x_timer.o(.text.timer_channel_input_capture_prescaler_config)
    timer_channel_input_struct_para_init     0x0800472f   Thumb Code    28  gd32e23x_timer.o(.text.timer_channel_input_struct_para_init)
    timer_channel_output_config              0x0800474d   Thumb Code   740  gd32e23x_timer.o(.text.timer_channel_output_config)
    timer_channel_output_mode_config         0x08004a41   Thumb Code   158  gd32e23x_timer.o(.text.timer_channel_output_mode_config)
    timer_channel_output_pulse_value_config  0x08004ae1   Thumb Code    82  gd32e23x_timer.o(.text.timer_channel_output_pulse_value_config)
    timer_channel_output_shadow_config       0x08004b35   Thumb Code   158  gd32e23x_timer.o(.text.timer_channel_output_shadow_config)
    timer_channel_output_struct_para_init    0x08004bd3   Thumb Code    34  gd32e23x_timer.o(.text.timer_channel_output_struct_para_init)
    timer_deinit                             0x08004bf5   Thumb Code   200  gd32e23x_timer.o(.text.timer_deinit)
    timer_disable                            0x08004cdd   Thumb Code    18  gd32e23x_timer.o(.text.timer_disable)
    timer_enable                             0x08004cef   Thumb Code    18  gd32e23x_timer.o(.text.timer_enable)
    timer_event_software_generate            0x08004d01   Thumb Code    22  gd32e23x_timer.o(.text.timer_event_software_generate)
    timer_init                               0x08004d19   Thumb Code   228  gd32e23x_timer.o(.text.timer_init)
    timer_input_capture_config               0x08004e15   Thumb Code   446  gd32e23x_timer.o(.text.timer_input_capture_config)
    timer_interrupt_enable                   0x08004fd3   Thumb Code    20  gd32e23x_timer.o(.text.timer_interrupt_enable)
    timer_interrupt_flag_clear               0x08004fe7   Thumb Code    18  gd32e23x_timer.o(.text.timer_interrupt_flag_clear)
    timer_interrupt_flag_get                 0x08004ff9   Thumb Code    58  gd32e23x_timer.o(.text.timer_interrupt_flag_get)
    timer_pending_wrap_precedes_capture      0x08005033   Thumb Code    40  timer_math.o(.text.timer_pending_wrap_precedes_capture)
    timer_primary_output_config              0x0800505b   Thumb Code    48  gd32e23x_timer.o(.text.timer_primary_output_config)
    timer_struct_para_init                   0x0800508d   Thumb Code    36  gd32e23x_timer.o(.text.timer_struct_para_init)
    usart_baudrate_set                       0x080050b5   Thumb Code   172  gd32e23x_usart.o(.text.usart_baudrate_set)
    usart_deinit                             0x08005165   Thumb Code    68  gd32e23x_usart.o(.text.usart_deinit)
    usart_enable                             0x080051b9   Thumb Code    18  gd32e23x_usart.o(.text.usart_enable)
    usart_parity_config                      0x080051cb   Thumb Code    42  gd32e23x_usart.o(.text.usart_parity_config)
    usart_receive_config                     0x080051f5   Thumb Code    30  gd32e23x_usart.o(.text.usart_receive_config)
    usart_stop_bit_set                       0x08005213   Thumb Code    42  gd32e23x_usart.o(.text.usart_stop_bit_set)
    usart_transmit_config                    0x0800523d   Thumb Code    30  gd32e23x_usart.o(.text.usart_transmit_config)
    usart_word_length_set                    0x0800525b   Thumb Code    42  gd32e23x_usart.o(.text.usart_word_length_set)
    __0sprintf                               0x08005285   Thumb Code    36  printfa.o(i.__0sprintf)
    __1sprintf                               0x08005285   Thumb Code     0  printfa.o(i.__0sprintf)
    __2sprintf                               0x08005285   Thumb Code     0  printfa.o(i.__0sprintf)
    __c89sprintf                             0x08005285   Thumb Code     0  printfa.o(i.__0sprintf)
    sprintf                                  0x08005285   Thumb Code     0  printfa.o(i.__0sprintf)
    __ARM_clz                                0x080052ad   Thumb Code    46  depilogue.o(i.__ARM_clz)
    __scatterload_copy                       0x080052db   Thumb Code    14  handlers.o(i.__scatterload_copy)
    __scatterload_null                       0x080052e9   Thumb Code     2  handlers.o(i.__scatterload_null)
    __scatterload_zeroinit                   0x080052eb   Thumb Code    14  handlers.o(i.__scatterload_zeroinit)
    ascii_1206                               0x08005bae   Data        1140  tft.o(.rodata.ascii_1206)
    ascii_1608                               0x08006022   Data        1520  tft.o(.rodata.ascii_1608)
    ascii_2412                               0x08006612   Data        4560  tft.o(.rodata.ascii_2412)
    tfont12                                  0x0800785e   Data         364  tft.o(.rodata.tfont12)
    tfont16                                  0x080079ca   Data         306  tft.o(.rodata.tfont16)
    tfont24                                  0x08007afc   Data         370  tft.o(.rodata.tfont24)
    Region$$Table$$Base                      0x08007c70   Number         0  anon$$obj.o(Region$$Table)
    Region$$Table$$Limit                     0x08007c90   Number         0  anon$$obj.o(Region$$Table)
    SystemCoreClock                          0x20000000   Data           4  system_gd32e23x.o(.data.SystemCoreClock)
    adc_value                                0x2000000a   Data         600  adc.o(.bss.adc_value)
    oscilloscope                             0x20000278   Data        1224  main.o(.bss.oscilloscope)
    __initial_sp                             0x20000d48   Data           0  startup_gd32e23x.o(STACK)



==============================================================================

Memory Map of the image

  Image Entry point : 0x080000cd

  Load Region LR_IROM1 (Base: 0x08000000, Size: 0x00007c98, Max: 0x00010000, ABSOLUTE)

    Execution Region ER_IROM1 (Exec base: 0x08000000, Load base: 0x08000000, Size: 0x00007c90, Max: 0x00010000, ABSOLUTE)

    Exec Addr    Load Addr    Size         Type   Attr      Idx    E Section Name        Object

    0x08000000   0x08000000   0x000000cc   Data   RO         1169    RESET               startup_gd32e23x.o
    0x080000cc   0x080000cc   0x00000000   Code   RO         1394  * .ARM.Collect$$$$00000000  mc_p.l(entry.o)
    0x080000cc   0x080000cc   0x00000004   Code   RO         1449    .ARM.Collect$$$$00000001  mc_p.l(entry2.o)
    0x080000d0   0x080000d0   0x00000004   Code   RO         1452    .ARM.Collect$$$$00000004  mc_p.l(entry5.o)
    0x080000d4   0x080000d4   0x00000000   Code   RO         1454    .ARM.Collect$$$$00000008  mc_p.l(entry7b.o)
    0x080000d4   0x080000d4   0x00000000   Code   RO         1456    .ARM.Collect$$$$0000000A  mc_p.l(entry8b.o)
    0x080000d4   0x080000d4   0x00000008   Code   RO         1457    .ARM.Collect$$$$0000000B  mc_p.l(entry9a.o)
    0x080000dc   0x080000dc   0x00000000   Code   RO         1459    .ARM.Collect$$$$0000000D  mc_p.l(entry10a.o)
    0x080000dc   0x080000dc   0x00000000   Code   RO         1461    .ARM.Collect$$$$0000000F  mc_p.l(entry11a.o)
    0x080000dc   0x080000dc   0x00000004   Code   RO         1450    .ARM.Collect$$$$00002712  mc_p.l(entry2.o)
    0x080000e0   0x080000e0   0x0000001c   Code   RO         1170    .text               startup_gd32e23x.o
    0x080000fc   0x080000fc   0x000000b2   Code   RO         1425    .text               mf_p.l(fadd.o)
    0x080001ae   0x080001ae   0x0000007a   Code   RO         1427    .text               mf_p.l(fmul.o)
    0x08000228   0x08000228   0x0000007c   Code   RO         1429    .text               mf_p.l(fdiv.o)
    0x080002a4   0x080002a4   0x0000001c   Code   RO         1431    .text               mf_p.l(fcmple.o)
    0x080002c0   0x080002c0   0x0000001c   Code   RO         1433    .text               mf_p.l(fcmplt.o)
    0x080002dc   0x080002dc   0x0000001c   Code   RO         1435    .text               mf_p.l(fcmpge.o)
    0x080002f8   0x080002f8   0x0000001c   Code   RO         1437    .text               mf_p.l(fcmpgt.o)
    0x08000314   0x08000314   0x00000016   Code   RO         1439    .text               mf_p.l(fflti.o)
    0x0800032a   0x0800032a   0x0000000e   Code   RO         1441    .text               mf_p.l(ffltui.o)
    0x08000338   0x08000338   0x00000032   Code   RO         1443    .text               mf_p.l(ffixi.o)
    0x0800036a   0x0800036a   0x00000028   Code   RO         1445    .text               mf_p.l(ffixui.o)
    0x08000392   0x08000392   0x00000028   Code   RO         1447    .text               mf_p.l(f2d.o)
    0x080003ba   0x080003ba   0x00000060   Code   RO         1468    .text               mc_p.l(uldiv.o)
    0x0800041a   0x0800041a   0x00000000   Code   RO         1470    .text               mc_p.l(iusefp.o)
    0x0800041a   0x0800041a   0x00000082   Code   RO         1471    .text               mf_p.l(fepilogue.o)
    0x0800049c   0x0800049c   0x00000164   Code   RO         1473    .text               mf_p.l(dadd.o)
    0x08000600   0x08000600   0x000000d0   Code   RO         1475    .text               mf_p.l(dmul.o)
    0x080006d0   0x080006d0   0x000000f0   Code   RO         1477    .text               mf_p.l(ddiv.o)
    0x080007c0   0x080007c0   0x00000040   Code   RO         1479    .text               mf_p.l(dfixul.o)
    0x08000800   0x08000800   0x00000028   Code   RO         1481    .text               mf_p.l(cdrcmple.o)
    0x08000828   0x08000828   0x00000030   Code   RO         1483    .text               mc_p.l(init.o)
    0x08000858   0x08000858   0x0000003e   Code   RO         1487    .text               mc_p.l(uidiv_div0.o)
    0x08000896   0x08000896   0x00000020   Code   RO         1493    .text               mc_p.l(llshl.o)
    0x080008b6   0x080008b6   0x00000022   Code   RO         1495    .text               mc_p.l(llushr.o)
    0x080008d8   0x080008d8   0x00000026   Code   RO         1497    .text               mc_p.l(llsshr.o)
    0x080008fe   0x080008fe   0x000000be   Code   RO         1499    .text               mf_p.l(depilogue.o)
    0x080009bc   0x080009bc   0x00000068   Code   RO         1297    .text.ADC_DMA_Init  adc.o
    0x08000a24   0x08000a24   0x00000028   Code   RO         1299    .text.ADC_StartCapture  adc.o
    0x08000a4c   0x08000a4c   0x00000040   Code   RO         1196    .text.CLose_LED     led.o
    0x08000a8c   0x08000a8c   0x00000030   Code   RO         1301    .text.DMA_Channel0_IRQHandler  adc.o
    0x08000abc   0x08000abc   0x0000011c   Code   RO         1345    .text.EXTI4_15_IRQHandler  key.o
    0x08000bd8   0x08000bd8   0x00000038   Code   RO         1293    .text.Get_ADC_Value  adc.o
    0x08000c10   0x08000c10   0x00000004   Code   RO            4    .text.HardFault_Handler  gd32e23x_it.o
    0x08000c14   0x08000c14   0x00000094   Code   RO         1295    .text.Init_ADC      adc.o
    0x08000ca8   0x08000ca8   0x00000048   Code   RO         1337    .text.Init_EC11_GPIO  key.o
    0x08000cf0   0x08000cf0   0x000000c8   Code   RO         1359    .text.Init_FreqTimer  freq.o
    0x08000db8   0x08000db8   0x00000088   Code   RO         1335    .text.Init_Key_GPIO  key.o
    0x08000e40   0x08000e40   0x00000064   Code   RO         1194    .text.Init_LED_GPIO  led.o
    0x08000ea4   0x08000ea4   0x0000003c   Code   RO           21    .text.Init_Oscilloscope  main.o
    0x08000ee0   0x08000ee0   0x000000fc   Code   RO         1322    .text.Init_PWM_Output  timer.o
    0x08000fdc   0x08000fdc   0x00000080   Code   RO         1231    .text.Init_SPI0_GPIO  tft_init.o
    0x0800105c   0x0800105c   0x0000008c   Code   RO         1207    .text.Init_SPI0_GPIO16  tft_init.o
    0x080010e8   0x080010e8   0x000000b8   Code   RO         1311    .text.Init_USART    usart.o
    0x080011a0   0x080011a0   0x00000048   Code   RO         1341    .text.KEYD_SCAN     key.o
    0x080011e8   0x080011e8   0x00000200   Code   RO         1339    .text.Key_Handle    key.o
    0x080013e8   0x080013e8   0x000000bc   Code   RO         1343    .text.Key_Sacnf     key.o
    0x080014a4   0x080014a4   0x00000002   Code   RO            2    .text.NMI_Handler   gd32e23x_it.o
    0x080014a6   0x080014a6   0x00000002   Code   RO            8    .text.PendSV_Handler  gd32e23x_it.o
    0x080014a8   0x080014a8   0x000000dc   Code   RO           23    .text.Process_Captured_Frame  main.o
    0x08001584   0x08001584   0x00000028   Code   RO         1211    .text.SPI0_Write    tft_init.o
    0x080015ac   0x080015ac   0x0000002c   Code   RO         1217    .text.SPI0_Write16  tft_init.o
    0x080015d8   0x080015d8   0x00000002   Code   RO            6    .text.SVC_Handler   gd32e23x_it.o
    0x080015da   0x080015da   0x00000002   PAD
    0x080015dc   0x080015dc   0x0000002c   Code   RO         1326    .text.Set_Output_Freq  timer.o
    0x08001608   0x08001608   0x0000001c   Code   RO         1324    .text.Set_Output_PWMComparex  timer.o
    0x08001624   0x08001624   0x00000002   Code   RO           10    .text.SysTick_Handler  gd32e23x_it.o
    0x08001626   0x08001626   0x00000002   PAD
    0x08001628   0x08001628   0x000000fc   Code   RO         1177    .text.SystemInit    system_gd32e23x.o
    0x08001724   0x08001724   0x00000052   Code   RO         1225    .text.TFT_Address_Set16  tft_init.o
    0x08001776   0x08001776   0x00000138   Code   RO         1244    .text.TFT_DrawLine  tft.o
    0x080018ae   0x080018ae   0x0000002c   Code   RO         1242    .text.TFT_DrawPoint  tft.o
    0x080018da   0x080018da   0x00000090   Code   RO         1240    .text.TFT_Fill      tft.o
    0x0800196a   0x0800196a   0x00000002   PAD
    0x0800196c   0x0800196c   0x0000003c   Code   RO         1229    .text.TFT_GPIO_Init  tft_init.o
    0x080019a8   0x080019a8   0x00000230   Code   RO         1227    .text.TFT_Init      tft_init.o
    0x08001bd8   0x08001bd8   0x000001e8   Code   RO         1252    .text.TFT_ShowChar  tft.o
    0x08001dc0   0x08001dc0   0x000000e2   Code   RO         1256    .text.TFT_ShowChinese  tft.o
    0x08001ea2   0x08001ea2   0x00000002   PAD
    0x08001ea4   0x08001ea4   0x000001ec   Code   RO         1258    .text.TFT_ShowChinese12x12  tft.o
    0x08002090   0x08002090   0x000001ec   Code   RO         1260    .text.TFT_ShowChinese16x16  tft.o
    0x0800227c   0x0800227c   0x000001ec   Code   RO         1262    .text.TFT_ShowChinese24x24  tft.o
    0x08002468   0x08002468   0x00000078   Code   RO         1254    .text.TFT_ShowString  tft.o
    0x080024e0   0x080024e0   0x0000022c   Code   RO         1266    .text.TFT_ShowUI    tft.o
    0x0800270c   0x0800270c   0x000002e0   Code   RO         1264    .text.TFT_StaticUI  tft.o
    0x080029ec   0x080029ec   0x0000002c   Code   RO         1215    .text.TFT_WR_DATA16  tft_init.o
    0x08002a18   0x08002a18   0x0000002c   Code   RO         1209    .text.TFT_WR_DATA8  tft_init.o
    0x08002a44   0x08002a44   0x0000003c   Code   RO         1219    .text.TFT_WR_REG    tft_init.o
    0x08002a80   0x08002a80   0x00000040   Code   RO         1221    .text.TFT_WR_REG16  tft_init.o
    0x08002ac0   0x08002ac0   0x0000012c   Code   RO         1361    .text.TIMER2_IRQHandler  freq.o
    0x08002bec   0x08002bec   0x00000034   Code   RO          507    .text.__NVIC_EnableIRQ  gd32e23x_misc.o
    0x08002c20   0x08002c20   0x00000084   Code   RO          505    .text.__NVIC_SetPriority  gd32e23x_misc.o
    0x08002ca4   0x08002ca4   0x00000038   Code   RO           59    .text.adc_calibration_enable  gd32e23x_adc.o
    0x08002cdc   0x08002cdc   0x00000068   Code   RO           75    .text.adc_channel_length_config  gd32e23x_adc.o
    0x08002d44   0x08002d44   0x0000002c   Code   RO           73    .text.adc_data_alignment_config  gd32e23x_adc.o
    0x08002d70   0x08002d70   0x00000010   Code   RO           61    .text.adc_dma_mode_enable  gd32e23x_adc.o
    0x08002d80   0x08002d80   0x00000018   Code   RO           55    .text.adc_enable    gd32e23x_adc.o
    0x08002d98   0x08002d98   0x0000007c   Code   RO           83    .text.adc_external_trigger_config  gd32e23x_adc.o
    0x08002e14   0x08002e14   0x00000050   Code   RO           85    .text.adc_external_trigger_source_config  gd32e23x_adc.o
    0x08002e64   0x08002e64   0x0000015c   Code   RO           77    .text.adc_regular_channel_config  gd32e23x_adc.o
    0x08002fc0   0x08002fc0   0x00000040   Code   RO           87    .text.adc_software_trigger_enable  gd32e23x_adc.o
    0x08003000   0x08003000   0x000000b4   Code   RO           71    .text.adc_special_function_config  gd32e23x_adc.o
    0x080030b4   0x080030b4   0x00000080   Code   RO           40    .text.delay_1ms     systick.o
    0x08003134   0x08003134   0x0000001c   Code   RO          211    .text.dma_channel_disable  gd32e23x_dma.o
    0x08003150   0x08003150   0x0000001c   Code   RO          221    .text.dma_channel_enable  gd32e23x_dma.o
    0x0800316c   0x0800316c   0x0000001c   Code   RO          215    .text.dma_circulation_disable  gd32e23x_dma.o
    0x08003188   0x08003188   0x00000058   Code   RO          205    .text.dma_deinit    gd32e23x_dma.o
    0x080031e0   0x080031e0   0x00000114   Code   RO          209    .text.dma_init      gd32e23x_dma.o
    0x080032f4   0x080032f4   0x00000020   Code   RO          255    .text.dma_interrupt_enable  gd32e23x_dma.o
    0x08003314   0x08003314   0x00000024   Code   RO          253    .text.dma_interrupt_flag_clear  gd32e23x_dma.o
    0x08003338   0x08003338   0x000000c4   Code   RO          251    .text.dma_interrupt_flag_get  gd32e23x_dma.o
    0x080033fc   0x080033fc   0x00000024   Code   RO          227    .text.dma_transfer_number_config  gd32e23x_dma.o
    0x08003420   0x08003420   0x00000140   Code   RO         1250    .text.drawCurve     tft.o
    0x08003560   0x08003560   0x000000e0   Code   RO          268    .text.exti_init     gd32e23x_exti.o
    0x08003640   0x08003640   0x00000010   Code   RO          288    .text.exti_interrupt_flag_clear  gd32e23x_exti.o
    0x08003650   0x08003650   0x0000002c   Code   RO          286    .text.exti_interrupt_flag_get  gd32e23x_exti.o
    0x0800367c   0x0800367c   0x000000c0   Code   RO          411    .text.gpio_af_set   gd32e23x_gpio.o
    0x0800373c   0x0800373c   0x00000010   Code   RO          397    .text.gpio_bit_reset  gd32e23x_gpio.o
    0x0800374c   0x0800374c   0x00000010   Code   RO          395    .text.gpio_bit_set  gd32e23x_gpio.o
    0x0800375c   0x0800375c   0x0000002a   Code   RO          403    .text.gpio_input_bit_get  gd32e23x_gpio.o
    0x08003786   0x08003786   0x0000008e   Code   RO          391    .text.gpio_mode_set  gd32e23x_gpio.o
    0x08003814   0x08003814   0x0000008a   Code   RO          393    .text.gpio_output_options_set  gd32e23x_gpio.o
    0x0800389e   0x0800389e   0x00000002   PAD
    0x080038a0   0x080038a0   0x000000a8   Code   RO           19    .text.main          main.o
    0x08003948   0x08003948   0x0000002c   Code   RO          503    .text.nvic_irq_enable  gd32e23x_misc.o
    0x08003974   0x08003974   0x00000024   Code   RO          517    .text.nvic_vector_table_set  gd32e23x_misc.o
    0x08003998   0x08003998   0x0000018c   Code   RO          593    .text.rcu_adc_clock_config  gd32e23x_rcu.o
    0x08003b24   0x08003b24   0x000002f8   Code   RO          631    .text.rcu_clock_freq_get  gd32e23x_rcu.o
    0x08003e1c   0x08003e1c   0x00000024   Code   RO          567    .text.rcu_periph_clock_enable  gd32e23x_rcu.o
    0x08003e40   0x08003e40   0x00000024   Code   RO          577    .text.rcu_periph_reset_disable  gd32e23x_rcu.o
    0x08003e64   0x08003e64   0x00000028   Code   RO          575    .text.rcu_periph_reset_enable  gd32e23x_rcu.o
    0x08003e8c   0x08003e8c   0x0000018c   Code   RO         1373    .text.scope_analyze_frame  scope_math.o
    0x08004018   0x08004018   0x000000cc   Code   RO         1375    .text.scope_scale_to_plot  scope_math.o
    0x080040e4   0x080040e4   0x00000012   Code   RO          727    .text.spi_enable    gd32e23x_spi.o
    0x080040f6   0x080040f6   0x00000002   PAD
    0x080040f8   0x080040f8   0x0000004c   Code   RO          761    .text.spi_i2s_data_transmit  gd32e23x_spi.o
    0x08004144   0x08004144   0x00000048   Code   RO          721    .text.spi_i2s_deinit  gd32e23x_spi.o
    0x0800418c   0x0800418c   0x00000080   Code   RO          803    .text.spi_i2s_flag_get  gd32e23x_spi.o
    0x0800420c   0x0800420c   0x00000138   Code   RO          725    .text.spi_init      gd32e23x_spi.o
    0x08004344   0x08004344   0x0000002a   Code   RO          723    .text.spi_struct_para_init  gd32e23x_spi.o
    0x0800436e   0x0800436e   0x00000002   PAD
    0x08004370   0x08004370   0x000000b4   Code   RO          828    .text.syscfg_exti_line_config  gd32e23x_syscfg.o
    0x08004424   0x08004424   0x000000e4   Code   RO         1183    .text.system_clock_72m_hxtal  system_gd32e23x.o
    0x08004508   0x08004508   0x00000008   Code   RO         1179    .text.system_clock_config  system_gd32e23x.o
    0x08004510   0x08004510   0x0000002c   Code   RO          523    .text.systick_clksource_set  gd32e23x_misc.o
    0x0800453c   0x0800453c   0x00000040   Code   RO           34    .text.systick_config  systick.o
    0x0800457c   0x0800457c   0x00000012   Code   RO          855    .text.timer_auto_reload_shadow_enable  gd32e23x_timer.o
    0x0800458e   0x0800458e   0x00000012   Code   RO          873    .text.timer_autoreload_value_config  gd32e23x_timer.o
    0x080045a0   0x080045a0   0x00000096   Code   RO         1384    .text.timer_capture_elapsed  timer_math.o
    0x08004636   0x08004636   0x00000002   PAD
    0x08004638   0x08004638   0x00000058   Code   RO          955    .text.timer_channel_capture_value_register_read  gd32e23x_timer.o
    0x08004690   0x08004690   0x0000009e   Code   RO          953    .text.timer_channel_input_capture_prescaler_config  gd32e23x_timer.o
    0x0800472e   0x0800472e   0x0000001c   Code   RO          949    .text.timer_channel_input_struct_para_init  gd32e23x_timer.o
    0x0800474a   0x0800474a   0x00000002   PAD
    0x0800474c   0x0800474c   0x000002f4   Code   RO          929    .text.timer_channel_output_config  gd32e23x_timer.o
    0x08004a40   0x08004a40   0x0000009e   Code   RO          931    .text.timer_channel_output_mode_config  gd32e23x_timer.o
    0x08004ade   0x08004ade   0x00000002   PAD
    0x08004ae0   0x08004ae0   0x00000052   Code   RO          933    .text.timer_channel_output_pulse_value_config  gd32e23x_timer.o
    0x08004b32   0x08004b32   0x00000002   PAD
    0x08004b34   0x08004b34   0x0000009e   Code   RO          935    .text.timer_channel_output_shadow_config  gd32e23x_timer.o
    0x08004bd2   0x08004bd2   0x00000022   Code   RO          927    .text.timer_channel_output_struct_para_init  gd32e23x_timer.o
    0x08004bf4   0x08004bf4   0x000000e8   Code   RO          845    .text.timer_deinit  gd32e23x_timer.o
    0x08004cdc   0x08004cdc   0x00000012   Code   RO          853    .text.timer_disable  gd32e23x_timer.o
    0x08004cee   0x08004cee   0x00000012   Code   RO          851    .text.timer_enable  gd32e23x_timer.o
    0x08004d00   0x08004d00   0x00000016   Code   RO          907    .text.timer_event_software_generate  gd32e23x_timer.o
    0x08004d16   0x08004d16   0x00000002   PAD
    0x08004d18   0x08004d18   0x000000fc   Code   RO          849    .text.timer_init    gd32e23x_timer.o
    0x08004e14   0x08004e14   0x000001be   Code   RO          951    .text.timer_input_capture_config  gd32e23x_timer.o
    0x08004fd2   0x08004fd2   0x00000014   Code   RO          887    .text.timer_interrupt_enable  gd32e23x_timer.o
    0x08004fe6   0x08004fe6   0x00000012   Code   RO          893    .text.timer_interrupt_flag_clear  gd32e23x_timer.o
    0x08004ff8   0x08004ff8   0x0000003a   Code   RO          891    .text.timer_interrupt_flag_get  gd32e23x_timer.o
    0x08005032   0x08005032   0x00000028   Code   RO         1386    .text.timer_pending_wrap_precedes_capture  timer_math.o
    0x0800505a   0x0800505a   0x00000030   Code   RO          921    .text.timer_primary_output_config  gd32e23x_timer.o
    0x0800508a   0x0800508a   0x00000002   PAD
    0x0800508c   0x0800508c   0x00000028   Code   RO          847    .text.timer_struct_para_init  gd32e23x_timer.o
    0x080050b4   0x080050b4   0x000000b0   Code   RO         1000    .text.usart_baudrate_set  gd32e23x_usart.o
    0x08005164   0x08005164   0x00000054   Code   RO          998    .text.usart_deinit  gd32e23x_usart.o
    0x080051b8   0x080051b8   0x00000012   Code   RO         1008    .text.usart_enable  gd32e23x_usart.o
    0x080051ca   0x080051ca   0x0000002a   Code   RO         1002    .text.usart_parity_config  gd32e23x_usart.o
    0x080051f4   0x080051f4   0x0000001e   Code   RO         1014    .text.usart_receive_config  gd32e23x_usart.o
    0x08005212   0x08005212   0x0000002a   Code   RO         1006    .text.usart_stop_bit_set  gd32e23x_usart.o
    0x0800523c   0x0800523c   0x0000001e   Code   RO         1012    .text.usart_transmit_config  gd32e23x_usart.o
    0x0800525a   0x0800525a   0x0000002a   Code   RO         1004    .text.usart_word_length_set  gd32e23x_usart.o
    0x08005284   0x08005284   0x00000028   Code   RO         1400    i.__0sprintf        mc_p.l(printfa.o)
    0x080052ac   0x080052ac   0x0000002e   Code   RO         1501    i.__ARM_clz         mf_p.l(depilogue.o)
    0x080052da   0x080052da   0x0000000e   Code   RO         1505    i.__scatterload_copy  mc_p.l(handlers.o)
    0x080052e8   0x080052e8   0x00000002   Code   RO         1506    i.__scatterload_null  mc_p.l(handlers.o)
    0x080052ea   0x080052ea   0x0000000e   Code   RO         1507    i.__scatterload_zeroinit  mc_p.l(handlers.o)
    0x080052f8   0x080052f8   0x00000174   Code   RO         1405    i._fp_digits        mc_p.l(printfa.o)
    0x0800546c   0x0800546c   0x000006ec   Code   RO         1406    i._printf_core      mc_p.l(printfa.o)
    0x08005b58   0x08005b58   0x00000020   Code   RO         1407    i._printf_post_padding  mc_p.l(printfa.o)
    0x08005b78   0x08005b78   0x0000002c   Code   RO         1408    i._printf_pre_padding  mc_p.l(printfa.o)
    0x08005ba4   0x08005ba4   0x0000000a   Code   RO         1410    i._sputc            mc_p.l(printfa.o)
    0x08005bae   0x08005bae   0x00000474   Data   RO         1268    .rodata.ascii_1206  tft.o
    0x08006022   0x08006022   0x000005f0   Data   RO         1269    .rodata.ascii_1608  tft.o
    0x08006612   0x08006612   0x000011d0   Data   RO         1270    .rodata.ascii_2412  tft.o
    0x080077e2   0x080077e2   0x0000003c   Data   RO         1278    .rodata.str1.1      tft.o
    0x0800781e   0x0800781e   0x00000007   Data   RO         1281    .rodata.text_duty_ratio  tft.o
    0x08007825   0x08007825   0x00000009   Data   RO         1283    .rodata.text_input_freq  tft.o
    0x0800782e   0x0800782e   0x00000009   Data   RO         1282    .rodata.text_input_peak  tft.o
    0x08007837   0x08007837   0x00000005   Data   RO         1285    .rodata.text_off    tft.o
    0x0800783c   0x0800783c   0x00000005   Data   RO         1284    .rodata.text_on     tft.o
    0x08007841   0x08007841   0x00000009   Data   RO         1280    .rodata.text_output_freq  tft.o
    0x0800784a   0x0800784a   0x00000009   Data   RO         1279    .rodata.text_output_state  tft.o
    0x08007853   0x08007853   0x0000000b   Data   RO         1277    .rodata.text_scope_title  tft.o
    0x0800785e   0x0800785e   0x0000016c   Data   RO         1271    .rodata.tfont12     tft.o
    0x080079ca   0x080079ca   0x00000132   Data   RO         1272    .rodata.tfont16     tft.o
    0x08007afc   0x08007afc   0x00000172   Data   RO         1273    .rodata.tfont24     tft.o
    0x08007c6e   0x08007c6e   0x00000002   PAD
    0x08007c70   0x08007c70   0x00000020   Data   RO         1504    Region$$Table       anon$$obj.o


    Execution Region RW_IRAM1 (Exec base: 0x20000000, Load base: 0x08007c90, Size: 0x00000d48, Max: 0x00002000, ABSOLUTE)

    Exec Addr    Load Addr    Size         Type   Attr      Idx    E Section Name        Object

    0x20000000   0x08007c90   0x00000004   Data   RW         1185    .data.SystemCoreClock  system_gd32e23x.o
    0x20000004   0x08007c94   0x00000001   Data   RW         1274    .data.firstPoint    tft.o
    0x20000005   0x08007c95   0x00000003   PAD
    0x20000008        -       0x00000001   Zero   RW         1350    .bss.EXTI4_15_IRQHandler.A_cnt  key.o
    0x20000009        -       0x00000001   Zero   RW         1351    .bss.EXTI4_15_IRQHandler.B_value  key.o
    0x2000000a        -       0x00000258   Zero   RW         1303    .bss.adc_value      adc.o
    0x20000262        -       0x00000001   Zero   RW         1363    .bss.capture_active  freq.o
    0x20000263   0x08007c95   0x00000001   PAD
    0x20000264        -       0x00000004   Zero   RW           45    .bss.count_1ms      systick.o
    0x20000268        -       0x00000004   Zero   RW           44    .bss.count_1us      systick.o
    0x2000026c        -       0x00000002   Zero   RW         1365    .bss.first_capture  freq.o
    0x2000026e        -       0x00000001   Zero   RW         1347    .bss.key1_state     key.o
    0x2000026f        -       0x00000001   Zero   RW         1348    .bss.key2_state     key.o
    0x20000270        -       0x00000001   Zero   RW         1349    .bss.key3_state     key.o
    0x20000271   0x08007c95   0x00000001   PAD
    0x20000272        -       0x00000002   Zero   RW         1275    .bss.lastX          tft.o
    0x20000274        -       0x00000002   Zero   RW         1276    .bss.lastY          tft.o
    0x20000276   0x08007c95   0x00000002   PAD
    0x20000278        -       0x000004c8   Zero   RW           25    .bss.oscilloscope   main.o
    0x20000740        -       0x00000002   Zero   RW         1364    .bss.overflow_count  freq.o
    0x20000742   0x08007c95   0x00000006   PAD
    0x20000748        -       0x00000600   Zero   RW         1167    STACK               startup_gd32e23x.o


==============================================================================

Image component sizes


      Code (inc. data)   RO Data    RW Data    ZI Data      Debug   Object Name

       396         12          0          0        600       3364   adc.o
       500         40          0          0          5       3090   freq.o
      1040         40          0          0          0       7712   gd32e23x_adc.o
       748         24          0          0          0       5585   gd32e23x_dma.o
       284         20          0          0          0       3130   gd32e23x_exti.o
       546          0          0          0          0       4263   gd32e23x_gpio.o
        12          0          0          0          0        704   gd32e23x_it.o
       308         24          0          0          0       3896   gd32e23x_misc.o
      1268         52          0          0          0      11363   gd32e23x_rcu.o
       648         16          0          0          0       9129   gd32e23x_spi.o
       180         16          0          0          0       2778   gd32e23x_syscfg.o
      2670         76          0          0          0      16972   gd32e23x_timer.o
       464         20          0          0          0      13722   gd32e23x_usart.o
      1264         56          0          0          5       4651   key.o
       164         12          0          0          0       1480   led.o
       448         16          0          0       1224       1998   main.o
       600          4          0          0          0       1835   scope_math.o
        28          8        204          0       1536        724   startup_gd32e23x.o
       488         56          0          4          0       1934   system_gd32e23x.o
       192         36          0          0          8       1761   systick.o
      4422        116       8384          1          4       9371   tft.o
      1266         28          0          0          0       3379   tft_init.o
       324         12          0          0          0       2216   timer.o
       190          0          0          0          0       1147   timer_math.o
       184         12          0          0          0       2289   usart.o

    ----------------------------------------------------------------------
     18660        696       8622          8       3392     118493   Object Totals
         0          0         32          0          0          0   (incl. Generated)
        26          0          2          3         10          0   (incl. Padding)

    ----------------------------------------------------------------------

      Code (inc. data)   RO Data    RW Data    ZI Data      Debug   Library Member Name

         0          0          0          0          0          0   entry.o
         0          0          0          0          0          0   entry10a.o
         0          0          0          0          0          0   entry11a.o
         8          4          0          0          0          0   entry2.o
         4          0          0          0          0          0   entry5.o
         0          0          0          0          0          0   entry7b.o
         0          0          0          0          0          0   entry8b.o
         8          4          0          0          0          0   entry9a.o
        30          0          0          0          0          0   handlers.o
        48         10          0          0          0         68   init.o
         0          0          0          0          0          0   iusefp.o
        32          0          0          0          0         68   llshl.o
        38          0          0          0          0         68   llsshr.o
        34          0          0          0          0         68   llushr.o
      2270         94          0          0          0        472   printfa.o
        62          0          0          0          0         72   uidiv_div0.o
        96          0          0          0          0         84   uldiv.o
        40          2          0          0          0         68   cdrcmple.o
       356          4          0          0          0        140   dadd.o
       240          6          0          0          0         84   ddiv.o
       236          0          0          0          0        216   depilogue.o
        64         10          0          0          0         68   dfixul.o
       208          6          0          0          0         88   dmul.o
        40          0          0          0          0         60   f2d.o
       178          0          0          0          0        108   fadd.o
        28          0          0          0          0         60   fcmpge.o
        28          0          0          0          0         60   fcmpgt.o
        28          0          0          0          0         60   fcmple.o
        28          0          0          0          0         60   fcmplt.o
       124          0          0          0          0         72   fdiv.o
       130          0          0          0          0        144   fepilogue.o
        50          0          0          0          0         60   ffixi.o
        40          0          0          0          0         60   ffixui.o
        22          0          0          0          0         68   fflti.o
        14          0          0          0          0         68   ffltui.o
       122          0          0          0          0         72   fmul.o

    ----------------------------------------------------------------------
      4606        140          0          0          0       2516   Library Totals
         0          0          0          0          0          0   (incl. Padding)

    ----------------------------------------------------------------------

      Code (inc. data)   RO Data    RW Data    ZI Data      Debug   Library Name

      2630        112          0          0          0        900   mc_p.l
      1976         28          0          0          0       1616   mf_p.l

    ----------------------------------------------------------------------
      4606        140          0          0          0       2516   Library Totals

    ----------------------------------------------------------------------

==============================================================================


      Code (inc. data)   RO Data    RW Data    ZI Data      Debug   

     23266        836       8622          8       3392     119417   Grand Totals
     23266        836       8622          8       3392     119417   ELF Image Totals
     23266        836       8622          8          0          0   ROM Totals

==============================================================================

    Total RO  Size (Code + RO Data)                31888 (  31.14kB)
    Total RW  Size (RW Data + ZI Data)              3400 (   3.32kB)
    Total ROM Size (Code + RO Data + RW Data)      31896 (  31.15kB)

==============================================================================

