*** Using Compiler 'V6.24', folder: 'D:\Keil 5\ARM\ARMCLANG\Bin'
Rebuild target 'Target 1'
compiling gd32e23x_it.c...
compiling gd32e23x_cmp.c...
compiling gd32e23x_dbg.c...
compiling main.c...
compiling gd32e23x_dma.c...
compiling gd32e23x_fwdgt.c...
compiling gd32e23x_i2c.c...
compiling gd32e23x_crc.c...
compiling gd32e23x_misc.c...
compiling gd32e23x_fmc.c...
compiling systick.c...
compiling gd32e23x_timer.c...
compiling gd32e23x_exti.c...
compiling gd32e23x_adc.c...
compiling gd32e23x_spi.c...
compiling system_gd32e23x.c...
compiling gd32e23x_wwdgt.c...
compiling gd32e23x_pmu.c...
compiling gd32e23x_syscfg.c...
compiling gd32e23x_rtc.c...
compiling led.c...
compiling gd32e23x_gpio.c...
compiling gd32e23x_rcu.c...
compiling gd32e23x_usart.c...
assembling startup_gd32e23x.s...
linking...
Program Size: Code=1952 RO-data=236 RW-data=4 ZI-data=1036  
FromELF: creating hex file...
".\Objects\GD32E230C8T6.axf" - 0 Error(s), 0 Warning(s).
Build Time Elapsed:  00:00:02
