<html>
<body>
<pre>
<h1>礦ision Build Log</h1>
<h2>Tool Versions:</h2>
IDE-Version: μVision V5.38.0.0
Copyright (C) 2022 ARM Ltd and ARM Germany GmbH. All rights reserved.
License Information: abc abc, abc, LIC=21E4T-RX09G-74YS0-B3B2I-JFC8E-HWIHZ
 
Tool Versions:
Toolchain:       MDK-ARM Plus  Version: 5.38.0.0
Toolchain Path:  D:\Keil_Arm\ARM\ARMCLANG\Bin
C Compiler:      ArmClang.exe V6.19
Assembler:       Armasm.exe V6.19
Linker/Locator:  ArmLink.exe V6.19
Library Manager: ArmAr.exe V6.19
Hex Converter:   FromElf.exe V6.19
CPU DLL:         
Dialog DLL:      
Target DLL:      CMSIS_AGDI_V8M.DLL V1.7.20.0
Dialog DLL:      TCM.DLL V1.56.4.0
 
<h2>Project:</h2>
D:\GD32E230\简易示波器-最终案例\Oscilloscope\Project\Oscilloscope.uvprojx
Project File Date:  01/23/2024

<h2>Output:</h2>
*** Using Compiler 'V6.19', folder: 'D:\Keil_Arm\ARM\ARMCLANG\Bin'
Rebuild target 'GD32E230C8T6'
compiling systick.c...
compiling gd32e23x_it.c...
compiling gd32e23x_dbg.c...
compiling main.c...
compiling gd32e23x_cmp.c...
compiling gd32e23x_adc.c...
compiling gd32e23x_crc.c...
compiling gd32e23x_dma.c...
compiling gd32e23x_exti.c...
compiling gd32e23x_fmc.c...
compiling gd32e23x_fwdgt.c...
compiling gd32e23x_gpio.c...
compiling gd32e23x_i2c.c...
compiling gd32e23x_misc.c...
compiling gd32e23x_pmu.c...
compiling gd32e23x_rcu.c...
compiling gd32e23x_rtc.c...
compiling gd32e23x_spi.c...
compiling gd32e23x_syscfg.c...
compiling gd32e23x_usart.c...
compiling gd32e23x_timer.c...
compiling gd32e23x_wwdgt.c...
compiling led.c...
assembling startup_gd32e23x.s...
compiling system_gd32e23x.c...
compiling tft_init.c...
compiling usart.c...
compiling tft.c...
compiling adc.c...
compiling timer.c...
compiling freq.c...
compiling key.c...
linking...
Program Size: Code=22514 RO-data=8602 RW-data=8 ZI-data=3392  
FromELF: creating hex file...
".\Objects\Oscilloscope.axf" - 0 Error(s), 0 Warning(s).

<h2>Software Packages used:</h2>

Package Vendor: ARM
                http://www.keil.com/pack/ARM.CMSIS.5.9.0.pack
                ARM.CMSIS.5.9.0
                CMSIS (Common Microcontroller Software Interface Standard)
   * Component: CORE Version: 5.6.0

Package Vendor: GigaDevice
                http://gd32mcu.com/data/documents/pack/GigaDevice.GD32E23x_DFP.1.1.0.pack
                GigaDevice.GD32E23x_DFP.1.1.0
                GigaDevice GD32E23x Series Device Support and Examples

<h2>Collection of Component include folders:</h2>
  ./RTE/_GD32E230C8T6
  D:/Keil_Arm/Pack/ARM/CMSIS/5.9.0/CMSIS/Core/Include
  D:/Keil_Arm/Pack/GigaDevice/GD32E23x_DFP/1.1.0/Device/Include

<h2>Collection of Component Files used:</h2>

   * Component: ARM::CMSIS:CORE:5.6.0
Build Time Elapsed:  00:00:03
</pre>
</body>
</html>
