<html>
<body>
<pre>
<h1>�Vision Build Log</h1>
<h2>Tool Versions:</h2>
IDE-Version: ��Vision V5.43.1.0
Copyright (C) 2025 ARM Ltd and ARM Germany GmbH. All rights reserved.
License Information: Jiao JJ, BY56, LIC=----
 
Tool Versions:
Toolchain:       MDK-Lite  Version: 5.43.0.0
Toolchain Path:  D:\Keil 5\ARM\ARMCLANG\Bin
C Compiler:      ArmClang.exe V6.24
Assembler:       Armasm.exe V6.24
Linker/Locator:  ArmLink.exe V6.24
Library Manager: ArmAr.exe V6.24
Hex Converter:   FromElf.exe V6.24
CPU DLL:         
Dialog DLL:      
Target DLL:      CMSIS_AGDI_V8M.DLL V1.8.8.0
Dialog DLL:      TCM.DLL V1.56.6.0
 
<h2>Project:</h2>
D:\26dianzhuang\code\GD32E230-Oscilloscope\Demo09-LCD\Template\Project\GD32E230C8T6.uvprojx
Project File Date:  08/28/2026

<h2>Output:</h2>
*** Using Compiler 'V6.24', folder: 'D:\Keil 5\ARM\ARMCLANG\Bin'
Rebuild target 'Target 1'
compiling gd32e23x_it.c...
compiling gd32e23x_cmp.c...
compiling gd32e23x_i2c.c...
compiling gd32e23x_crc.c...
compiling gd32e23x_dbg.c...
compiling gd32e23x_usart.c...
compiling main.c...
compiling gd32e23x_fmc.c...
compiling gd32e23x_fwdgt.c...
compiling gd32e23x_pmu.c...
compiling gd32e23x_spi.c...
compiling gd32e23x_misc.c...
compiling gd32e23x_gpio.c...
compiling gd32e23x_dma.c...
compiling gd32e23x_adc.c...
compiling gd32e23x_rcu.c...
compiling gd32e23x_exti.c...
compiling gd32e23x_wwdgt.c...
compiling systick.c...
assembling startup_gd32e23x.s...
compiling gd32e23x_syscfg.c...
compiling led.c...
compiling system_gd32e23x.c...
compiling tft_init.c...
compiling gd32e23x_rtc.c...
../Hardware/TFT/tft.c(4): warning: In file included from...
../Hardware/TFT\font.h(209): warning: initializer-string for char array is too long [-Wexcess-initializers]
  209 | "简",0x04,0x02,0xFC,0x7E,0x12,0x09,0xA1,0x10,0x08,0x00,0xD0,0x1F,0x04,0x10,0xE4,0x13,
      | ^~~~
../Hardware/TFT\font.h(211): warning: initializer-string for char array is too long [-Wexcess-initializers]
  211 | "易",0xF0,0x0F,0x10,0x08,0x10,0x08,0xF0,0x0F,0x10,0x08,0x10,0x08,0xF0,0x0F,0x20,0x00,
      | ^~~~
../Hardware/TFT\font.h(213): warning: initializer-string for char array is too long [-Wexcess-initializers]
  213 | "示",0x00,0x00,0xFC,0x1F,0x00,0x00,0x00,0x00,0x00,0x00,0x00,0x00,0xFF,0x7F,0x80,0x00,
      | ^~~~
../Hardware/TFT\font.h(215): warning: initializer-string for char array is too long [-Wexcess-initializers]
  215 | "波",0x00,0x04,0x04,0x04,0x08,0x04,0xC8,0x7F,0x41,0x44,0x42,0x24,0x52,0x04,0xD0,0x3F,
      | ^~~~
../Hardware/TFT\font.h(217): warning: initializer-string for char array is too long [-Wexcess-initializers]
  217 | "器",0x00,0x00,0x7C,0x3E,0x44,0x22,0x44,0x22,0x7C,0x3E,0x80,0x04,0x80,0x08,0xFF,0x7F,
      | ^~~~
../Hardware/TFT\font.h(230): warning: initializer-string for char array is too long [-Wexcess-initializers]
  230 | "简",0x00,0x00,0x00,0x20,0x40,0x00,0x60,0xC0,0x00,0x20,0x60,0x00,0xF0,0xEF,0x3F,0x98,
      | ^~~~
../Hardware/TFT\font.h(235): warning: initializer-string for char array is too long [-Wexcess-initializers]
  235 | "易",0x00,0x00,0x00,0x00,0x00,0x00,0xC0,0xFF,0x03,0xC0,0x00,0x02,0xC0,0x00,0x02,0xC0,
      | ^~~~
../Hardware/TFT\font.h(240): warning: initializer-string for char array is too long [-Wexcess-initializers]
  240 | "示",0x00,0x00,0x00,0x00,0x00,0x00,0x00,0x00,0x04,0xF0,0xFF,0x0F,0x00,0x00,0x00,0x00,
      | ^~~~
../Hardware/TFT\font.h(245): warning: initializer-string for char array is too long [-Wexcess-initializers]
  245 | "波",0x00,0x00,0x00,0x00,0xC0,0x00,0x10,0x80,0x00,0x30,0x80,0x00,0x20,0x80,0x00,0x00,
      | ^~~~
../Hardware/TFT\font.h(250): warning: initializer-string for char array is too long [-Wexcess-initializers]
  250 | "器",0x00,0x00,0x00,0x00,0x00,0x00,0xF0,0xE3,0x0F,0x30,0x66,0x0C,0x30,0x66,0x0C,0x30,
      | ^~~~
../Hardware/TFT/tft.c(387): warning: illegal character encoding in string literal [-Winvalid-source-encoding]
  387 |     TFT_ShowChinese(40,0,"<BC><F2><D2><D7>ʾ<B2><A8><C6><F7>",BLACK,GREEN,16,0);
      |                           ^~~~~~~~~~~~~~~~ ~~~~~~~~~~~~~~~~
../Hardware/TFT/tft.c(387): warning: passing 'char[11]' to parameter of type 'uint8_t *' (aka 'unsigned char *') converts between pointers to integer types where one is of the unique plain 'char' type and the other is not [-Wpointer-sign]
  387 |     TFT_ShowChinese(40,0,"<BC><F2><D2><D7>ʾ<B2><A8><C6><F7>",BLACK,GREEN,16,0);
      |                          ^~~~~~~~~~~~~~~~~~~~~~~~~~~~~~~~~~~
../Hardware/TFT/tft.c(237): note: passing argument to parameter 's' here
  237 | void TFT_ShowChinese(uint16_t x,uint16_t y,uint8_t *s,uint16_t fc,uint16_t bc,uint8_t sizey,uint8_t mode)
      |                                                     ^
12 warnings generated.
compiling tft.c...
compiling gd32e23x_timer.c...
linking...
Program Size: Code=3980 RO-data=236 RW-data=4 ZI-data=1036  
FromELF: creating hex file...
".\Objects\GD32E230C8T6.axf" - 0 Error(s), 12 Warning(s).

<h2>Software Packages used:</h2>

Package Vendor: ARM
                https://www.keil.com/pack/ARM.CMSIS.6.3.0.pack
                ARM::CMSIS@6.3.0
                CMSIS (Common Microcontroller Software Interface Standard)
   * Component: CORE Version: 6.2.0

Package Vendor: GigaDevice
                http://gd32mcu.com/data/documents/pack/GigaDevice.GD32E23x_DFP.1.1.0.pack
                GigaDevice::GD32E23x_DFP@1.1.0
                GigaDevice GD32E23x Series Device Support and Examples

<h2>Collection of Component include folders:</h2>
  ./RTE/_Target_1
  D:/Keil 5/ARM/CMSIS/6.3.0/CMSIS/Core/Include
  D:/Keil 5/GigaDevice/GD32E23x_DFP/1.1.0/Device/Include

<h2>Collection of Component Files used:</h2>

   * Component: ARM::CMSIS:CORE@6.2.0
Build Time Elapsed:  00:00:02
</pre>
</body>
</html>
