<html>
<body>
<pre>
<h1>µVision Build Log</h1>
<h2>Tool Versions:</h2>
IDE-Version: ¦ÌVision V5.43.1.0
Copyright (C) 2025 ARM Ltd and ARM Germany GmbH. All rights reserved.
License Information: Jiao JJ, BY56, LIC=----
 
Tool Versions:
Toolchain:       MDK-Lite  Version: 5.43.0.0
Toolchain Path:  D:\Keil 5\ARM\ARMCLANG\Bin
C Compiler:      ArmClang.exe V6.24
Assembler:       Armasm.exe V6.24
Linker/Locator:  ArmLink.exe V6.24
Library Manager: ArmAr.exe V6.24
Hex Converter:   FromElf.exe V6.24
CPU DLL:         
Dialog DLL:      
Target DLL:      CMSIS_AGDI_V8M.DLL V1.8.8.0
Dialog DLL:      TCM.DLL V1.56.6.0
 
<h2>Project:</h2>
D:\26dianzhuang\code\GD32E230-Oscilloscope\Demo03-UART\Template\Project\GD32E230C8T6.uvprojx
Project File Date:  08/28/2026

<h2>Output:</h2>
*** Using Compiler 'V6.24', folder: 'D:\Keil 5\ARM\ARMCLANG\Bin'
Rebuild target 'Target 1'
compiling main.c...
compiling gd32e23x_fwdgt.c...
compiling gd32e23x_wwdgt.c...
compiling gd32e23x_fmc.c...
compiling systick.c...
compiling system_gd32e23x.c...
compiling gd32e23x_usart.c...
compiling gd32e23x_timer.c...
compiling gd32e23x_crc.c...
compiling gd32e23x_cmp.c...
compiling usart.c...
compiling gd32e23x_dbg.c...
compiling gd32e23x_adc.c...
compiling gd32e23x_misc.c...
compiling gd32e23x_syscfg.c...
compiling key.c...
compiling gd32e23x_spi.c...
compiling led.c...
compiling gd32e23x_dma.c...
compiling gd32e23x_pmu.c...
compiling gd32e23x_exti.c...
compiling gd32e23x_it.c...
compiling gd32e23x_gpio.c...
assembling startup_gd32e23x.s...
compiling gd32e23x_rtc.c...
compiling gd32e23x_i2c.c...
compiling gd32e23x_rcu.c...
linking...
Program Size: Code=8604 RO-data=256 RW-data=8 ZI-data=1296  
FromELF: creating hex file...
".\Objects\GD32E230C8T6.axf" - 0 Error(s), 0 Warning(s).

<h2>Software Packages used:</h2>

Package Vendor: ARM
                https://www.keil.com/pack/ARM.CMSIS.6.3.0.pack
                ARM::CMSIS@6.3.0
                CMSIS (Common Microcontroller Software Interface Standard)
   * Component: CORE Version: 6.2.0

Package Vendor: GigaDevice
                http://gd32mcu.com/data/documents/pack/GigaDevice.GD32E23x_DFP.1.1.0.pack
                GigaDevice::GD32E23x_DFP@1.1.0
                GigaDevice GD32E23x Series Device Support and Examples

<h2>Collection of Component include folders:</h2>
  ./RTE/_Target_1
  D:/Keil 5/ARM/CMSIS/6.3.0/CMSIS/Core/Include
  D:/Keil 5/GigaDevice/GD32E23x_DFP/1.1.0/Device/Include

<h2>Collection of Component Files used:</h2>

   * Component: ARM::CMSIS:CORE@6.2.0
Build Time Elapsed:  00:00:03
</pre>
</body>
</html>
