Component: Arm Compiler for Embedded 6.19 Tool: armlink [5e73cb00]

==============================================================================

Section Cross References

    gd32e23x_it.o(.ARM.exidx.text.NMI_Handler) refers to gd32e23x_it.o(.text.NMI_Handler) for [Anonymous Symbol]
    gd32e23x_it.o(.ARM.exidx.text.HardFault_Handler) refers to gd32e23x_it.o(.text.HardFault_Handler) for [Anonymous Symbol]
    gd32e23x_it.o(.ARM.exidx.text.SVC_Handler) refers to gd32e23x_it.o(.text.SVC_Handler) for [Anonymous Symbol]
    gd32e23x_it.o(.ARM.exidx.text.PendSV_Handler) refers to gd32e23x_it.o(.text.PendSV_Handler) for [Anonymous Symbol]
    gd32e23x_it.o(.ARM.exidx.text.SysTick_Handler) refers to gd32e23x_it.o(.text.SysTick_Handler) for [Anonymous Symbol]
    main.o(.text.main) refers to main.o(.text.Init_Oscilloscope) for Init_Oscilloscope
    main.o(.text.main) refers to systick.o(.text.systick_config) for systick_config
    main.o(.text.main) refers to led.o(.text.Init_LED_GPIO) for Init_LED_GPIO
    main.o(.text.main) refers to tft_init.o(.text.TFT_Init) for TFT_Init
    main.o(.text.main) refers to tft.o(.text.TFT_Fill) for TFT_Fill
    main.o(.text.main) refers to usart.o(.text.Init_USART) for Init_USART
    main.o(.text.main) refers to adc.o(.text.ADC_DMA_Init) for ADC_DMA_Init
    main.o(.text.main) refers to adc.o(.text.Init_ADC) for Init_ADC
    main.o(.text.main) refers to timer.o(.text.Init_PWM_Output) for Init_PWM_Output
    main.o(.text.main) refers to key.o(.text.Init_EC11_GPIO) for Init_EC11_GPIO
    main.o(.text.main) refers to key.o(.text.Init_Key_GPIO) for Init_Key_GPIO
    main.o(.text.main) refers to freq.o(.text.Init_FreqTimer) for Init_FreqTimer
    main.o(.text.main) refers to tft.o(.text.TFT_StaticUI) for TFT_StaticUI
    main.o(.text.main) refers to key.o(.text.Key_Sacnf) for Key_Sacnf
    main.o(.text.main) refers to key.o(.text.Key_Handle) for Key_Handle
    main.o(.text.main) refers to adc.o(.text.Get_ADC_Value) for Get_ADC_Value
    main.o(.text.main) refers to fflti.o(.text) for __aeabi_i2f
    main.o(.text.main) refers to fmul.o(.text) for __aeabi_fmul
    main.o(.text.main) refers to fdiv.o(.text) for __aeabi_fdiv
    main.o(.text.main) refers to fadd.o(.text) for __aeabi_fadd
    main.o(.text.main) refers to fcmpge.o(.text) for __aeabi_fcmpge
    main.o(.text.main) refers to fcmple.o(.text) for __aeabi_fcmple
    main.o(.text.main) refers to f2d.o(.text) for __aeabi_f2d
    main.o(.text.main) refers to dcmpgt.o(.text) for __aeabi_dcmpgt
    main.o(.text.main) refers to gd32e23x_dma.o(.text.dma_transfer_number_config) for dma_transfer_number_config
    main.o(.text.main) refers to gd32e23x_dma.o(.text.dma_channel_enable) for dma_channel_enable
    main.o(.text.main) refers to dcmple.o(.text) for __aeabi_dcmple
    main.o(.text.main) refers to dcmpge.o(.text) for __aeabi_dcmpge
    main.o(.text.main) refers to key.o(.text.KEYD_SCAN) for KEYD_SCAN
    main.o(.text.main) refers to fcmplt.o(.text) for __aeabi_fcmplt
    main.o(.text.main) refers to ffixi.o(.text) for __aeabi_f2iz
    main.o(.text.main) refers to tft.o(.text.drawCurve) for drawCurve
    main.o(.text.main) refers to tft.o(.text.TFT_ShowUI) for TFT_ShowUI
    main.o(.text.main) refers to main.o(.bss.oscilloscope) for oscilloscope
    main.o(.ARM.exidx.text.main) refers to main.o(.text.main) for [Anonymous Symbol]
    main.o(.ARM.exidx.text.Init_Oscilloscope) refers to main.o(.text.Init_Oscilloscope) for [Anonymous Symbol]
    systick.o(.text.systick_config) refers to gd32e23x_misc.o(.text.systick_clksource_set) for systick_clksource_set
    systick.o(.text.systick_config) refers to ffltui.o(.text) for __aeabi_ui2f
    systick.o(.text.systick_config) refers to fdiv.o(.text) for __aeabi_fdiv
    systick.o(.text.systick_config) refers to fmul.o(.text) for __aeabi_fmul
    systick.o(.text.systick_config) refers to system_gd32e23x.o(.data.SystemCoreClock) for SystemCoreClock
    systick.o(.text.systick_config) refers to systick.o(.bss.count_1us) for [Anonymous Symbol]
    systick.o(.text.systick_config) refers to systick.o(.bss.count_1ms) for [Anonymous Symbol]
    systick.o(.ARM.exidx.text.systick_config) refers to systick.o(.text.systick_config) for [Anonymous Symbol]
    systick.o(.text.delay_1us) refers to ffltui.o(.text) for __aeabi_ui2f
    systick.o(.text.delay_1us) refers to fmul.o(.text) for __aeabi_fmul
    systick.o(.text.delay_1us) refers to ffixui.o(.text) for __aeabi_f2uiz
    systick.o(.text.delay_1us) refers to systick.o(.bss.count_1us) for [Anonymous Symbol]
    systick.o(.ARM.exidx.text.delay_1us) refers to systick.o(.text.delay_1us) for [Anonymous Symbol]
    systick.o(.text.delay_us) refers to ffltui.o(.text) for __aeabi_ui2f
    systick.o(.text.delay_us) refers to fmul.o(.text) for __aeabi_fmul
    systick.o(.text.delay_us) refers to ffixui.o(.text) for __aeabi_f2uiz
    systick.o(.text.delay_us) refers to systick.o(.bss.count_1us) for [Anonymous Symbol]
[...]
    __arm_cp.1_5                             0x08000d88   Number         4  freq.o(.text.Freq_calibration)
    __arm_cp.1_6                             0x08000d8c   Number         4  freq.o(.text.Freq_calibration)
    __arm_cp.1_7                             0x08000d90   Number         4  freq.o(.text.Freq_calibration)
    __arm_cp.1_8                             0x08000d94   Number         4  freq.o(.text.Freq_calibration)
    __arm_cp.1_9                             0x08000d98   Number         4  freq.o(.text.Freq_calibration)
    __arm_cp.1_10                            0x08000d9c   Number         4  freq.o(.text.Freq_calibration)
    __arm_cp.1_11                            0x08000da0   Number         4  freq.o(.text.Freq_calibration)
    __arm_cp.1_12                            0x08000da4   Number         4  freq.o(.text.Freq_calibration)
    __arm_cp.1_13                            0x08000da8   Number         4  freq.o(.text.Freq_calibration)
    __arm_cp.1_14                            0x08000dac   Number         4  freq.o(.text.Freq_calibration)
    __arm_cp.1_15                            0x08000db0   Number         4  freq.o(.text.Freq_calibration)
    __arm_cp.1_16                            0x08000db4   Number         4  freq.o(.text.Freq_calibration)
    __arm_cp.1_17                            0x08000db8   Number         4  freq.o(.text.Freq_calibration)
    __arm_cp.1_18                            0x08000dbc   Number         4  freq.o(.text.Freq_calibration)
    __arm_cp.1_19                            0x08000dc0   Number         4  freq.o(.text.Freq_calibration)
    __arm_cp.1_20                            0x08000dc4   Number         4  freq.o(.text.Freq_calibration)
    __arm_cp.1_21                            0x08000dc8   Number         4  freq.o(.text.Freq_calibration)
    __arm_cp.1_22                            0x08000dcc   Number         4  freq.o(.text.Freq_calibration)
    __arm_cp.1_23                            0x08000dd0   Number         4  freq.o(.text.Freq_calibration)
    __arm_cp.1_24                            0x08000dd4   Number         4  freq.o(.text.Freq_calibration)
    __arm_cp.1_25                            0x08000dd8   Number         4  freq.o(.text.Freq_calibration)
    [Anonymous Symbol]                       0x08000ddc   Section        0  adc.o(.text.Get_ADC_Value)
    __arm_cp.0_0                             0x08000e1c   Number         4  adc.o(.text.Get_ADC_Value)
    [Anonymous Symbol]                       0x08000e20   Section        0  gd32e23x_it.o(.text.HardFault_Handler)
    [Anonymous Symbol]                       0x08000e24   Section        0  adc.o(.text.Init_ADC)
    __arm_cp.1_1                             0x08000eb4   Number         4  adc.o(.text.Init_ADC)
    [Anonymous Symbol]                       0x08000eb8   Section        0  key.o(.text.Init_EC11_GPIO)
    __arm_cp.1_1                             0x08000f00   Number         4  key.o(.text.Init_EC11_GPIO)
    [Anonymous Symbol]                       0x08000f04   Section        0  freq.o(.text.Init_FreqTimer)
    __arm_cp.0_1                             0x08000fb0   Number         4  freq.o(.text.Init_FreqTimer)
    __arm_cp.0_2                             0x08000fb4   Number         4  freq.o(.text.Init_FreqTimer)
    __arm_cp.0_3                             0x08000fb8   Number         4  freq.o(.text.Init_FreqTimer)
    [Anonymous Symbol]                       0x08000fbc   Section        0  key.o(.text.Init_Key_GPIO)
    __arm_cp.0_0                             0x08001038   Number         4  key.o(.text.Init_Key_GPIO)
    __arm_cp.0_1                             0x0800103c   Number         4  key.o(.text.Init_Key_GPIO)
    __arm_cp.0_2                             0x08001040   Number         4  key.o(.text.Init_Key_GPIO)
    [Anonymous Symbol]                       0x08001044   Section        0  led.o(.text.Init_LED_GPIO)
    __arm_cp.0_0                             0x080010a0   Number         4  led.o(.text.Init_LED_GPIO)
    __arm_cp.0_1                             0x080010a4   Number         4  led.o(.text.Init_LED_GPIO)
    [Anonymous Symbol]                       0x080010a8   Section        0  main.o(.text.Init_Oscilloscope)
    [Anonymous Symbol]                       0x080010e0   Section        0  timer.o(.text.Init_PWM_Output)
    __arm_cp.0_0                             0x080011b0   Number         4  timer.o(.text.Init_PWM_Output)
    __arm_cp.0_1                             0x080011b4   Number         4  timer.o(.text.Init_PWM_Output)
    Init_SPI0_GPIO                           0x080011b9   Thumb Code   128  tft_init.o(.text.Init_SPI0_GPIO)
    [Anonymous Symbol]                       0x080011b8   Section        0  tft_init.o(.text.Init_SPI0_GPIO)
    [Anonymous Symbol]                       0x08001238   Section        0  tft_init.o(.text.Init_SPI0_GPIO16)
    __arm_cp.0_0                             0x080012b8   Number         4  tft_init.o(.text.Init_SPI0_GPIO16)
    __arm_cp.0_1                             0x080012bc   Number         4  tft_init.o(.text.Init_SPI0_GPIO16)
    __arm_cp.0_2                             0x080012c0   Number         4  tft_init.o(.text.Init_SPI0_GPIO16)
    [Anonymous Symbol]                       0x080012c4   Section        0  usart.o(.text.Init_USART)
    __arm_cp.0_0                             0x08001370   Number         4  usart.o(.text.Init_USART)
    __arm_cp.0_1                             0x08001374   Number         4  usart.o(.text.Init_USART)
    __arm_cp.0_2                             0x08001378   Number         4  usart.o(.text.Init_USART)
    [Anonymous Symbol]                       0x0800137c   Section        0  key.o(.text.KEYD_SCAN)
    [Anonymous Symbol]                       0x080013c4   Section        0  key.o(.text.Key_Handle)
    __arm_cp.2_1                             0x080015d0   Number         4  key.o(.text.Key_Handle)
    __arm_cp.2_2                             0x080015d4   Number         4  key.o(.text.Key_Handle)
    [Anonymous Symbol]                       0x080015d8   Section        0  key.o(.text.Key_Sacnf)
    __arm_cp.4_0                             0x08001684   Number         4  key.o(.text.Key_Sacnf)
    __arm_cp.4_1                             0x08001688   Number         4  key.o(.text.Key_Sacnf)
    __arm_cp.4_2                             0x0800168c   Number         4  key.o(.text.Key_Sacnf)
    __arm_cp.4_3                             0x08001690   Number         4  key.o(.text.Key_Sacnf)
    [Anonymous Symbol]                       0x08001694   Section        0  gd32e23x_it.o(.text.NMI_Handler)
    [Anonymous Symbol]                       0x08001696   Section        0  gd32e23x_it.o(.text.PendSV_Handler)
    SPI0_Write                               0x08001699   Thumb Code    40  tft_init.o(.text.SPI0_Write)
    [Anonymous Symbol]                       0x08001698   Section        0  tft_init.o(.text.SPI0_Write)
    SPI0_Write16                             0x080016c1   Thumb Code    40  tft_init.o(.text.SPI0_Write16)
    [Anonymous Symbol]                       0x080016c0   Section        0  tft_init.o(.text.SPI0_Write16)
    __arm_cp.5_0                             0x080016e8   Number         4  tft_init.o(.text.SPI0_Write16)
    [Anonymous Symbol]                       0x080016ec   Section        0  gd32e23x_it.o(.text.SVC_Handler)
    [Anonymous Symbol]                       0x080016f0   Section        0  timer.o(.text.Set_Output_Freq)
    [Anonymous Symbol]                       0x08001704   Section        0  timer.o(.text.Set_Output_PWMComparex)
    __arm_cp.1_0                             0x0800171c   Number         4  timer.o(.text.Set_Output_PWMComparex)
    [Anonymous Symbol]                       0x08001720   Section        0  gd32e23x_it.o(.text.SysTick_Handler)
    [Anonymous Symbol]                       0x08001724   Section        0  system_gd32e23x.o(.text.SystemInit)
    __arm_cp.0_0                             0x080017fc   Number         4  system_gd32e23x.o(.text.SystemInit)
    __arm_cp.0_1                             0x08001800   Number         4  system_gd32e23x.o(.text.SystemInit)
    __arm_cp.0_2                             0x08001804   Number         4  system_gd32e23x.o(.text.SystemInit)
    __arm_cp.0_3                             0x08001808   Number         4  system_gd32e23x.o(.text.SystemInit)
    __arm_cp.0_4                             0x0800180c   Number         4  system_gd32e23x.o(.text.SystemInit)
    __arm_cp.0_5                             0x08001810   Number         4  system_gd32e23x.o(.text.SystemInit)
    __arm_cp.0_6                             0x08001814   Number         4  system_gd32e23x.o(.text.SystemInit)
    __arm_cp.0_7                             0x08001818   Number         4  system_gd32e23x.o(.text.SystemInit)
    __arm_cp.0_8                             0x0800181c   Number         4  system_gd32e23x.o(.text.SystemInit)
    [Anonymous Symbol]                       0x08001820   Section        0  tft_init.o(.text.TFT_Address_Set16)
    [Anonymous Symbol]                       0x08001872   Section        0  tft.o(.text.TFT_DrawLine)
    [Anonymous Symbol]                       0x080019aa   Section        0  tft.o(.text.TFT_DrawPoint)
    [Anonymous Symbol]                       0x080019d6   Section        0  tft.o(.text.TFT_Fill)
    TFT_GPIO_Init                            0x08001a69   Thumb Code    56  tft_init.o(.text.TFT_GPIO_Init)
    [Anonymous Symbol]                       0x08001a68   Section        0  tft_init.o(.text.TFT_GPIO_Init)
    __arm_cp.11_0                            0x08001aa0   Number         4  tft_init.o(.text.TFT_GPIO_Init)
    [Anonymous Symbol]                       0x08001aa4   Section        0  tft_init.o(.text.TFT_Init)
    __arm_cp.10_0                            0x08001cd0   Number         4  tft_init.o(.text.TFT_Init)
    [Anonymous Symbol]                       0x08001cd4   Section        0  tft.o(.text.TFT_ShowChar)
    __arm_cp.6_0                             0x08001eb0   Number         4  tft.o(.text.TFT_ShowChar)
    __arm_cp.6_1                             0x08001eb4   Number         4  tft.o(.text.TFT_ShowChar)
    __arm_cp.6_2                             0x08001eb8   Number         4  tft.o(.text.TFT_ShowChar)
    [Anonymous Symbol]                       0x08001ebc   Section        0  tft.o(.text.TFT_ShowChinese)
    [Anonymous Symbol]                       0x08001fa0   Section        0  tft.o(.text.TFT_ShowChinese12x12)
    __arm_cp.9_0                             0x08002188   Number         4  tft.o(.text.TFT_ShowChinese12x12)
    [Anonymous Symbol]                       0x0800218c   Section        0  tft.o(.text.TFT_ShowChinese16x16)
    __arm_cp.10_0                            0x08002374   Number         4  tft.o(.text.TFT_ShowChinese16x16)
    [Anonymous Symbol]                       0x08002378   Section        0  tft.o(.text.TFT_ShowChinese24x24)
    __arm_cp.11_0                            0x08002560   Number         4  tft.o(.text.TFT_ShowChinese24x24)
    [Anonymous Symbol]                       0x08002564   Section        0  tft.o(.text.TFT_ShowString)
    [Anonymous Symbol]                       0x080025dc   Section        0  tft.o(.text.TFT_ShowUI)
    __arm_cp.13_0                            0x080027e4   Number         4  tft.o(.text.TFT_ShowUI)
    __arm_cp.13_1                            0x080027e8   Number         4  tft.o(.text.TFT_ShowUI)
    __arm_cp.13_2                            0x080027ec   Number         4  tft.o(.text.TFT_ShowUI)
    __arm_cp.13_4                            0x080027f0   Number         4  tft.o(.text.TFT_ShowUI)
    __arm_cp.13_5                            0x080027f4   Number         4  tft.o(.text.TFT_ShowUI)
    __arm_cp.13_6                            0x080027f8   Number         4  tft.o(.text.TFT_ShowUI)
    __arm_cp.13_7                            0x080027fc   Number         4  tft.o(.text.TFT_ShowUI)
    __arm_cp.13_8                            0x08002800   Number         4  tft.o(.text.TFT_ShowUI)
    [Anonymous Symbol]                       0x08002804   Section        0  tft.o(.text.TFT_StaticUI)
    __arm_cp.12_0                            0x08002ab8   Number         4  tft.o(.text.TFT_StaticUI)
    __arm_cp.12_1                            0x08002abc   Number         4  tft.o(.text.TFT_StaticUI)
    __arm_cp.12_2                            0x08002ac0   Number         4  tft.o(.text.TFT_StaticUI)
    __arm_cp.12_3                            0x08002ac4   Number         4  tft.o(.text.TFT_StaticUI)
    __arm_cp.12_4                            0x08002ac8   Number         4  tft.o(.text.TFT_StaticUI)
    __arm_cp.12_5                            0x08002acc   Number         4  tft.o(.text.TFT_StaticUI)
    __arm_cp.12_6                            0x08002ad0   Number         4  tft.o(.text.TFT_StaticUI)
    __arm_cp.12_7                            0x08002ad4   Number         4  tft.o(.text.TFT_StaticUI)
    __arm_cp.12_8                            0x08002ad8   Number         4  tft.o(.text.TFT_StaticUI)
    __arm_cp.12_9                            0x08002adc   Number         4  tft.o(.text.TFT_StaticUI)
    __arm_cp.12_10                           0x08002ae0   Number         4  tft.o(.text.TFT_StaticUI)
    [Anonymous Symbol]                       0x08002ae4   Section        0  tft_init.o(.text.TFT_WR_DATA16)
    [Anonymous Symbol]                       0x08002b10   Section        0  tft_init.o(.text.TFT_WR_DATA8)
    [Anonymous Symbol]                       0x08002b3c   Section        0  tft_init.o(.text.TFT_WR_REG)
    [Anonymous Symbol]                       0x08002b78   Section        0  tft_init.o(.text.TFT_WR_REG16)
    __arm_cp.7_0                             0x08002bb4   Number         4  tft_init.o(.text.TFT_WR_REG16)
    [Anonymous Symbol]                       0x08002bb8   Section        0  freq.o(.text.TIMER2_IRQHandler)
    __arm_cp.2_0                             0x08002c74   Number         4  freq.o(.text.TIMER2_IRQHandler)
    __arm_cp.2_1                             0x08002c78   Number         4  freq.o(.text.TIMER2_IRQHandler)
    __arm_cp.2_2                             0x08002c7c   Number         4  freq.o(.text.TIMER2_IRQHandler)
    __arm_cp.2_3                             0x08002c80   Number         4  freq.o(.text.TIMER2_IRQHandler)
    __arm_cp.2_4                             0x08002c84   Number         4  freq.o(.text.TIMER2_IRQHandler)
    __arm_cp.2_5                             0x08002c88   Number         4  freq.o(.text.TIMER2_IRQHandler)
    __arm_cp.2_6                             0x08002c8c   Number         4  freq.o(.text.TIMER2_IRQHandler)
    __arm_cp.2_7                             0x08002c90   Number         4  freq.o(.text.TIMER2_IRQHandler)
    __arm_cp.2_8                             0x08002c94   Number         4  freq.o(.text.TIMER2_IRQHandler)
    __NVIC_EnableIRQ                         0x08002c99   Thumb Code    48  gd32e23x_misc.o(.text.__NVIC_EnableIRQ)
    [Anonymous Symbol]                       0x08002c98   Section        0  gd32e23x_misc.o(.text.__NVIC_EnableIRQ)
    __arm_cp.2_0                             0x08002cc8   Number         4  gd32e23x_misc.o(.text.__NVIC_EnableIRQ)
    __NVIC_SetPriority                       0x08002ccd   Thumb Code   124  gd32e23x_misc.o(.text.__NVIC_SetPriority)
    [Anonymous Symbol]                       0x08002ccc   Section        0  gd32e23x_misc.o(.text.__NVIC_SetPriority)
    __arm_cp.1_0                             0x08002d48   Number         4  gd32e23x_misc.o(.text.__NVIC_SetPriority)
    __arm_cp.1_1                             0x08002d4c   Number         4  gd32e23x_misc.o(.text.__NVIC_SetPriority)
    [Anonymous Symbol]                       0x08002d50   Section        0  gd32e23x_adc.o(.text.adc_calibration_enable)
    [Anonymous Symbol]                       0x08002d88   Section        0  gd32e23x_adc.o(.text.adc_channel_length_config)
    __arm_cp.11_0                            0x08002de8   Number         4  gd32e23x_adc.o(.text.adc_channel_length_config)
    __arm_cp.11_1                            0x08002dec   Number         4  gd32e23x_adc.o(.text.adc_channel_length_config)
    [Anonymous Symbol]                       0x08002df0   Section        0  gd32e23x_adc.o(.text.adc_data_alignment_config)
    [Anonymous Symbol]                       0x08002e1c   Section        0  gd32e23x_adc.o(.text.adc_dma_mode_enable)
    [Anonymous Symbol]                       0x08002e2c   Section        0  gd32e23x_adc.o(.text.adc_enable)
    [Anonymous Symbol]                       0x08002e44   Section        0  gd32e23x_adc.o(.text.adc_external_trigger_config)
    [Anonymous Symbol]                       0x08002ec0   Section        0  gd32e23x_adc.o(.text.adc_external_trigger_source_config)
    [Anonymous Symbol]                       0x08002f10   Section        0  gd32e23x_adc.o(.text.adc_regular_channel_config)
    __arm_cp.12_0                            0x08003058   Number         4  gd32e23x_adc.o(.text.adc_regular_channel_config)
    __arm_cp.12_1                            0x0800305c   Number         4  gd32e23x_adc.o(.text.adc_regular_channel_config)
    __arm_cp.12_2                            0x08003060   Number         4  gd32e23x_adc.o(.text.adc_regular_channel_config)
    __arm_cp.12_3                            0x08003064   Number         4  gd32e23x_adc.o(.text.adc_regular_channel_config)
    __arm_cp.12_4                            0x08003068   Number         4  gd32e23x_adc.o(.text.adc_regular_channel_config)
    [Anonymous Symbol]                       0x0800306c   Section        0  gd32e23x_adc.o(.text.adc_software_trigger_enable)
    __arm_cp.17_0                            0x080030a8   Number         4  gd32e23x_adc.o(.text.adc_software_trigger_enable)
    [Anonymous Symbol]                       0x080030ac   Section        0  gd32e23x_adc.o(.text.adc_special_function_config)
    __arm_cp.9_0                             0x08003158   Number         4  gd32e23x_adc.o(.text.adc_special_function_config)
    __arm_cp.9_1                             0x0800315c   Number         4  gd32e23x_adc.o(.text.adc_special_function_config)
    [Anonymous Symbol]                       0x08003160   Section        0  systick.o(.text.delay_1ms)
    __arm_cp.3_0                             0x080031d0   Number         4  systick.o(.text.delay_1ms)
    __arm_cp.3_1                             0x080031d4   Number         4  systick.o(.text.delay_1ms)
    __arm_cp.3_2                             0x080031d8   Number         4  systick.o(.text.delay_1ms)
    __arm_cp.3_3                             0x080031dc   Number         4  systick.o(.text.delay_1ms)
    [Anonymous Symbol]                       0x080031e0   Section        0  gd32e23x_dma.o(.text.dma_channel_disable)
    [Anonymous Symbol]                       0x080031fc   Section        0  gd32e23x_dma.o(.text.dma_channel_enable)
    [Anonymous Symbol]                       0x08003218   Section        0  gd32e23x_dma.o(.text.dma_circulation_enable)
    [Anonymous Symbol]                       0x08003234   Section        0  gd32e23x_dma.o(.text.dma_deinit)
    [Anonymous Symbol]                       0x0800328c   Section        0  gd32e23x_dma.o(.text.dma_init)
    __arm_cp.2_0                             0x08003398   Number         4  gd32e23x_dma.o(.text.dma_init)
    __arm_cp.2_1                             0x0800339c   Number         4  gd32e23x_dma.o(.text.dma_init)
    [Anonymous Symbol]                       0x080033a0   Section        0  gd32e23x_dma.o(.text.dma_interrupt_enable)
    [Anonymous Symbol]                       0x080033c0   Section        0  gd32e23x_dma.o(.text.dma_interrupt_flag_clear)
    __arm_cp.24_0                            0x080033e0   Number         4  gd32e23x_dma.o(.text.dma_interrupt_flag_clear)
    [Anonymous Symbol]                       0x080033e4   Section        0  gd32e23x_dma.o(.text.dma_interrupt_flag_get)
    __arm_cp.23_0                            0x080034a0   Number         4  gd32e23x_dma.o(.text.dma_interrupt_flag_get)
    __arm_cp.23_1                            0x080034a4   Number         4  gd32e23x_dma.o(.text.dma_interrupt_flag_get)
    [Anonymous Symbol]                       0x080034a8   Section        0  gd32e23x_dma.o(.text.dma_transfer_number_config)
    __arm_cp.11_0                            0x080034c8   Number         4  gd32e23x_dma.o(.text.dma_transfer_number_config)
    [Anonymous Symbol]                       0x080034cc   Section        0  tft.o(.text.drawCurve)
    __arm_cp.5_0                             0x080035f8   Number         4  tft.o(.text.drawCurve)
    __arm_cp.5_1                             0x080035fc   Number         4  tft.o(.text.drawCurve)
    __arm_cp.5_2                             0x08003600   Number         4  tft.o(.text.drawCurve)
    [Anonymous Symbol]                       0x08003604   Section        0  gd32e23x_exti.o(.text.exti_init)
    __arm_cp.1_0                             0x080036d4   Number         4  gd32e23x_exti.o(.text.exti_init)
    __arm_cp.1_1                             0x080036d8   Number         4  gd32e23x_exti.o(.text.exti_init)
    __arm_cp.1_2                             0x080036dc   Number         4  gd32e23x_exti.o(.text.exti_init)
    __arm_cp.1_3                             0x080036e0   Number         4  gd32e23x_exti.o(.text.exti_init)
    [Anonymous Symbol]                       0x080036e4   Section        0  gd32e23x_exti.o(.text.exti_interrupt_flag_clear)
    [Anonymous Symbol]                       0x080036f4   Section        0  gd32e23x_exti.o(.text.exti_interrupt_flag_get)
    __arm_cp.10_0                            0x0800371c   Number         4  gd32e23x_exti.o(.text.exti_interrupt_flag_get)
    [Anonymous Symbol]                       0x08003720   Section        0  gd32e23x_gpio.o(.text.gpio_af_set)
    [Anonymous Symbol]                       0x080037e0   Section        0  gd32e23x_gpio.o(.text.gpio_bit_reset)
    [Anonymous Symbol]                       0x080037f0   Section        0  gd32e23x_gpio.o(.text.gpio_bit_set)
    [Anonymous Symbol]                       0x08003800   Section        0  gd32e23x_gpio.o(.text.gpio_input_bit_get)
    [Anonymous Symbol]                       0x0800382a   Section        0  gd32e23x_gpio.o(.text.gpio_mode_set)
    [Anonymous Symbol]                       0x080038b8   Section        0  gd32e23x_gpio.o(.text.gpio_output_options_set)
    [Anonymous Symbol]                       0x08003944   Section        0  main.o(.text.main)
    __arm_cp.0_0                             0x08003c54   Number         4  main.o(.text.main)
    __arm_cp.0_1                             0x08003c58   Number         4  main.o(.text.main)
    __arm_cp.0_2                             0x08003c5c   Number         4  main.o(.text.main)
    __arm_cp.0_3                             0x08003c60   Number         4  main.o(.text.main)
    __arm_cp.0_4                             0x08003c64   Number         4  main.o(.text.main)
    __arm_cp.0_5                             0x08003c68   Number         4  main.o(.text.main)
    __arm_cp.0_6                             0x08003c6c   Number         4  main.o(.text.main)
    __arm_cp.0_7                             0x08003c70   Number         4  main.o(.text.main)
    __arm_cp.0_8                             0x08003c74   Number         4  main.o(.text.main)
    [Anonymous Symbol]                       0x08003c78   Section        0  gd32e23x_misc.o(.text.nvic_irq_enable)
    [Anonymous Symbol]                       0x08003ca4   Section        0  gd32e23x_misc.o(.text.nvic_vector_table_set)
    __arm_cp.7_0                             0x08003cc0   Number         4  gd32e23x_misc.o(.text.nvic_vector_table_set)
    __arm_cp.7_1                             0x08003cc4   Number         4  gd32e23x_misc.o(.text.nvic_vector_table_set)
    [Anonymous Symbol]                       0x08003cc8   Section        0  gd32e23x_rcu.o(.text.rcu_adc_clock_config)
    __arm_cp.14_0                            0x08003e48   Number         4  gd32e23x_rcu.o(.text.rcu_adc_clock_config)
    __arm_cp.14_1                            0x08003e4c   Number         4  gd32e23x_rcu.o(.text.rcu_adc_clock_config)
    __arm_cp.14_2                            0x08003e50   Number         4  gd32e23x_rcu.o(.text.rcu_adc_clock_config)
    [Anonymous Symbol]                       0x08003e54   Section        0  gd32e23x_rcu.o(.text.rcu_clock_freq_get)
    __arm_cp.33_0                            0x08004128   Number         4  gd32e23x_rcu.o(.text.rcu_clock_freq_get)
    __arm_cp.33_1                            0x0800412c   Number         4  gd32e23x_rcu.o(.text.rcu_clock_freq_get)
    __arm_cp.33_2                            0x08004130   Number         4  gd32e23x_rcu.o(.text.rcu_clock_freq_get)
    __arm_cp.33_3                            0x08004134   Number         4  gd32e23x_rcu.o(.text.rcu_clock_freq_get)
    __arm_cp.33_4                            0x08004138   Number         4  gd32e23x_rcu.o(.text.rcu_clock_freq_get)
    __arm_cp.33_5                            0x0800413c   Number         4  gd32e23x_rcu.o(.text.rcu_clock_freq_get)
    __arm_cp.33_6                            0x08004140   Number         4  gd32e23x_rcu.o(.text.rcu_clock_freq_get)
    __arm_cp.33_7                            0x08004144   Number         4  gd32e23x_rcu.o(.text.rcu_clock_freq_get)
    __arm_cp.33_8                            0x08004148   Number         4  gd32e23x_rcu.o(.text.rcu_clock_freq_get)
    [Anonymous Symbol]                       0x0800414c   Section        0  gd32e23x_rcu.o(.text.rcu_periph_clock_enable)
    [Anonymous Symbol]                       0x08004170   Section        0  gd32e23x_rcu.o(.text.rcu_periph_reset_disable)
    [Anonymous Symbol]                       0x08004194   Section        0  gd32e23x_rcu.o(.text.rcu_periph_reset_enable)
    __arm_cp.5_0                             0x080041b8   Number         4  gd32e23x_rcu.o(.text.rcu_periph_reset_enable)
    [Anonymous Symbol]                       0x080041bc   Section        0  gd32e23x_spi.o(.text.spi_enable)
    [Anonymous Symbol]                       0x080041d0   Section        0  gd32e23x_spi.o(.text.spi_i2s_data_transmit)
    [Anonymous Symbol]                       0x0800421c   Section        0  gd32e23x_spi.o(.text.spi_i2s_deinit)
    __arm_cp.0_2                             0x08004260   Number         4  gd32e23x_spi.o(.text.spi_i2s_deinit)
    [Anonymous Symbol]                       0x08004264   Section        0  gd32e23x_spi.o(.text.spi_i2s_flag_get)
    __arm_cp.41_0                            0x080042e0   Number         4  gd32e23x_spi.o(.text.spi_i2s_flag_get)
    [Anonymous Symbol]                       0x080042e4   Section        0  gd32e23x_spi.o(.text.spi_init)
    __arm_cp.2_0                             0x08004414   Number         4  gd32e23x_spi.o(.text.spi_init)
    __arm_cp.2_1                             0x08004418   Number         4  gd32e23x_spi.o(.text.spi_init)
    [Anonymous Symbol]                       0x0800441c   Section        0  gd32e23x_spi.o(.text.spi_struct_para_init)
    [Anonymous Symbol]                       0x08004448   Section        0  gd32e23x_syscfg.o(.text.syscfg_exti_line_config)
    __arm_cp.5_0                             0x080044ec   Number         4  gd32e23x_syscfg.o(.text.syscfg_exti_line_config)
    __arm_cp.5_1                             0x080044f0   Number         4  gd32e23x_syscfg.o(.text.syscfg_exti_line_config)
    __arm_cp.5_2                             0x080044f4   Number         4  gd32e23x_syscfg.o(.text.syscfg_exti_line_config)
    __arm_cp.5_3                             0x080044f8   Number         4  gd32e23x_syscfg.o(.text.syscfg_exti_line_config)
    system_clock_72m_hxtal                   0x080044fd   Thumb Code   208  system_gd32e23x.o(.text.system_clock_72m_hxtal)
    [Anonymous Symbol]                       0x080044fc   Section        0  system_gd32e23x.o(.text.system_clock_72m_hxtal)
    __arm_cp.3_0                             0x080045cc   Number         4  system_gd32e23x.o(.text.system_clock_72m_hxtal)
    __arm_cp.3_1                             0x080045d0   Number         4  system_gd32e23x.o(.text.system_clock_72m_hxtal)
    __arm_cp.3_2                             0x080045d4   Number         4  system_gd32e23x.o(.text.system_clock_72m_hxtal)
    __arm_cp.3_3                             0x080045d8   Number         4  system_gd32e23x.o(.text.system_clock_72m_hxtal)
    __arm_cp.3_4                             0x080045dc   Number         4  system_gd32e23x.o(.text.system_clock_72m_hxtal)
    system_clock_config                      0x080045e1   Thumb Code     8  system_gd32e23x.o(.text.system_clock_config)
    [Anonymous Symbol]                       0x080045e0   Section        0  system_gd32e23x.o(.text.system_clock_config)
    [Anonymous Symbol]                       0x080045e8   Section        0  gd32e23x_misc.o(.text.systick_clksource_set)
    __arm_cp.10_0                            0x08004610   Number         4  gd32e23x_misc.o(.text.systick_clksource_set)
    [Anonymous Symbol]                       0x08004614   Section        0  systick.o(.text.systick_config)
    __arm_cp.0_0                             0x08004640   Number         4  systick.o(.text.systick_config)
    __arm_cp.0_1                             0x08004644   Number         4  systick.o(.text.systick_config)
    __arm_cp.0_2                             0x08004648   Number         4  systick.o(.text.systick_config)
    __arm_cp.0_3                             0x0800464c   Number         4  systick.o(.text.systick_config)
    __arm_cp.0_4                             0x08004650   Number         4  systick.o(.text.systick_config)
    [Anonymous Symbol]                       0x08004654   Section        0  gd32e23x_timer.o(.text.timer_auto_reload_shadow_enable)
    [Anonymous Symbol]                       0x08004666   Section        0  gd32e23x_timer.o(.text.timer_autoreload_value_config)
    [Anonymous Symbol]                       0x08004678   Section        0  gd32e23x_timer.o(.text.timer_channel_capture_value_register_read)
    [Anonymous Symbol]                       0x080046d0   Section        0  gd32e23x_timer.o(.text.timer_channel_input_capture_prescaler_config)
    [Anonymous Symbol]                       0x0800476e   Section        0  gd32e23x_timer.o(.text.timer_channel_input_struct_para_init)
    [Anonymous Symbol]                       0x0800478c   Section        0  gd32e23x_timer.o(.text.timer_channel_output_config)
    __arm_cp.42_0                            0x08004a70   Number         4  gd32e23x_timer.o(.text.timer_channel_output_config)
    __arm_cp.42_1                            0x08004a74   Number         4  gd32e23x_timer.o(.text.timer_channel_output_config)
    __arm_cp.42_2                            0x08004a78   Number         4  gd32e23x_timer.o(.text.timer_channel_output_config)
    __arm_cp.42_3                            0x08004a7c   Number         4  gd32e23x_timer.o(.text.timer_channel_output_config)
    [Anonymous Symbol]                       0x08004a80   Section        0  gd32e23x_timer.o(.text.timer_channel_output_mode_config)
    [Anonymous Symbol]                       0x08004b20   Section        0  gd32e23x_timer.o(.text.timer_channel_output_pulse_value_config)
    [Anonymous Symbol]                       0x08004b74   Section        0  gd32e23x_timer.o(.text.timer_channel_output_shadow_config)
    [Anonymous Symbol]                       0x08004c12   Section        0  gd32e23x_timer.o(.text.timer_channel_output_struct_para_init)
    [Anonymous Symbol]                       0x08004c34   Section        0  gd32e23x_timer.o(.text.timer_deinit)
    __arm_cp.0_1                             0x08004cfc   Number         4  gd32e23x_timer.o(.text.timer_deinit)
    __arm_cp.0_3                             0x08004d00   Number         4  gd32e23x_timer.o(.text.timer_deinit)
    __arm_cp.0_4                             0x08004d04   Number         4  gd32e23x_timer.o(.text.timer_deinit)
    __arm_cp.0_7                             0x08004d08   Number         4  gd32e23x_timer.o(.text.timer_deinit)
    __arm_cp.0_8                             0x08004d0c   Number         4  gd32e23x_timer.o(.text.timer_deinit)
    __arm_cp.0_9                             0x08004d10   Number         4  gd32e23x_timer.o(.text.timer_deinit)
    __arm_cp.0_10                            0x08004d14   Number         4  gd32e23x_timer.o(.text.timer_deinit)
    __arm_cp.0_11                            0x08004d18   Number         4  gd32e23x_timer.o(.text.timer_deinit)
    [Anonymous Symbol]                       0x08004d1c   Section        0  gd32e23x_timer.o(.text.timer_disable)
    [Anonymous Symbol]                       0x08004d2e   Section        0  gd32e23x_timer.o(.text.timer_enable)
    [Anonymous Symbol]                       0x08004d40   Section        0  gd32e23x_timer.o(.text.timer_init)
    __arm_cp.2_0                             0x08004e24   Number         4  gd32e23x_timer.o(.text.timer_init)
    __arm_cp.2_1                             0x08004e28   Number         4  gd32e23x_timer.o(.text.timer_init)
    __arm_cp.2_2                             0x08004e2c   Number         4  gd32e23x_timer.o(.text.timer_init)
    __arm_cp.2_3                             0x08004e30   Number         4  gd32e23x_timer.o(.text.timer_init)
    __arm_cp.2_4                             0x08004e34   Number         4  gd32e23x_timer.o(.text.timer_init)
    __arm_cp.2_5                             0x08004e38   Number         4  gd32e23x_timer.o(.text.timer_init)
    [Anonymous Symbol]                       0x08004e3c   Section        0  gd32e23x_timer.o(.text.timer_input_capture_config)
    [Anonymous Symbol]                       0x08004ffa   Section        0  gd32e23x_timer.o(.text.timer_interrupt_enable)
    [Anonymous Symbol]                       0x0800500e   Section        0  gd32e23x_timer.o(.text.timer_interrupt_flag_clear)
    [Anonymous Symbol]                       0x08005020   Section        0  gd32e23x_timer.o(.text.timer_interrupt_flag_get)
    [Anonymous Symbol]                       0x0800505a   Section        0  gd32e23x_timer.o(.text.timer_primary_output_config)
    [Anonymous Symbol]                       0x0800508c   Section        0  gd32e23x_timer.o(.text.timer_struct_para_init)
    __arm_cp.1_0                             0x080050b0   Number         4  gd32e23x_timer.o(.text.timer_struct_para_init)
    [Anonymous Symbol]                       0x080050b4   Section        0  gd32e23x_usart.o(.text.usart_baudrate_set)
    __arm_cp.1_2                             0x08005160   Number         4  gd32e23x_usart.o(.text.usart_baudrate_set)
    [Anonymous Symbol]                       0x08005164   Section        0  gd32e23x_usart.o(.text.usart_deinit)
    __arm_cp.0_0                             0x080051a8   Number         4  gd32e23x_usart.o(.text.usart_deinit)
    __arm_cp.0_1                             0x080051ac   Number         4  gd32e23x_usart.o(.text.usart_deinit)
    __arm_cp.0_2                             0x080051b0   Number         4  gd32e23x_usart.o(.text.usart_deinit)
    __arm_cp.0_3                             0x080051b4   Number         4  gd32e23x_usart.o(.text.usart_deinit)
    [Anonymous Symbol]                       0x080051b8   Section        0  gd32e23x_usart.o(.text.usart_enable)
    [Anonymous Symbol]                       0x080051ca   Section        0  gd32e23x_usart.o(.text.usart_parity_config)
    [Anonymous Symbol]                       0x080051f4   Section        0  gd32e23x_usart.o(.text.usart_receive_config)
    [Anonymous Symbol]                       0x08005212   Section        0  gd32e23x_usart.o(.text.usart_stop_bit_set)
    [Anonymous Symbol]                       0x0800523c   Section        0  gd32e23x_usart.o(.text.usart_transmit_config)
    [Anonymous Symbol]                       0x0800525a   Section        0  gd32e23x_usart.o(.text.usart_word_length_set)
    i.__0sprintf                             0x08005284   Section        0  printfa.o(i.__0sprintf)
    i.__ARM_clz                              0x080052ac   Section        0  depilogue.o(i.__ARM_clz)
    i.__scatterload_copy                     0x080052da   Section       14  handlers.o(i.__scatterload_copy)
    i.__scatterload_null                     0x080052e8   Section        2  handlers.o(i.__scatterload_null)
    i.__scatterload_zeroinit                 0x080052ea   Section       14  handlers.o(i.__scatterload_zeroinit)
    _fp_digits                               0x080052f9   Thumb Code   344  printfa.o(i._fp_digits)
    i._fp_digits                             0x080052f8   Section        0  printfa.o(i._fp_digits)
    _printf_core                             0x0800546d   Thumb Code  1754  printfa.o(i._printf_core)
    i._printf_core                           0x0800546c   Section        0  printfa.o(i._printf_core)
    _printf_post_padding                     0x08005b59   Thumb Code    32  printfa.o(i._printf_post_padding)
    i._printf_post_padding                   0x08005b58   Section        0  printfa.o(i._printf_post_padding)
    _printf_pre_padding                      0x08005b79   Thumb Code    44  printfa.o(i._printf_pre_padding)
    i._printf_pre_padding                    0x08005b78   Section        0  printfa.o(i._printf_pre_padding)
    _sputc                                   0x08005ba5   Thumb Code    10  printfa.o(i._sputc)
    i._sputc                                 0x08005ba4   Section        0  printfa.o(i._sputc)
    [Anonymous Symbol]                       0x080077e2   Section        0  tft.o(.rodata.str1.1)
    firstPoint                               0x20000004   Data           1  tft.o(.data.firstPoint)
    [Anonymous Symbol]                       0x20000004   Section        0  tft.o(.data.firstPoint)
    EXTI4_15_IRQHandler.A_cnt                0x20000008   Data           1  key.o(.bss.EXTI4_15_IRQHandler.A_cnt)
    [Anonymous Symbol]                       0x20000008   Section        0  key.o(.bss.EXTI4_15_IRQHandler.A_cnt)
    EXTI4_15_IRQHandler.B_value              0x20000009   Data           1  key.o(.bss.EXTI4_15_IRQHandler.B_value)
    [Anonymous Symbol]                       0x20000009   Section        0  key.o(.bss.EXTI4_15_IRQHandler.B_value)
    ccnumber                                 0x20000262   Data           2  freq.o(.bss.ccnumber)
    [Anonymous Symbol]                       0x20000262   Section        0  freq.o(.bss.ccnumber)
    count                                    0x20000264   Data           4  freq.o(.bss.count)
    [Anonymous Symbol]                       0x20000264   Section        0  freq.o(.bss.count)
    count_1ms                                0x20000268   Data           4  systick.o(.bss.count_1ms)
    [Anonymous Symbol]                       0x20000268   Section        0  systick.o(.bss.count_1ms)
    count_1us                                0x2000026c   Data           4  systick.o(.bss.count_1us)
    [Anonymous Symbol]                       0x2000026c   Section        0  systick.o(.bss.count_1us)
    freq                                     0x20000270   Data           4  freq.o(.bss.freq)
    [Anonymous Symbol]                       0x20000270   Section        0  freq.o(.bss.freq)
    key1_state                               0x20000274   Data           1  key.o(.bss.key1_state)
    [Anonymous Symbol]                       0x20000274   Section        0  key.o(.bss.key1_state)
    key2_state                               0x20000275   Data           1  key.o(.bss.key2_state)
    [Anonymous Symbol]                       0x20000275   Section        0  key.o(.bss.key2_state)
    key3_state                               0x20000276   Data           1  key.o(.bss.key3_state)
    [Anonymous Symbol]                       0x20000276   Section        0  key.o(.bss.key3_state)
    lastX                                    0x20000278   Data           2  tft.o(.bss.lastX)
    [Anonymous Symbol]                       0x20000278   Section        0  tft.o(.bss.lastX)
    lastY                                    0x2000027a   Data           2  tft.o(.bss.lastY)
    [Anonymous Symbol]                       0x2000027a   Section        0  tft.o(.bss.lastY)
    readvalue1                               0x20000744   Data           2  freq.o(.bss.readvalue1)
    [Anonymous Symbol]                       0x20000744   Section        0  freq.o(.bss.readvalue1)
    readvalue2                               0x20000746   Data           2  freq.o(.bss.readvalue2)
    [Anonymous Symbol]                       0x20000746   Section        0  freq.o(.bss.readvalue2)
    STACK                                    0x20000748   Section     1536  startup_gd32e23x.o(STACK)

    Global Symbols

    Symbol Name                              Value     Ov Type        Size  Object(Section)

    BuildAttributes$$THM_ISAv3M$S$8M$PE$A:L22$X:L11$S22$IEEE1$IW$~IW$USESV6$~STKCKD$USESV7$~SHL$OTIME$ROPI$EBA8$MICROLIB$REQ8$PRES8$EABIv2 0x00000000   Number         0  anon$$obj.o ABSOLUTE
    __cpp_initialize__aeabi_                  - Undefined Weak Reference
    __cxa_finalize                            - Undefined Weak Reference
    __decompress                              - Undefined Weak Reference
    _clock_init                               - Undefined Weak Reference
    _microlib_exit                            - Undefined Weak Reference
    __Vectors_Size                           0x000000cc   Number         0  startup_gd32e23x.o ABSOLUTE
    __Vectors                                0x08000000   Data           4  startup_gd32e23x.o(RESET)
    __Vectors_End                            0x080000cc   Data           0  startup_gd32e23x.o(RESET)
    __main                                   0x080000cd   Thumb Code     0  entry.o(.ARM.Collect$$$$00000000)
    _main_stk                                0x080000cd   Thumb Code     0  entry2.o(.ARM.Collect$$$$00000001)
    _main_scatterload                        0x080000d1   Thumb Code     0  entry5.o(.ARM.Collect$$$$00000004)
    __main_after_scatterload                 0x080000d5   Thumb Code     0  entry5.o(.ARM.Collect$$$$00000004)
    _main_clock                              0x080000d5   Thumb Code     0  entry7b.o(.ARM.Collect$$$$00000008)
    _main_cpp_init                           0x080000d5   Thumb Code     0  entry8b.o(.ARM.Collect$$$$0000000A)
    _main_init                               0x080000d5   Thumb Code     0  entry9a.o(.ARM.Collect$$$$0000000B)
    __rt_final_cpp                           0x080000dd   Thumb Code     0  entry10a.o(.ARM.Collect$$$$0000000D)
    __rt_final_exit                          0x080000dd   Thumb Code     0  entry11a.o(.ARM.Collect$$$$0000000F)
    Reset_Handler                            0x080000e1   Thumb Code     8  startup_gd32e23x.o(.text)
    ADC_CMP_IRQHandler                       0x080000f3   Thumb Code     0  startup_gd32e23x.o(.text)
    DMA_Channel1_2_IRQHandler                0x080000f3   Thumb Code     0  startup_gd32e23x.o(.text)
    DMA_Channel3_4_IRQHandler                0x080000f3   Thumb Code     0  startup_gd32e23x.o(.text)
    EXTI0_1_IRQHandler                       0x080000f3   Thumb Code     0  startup_gd32e23x.o(.text)
    EXTI2_3_IRQHandler                       0x080000f3   Thumb Code     0  startup_gd32e23x.o(.text)
    FMC_IRQHandler                           0x080000f3   Thumb Code     0  startup_gd32e23x.o(.text)
    I2C0_ER_IRQHandler                       0x080000f3   Thumb Code     0  startup_gd32e23x.o(.text)
    I2C0_EV_IRQHandler                       0x080000f3   Thumb Code     0  startup_gd32e23x.o(.text)
    I2C1_ER_IRQHandler                       0x080000f3   Thumb Code     0  startup_gd32e23x.o(.text)
    I2C1_EV_IRQHandler                       0x080000f3   Thumb Code     0  startup_gd32e23x.o(.text)
    LVD_IRQHandler                           0x080000f3   Thumb Code     0  startup_gd32e23x.o(.text)
    RCU_IRQHandler                           0x080000f3   Thumb Code     0  startup_gd32e23x.o(.text)
    RTC_IRQHandler                           0x080000f3   Thumb Code     0  startup_gd32e23x.o(.text)
    SPI0_IRQHandler                          0x080000f3   Thumb Code     0  startup_gd32e23x.o(.text)
    SPI1_IRQHandler                          0x080000f3   Thumb Code     0  startup_gd32e23x.o(.text)
    TIMER0_BRK_UP_TRG_COM_IRQHandler         0x080000f3   Thumb Code     0  startup_gd32e23x.o(.text)
    TIMER0_Channel_IRQHandler                0x080000f3   Thumb Code     0  startup_gd32e23x.o(.text)
    TIMER13_IRQHandler                       0x080000f3   Thumb Code     0  startup_gd32e23x.o(.text)
    TIMER14_IRQHandler                       0x080000f3   Thumb Code     0  startup_gd32e23x.o(.text)
    TIMER15_IRQHandler                       0x080000f3   Thumb Code     0  startup_gd32e23x.o(.text)
    TIMER16_IRQHandler                       0x080000f3   Thumb Code     0  startup_gd32e23x.o(.text)
    TIMER5_IRQHandler                        0x080000f3   Thumb Code     0  startup_gd32e23x.o(.text)
    USART0_IRQHandler                        0x080000f3   Thumb Code     0  startup_gd32e23x.o(.text)
    USART1_IRQHandler                        0x080000f3   Thumb Code     0  startup_gd32e23x.o(.text)
    WWDGT_IRQHandler                         0x080000f3   Thumb Code     0  startup_gd32e23x.o(.text)
    __aeabi_fadd                             0x080000fd   Thumb Code   162  fadd.o(.text)
    __aeabi_fsub                             0x0800019f   Thumb Code     8  fadd.o(.text)
    __aeabi_frsub                            0x080001a7   Thumb Code     8  fadd.o(.text)
    __aeabi_fmul                             0x080001af   Thumb Code   122  fmul.o(.text)
    __aeabi_fdiv                             0x08000229   Thumb Code   124  fdiv.o(.text)
    __aeabi_fcmple                           0x080002a5   Thumb Code    28  fcmple.o(.text)
    __aeabi_fcmplt                           0x080002c1   Thumb Code    28  fcmplt.o(.text)
    __aeabi_fcmpge                           0x080002dd   Thumb Code    28  fcmpge.o(.text)
    __aeabi_dcmple                           0x080002f9   Thumb Code    44  dcmple.o(.text)
    __aeabi_dcmpge                           0x08000325   Thumb Code    44  dcmpge.o(.text)
    __aeabi_dcmpgt                           0x08000351   Thumb Code    44  dcmpgt.o(.text)
    __aeabi_i2f                              0x0800037d   Thumb Code    22  fflti.o(.text)
    __aeabi_ui2f                             0x08000393   Thumb Code    14  ffltui.o(.text)
    __aeabi_f2iz                             0x080003a1   Thumb Code    50  ffixi.o(.text)
    __aeabi_f2uiz                            0x080003d3   Thumb Code    40  ffixui.o(.text)
    __aeabi_f2d                              0x080003fb   Thumb Code    40  f2d.o(.text)
    __aeabi_uldivmod                         0x08000423   Thumb Code    96  uldiv.o(.text)
    __I$use$fp                               0x08000483   Thumb Code     0  iusefp.o(.text)
    _float_round                             0x08000483   Thumb Code    16  fepilogue.o(.text)
    _float_epilogue                          0x08000493   Thumb Code   114  fepilogue.o(.text)
    __aeabi_dadd                             0x08000505   Thumb Code   328  dadd.o(.text)
    __aeabi_dsub                             0x0800064d   Thumb Code    12  dadd.o(.text)
    __aeabi_drsub                            0x08000659   Thumb Code    12  dadd.o(.text)
    __aeabi_dmul                             0x08000669   Thumb Code   202  dmul.o(.text)
    __aeabi_ddiv                             0x08000739   Thumb Code   234  ddiv.o(.text)
    __aeabi_d2ulz                            0x08000829   Thumb Code    54  dfixul.o(.text)
    __aeabi_cdrcmple                         0x08000869   Thumb Code    38  cdrcmple.o(.text)
    __scatterload                            0x08000891   Thumb Code    28  init.o(.text)
    __scatterload_rt2                        0x08000891   Thumb Code     0  init.o(.text)
    __aeabi_uidiv$div0                       0x080008b5   Thumb Code     0  uidiv_div0.o(.text)
    __aeabi_uidivmod                         0x080008b5   Thumb Code    62  uidiv_div0.o(.text)
    __aeabi_llsl                             0x080008f3   Thumb Code    32  llshl.o(.text)
    _ll_shift_l                              0x080008f3   Thumb Code     0  llshl.o(.text)
    __aeabi_llsr                             0x08000913   Thumb Code    34  llushr.o(.text)
    _ll_ushift_r                             0x08000913   Thumb Code     0  llushr.o(.text)
    __aeabi_lasr                             0x08000935   Thumb Code    38  llsshr.o(.text)
    _ll_sshift_r                             0x08000935   Thumb Code     0  llsshr.o(.text)
    _double_round                            0x0800095b   Thumb Code    26  depilogue.o(.text)
    _double_epilogue                         0x08000975   Thumb Code   164  depilogue.o(.text)
    ADC_DMA_Init                             0x08000a19   Thumb Code   100  adc.o(.text.ADC_DMA_Init)
    CLose_LED                                0x08000a81   Thumb Code    60  led.o(.text.CLose_LED)
    DMA_Channel0_IRQHandler                  0x08000ac1   Thumb Code    48  adc.o(.text.DMA_Channel0_IRQHandler)
    EXTI4_15_IRQHandler                      0x08000af1   Thumb Code   260  key.o(.text.EXTI4_15_IRQHandler)
    Freq_calibration                         0x08000c11   Thumb Code   356  freq.o(.text.Freq_calibration)
    Get_ADC_Value                            0x08000ddd   Thumb Code    64  adc.o(.text.Get_ADC_Value)
    HardFault_Handler                        0x08000e21   Thumb Code     4  gd32e23x_it.o(.text.HardFault_Handler)
    Init_ADC                                 0x08000e25   Thumb Code   144  adc.o(.text.Init_ADC)
    Init_EC11_GPIO                           0x08000eb9   Thumb Code    72  key.o(.text.Init_EC11_GPIO)
    Init_FreqTimer                           0x08000f05   Thumb Code   172  freq.o(.text.Init_FreqTimer)
    Init_Key_GPIO                            0x08000fbd   Thumb Code   124  key.o(.text.Init_Key_GPIO)
    Init_LED_GPIO                            0x08001045   Thumb Code    92  led.o(.text.Init_LED_GPIO)
    Init_Oscilloscope                        0x080010a9   Thumb Code    56  main.o(.text.Init_Oscilloscope)
    Init_PWM_Output                          0x080010e1   Thumb Code   208  timer.o(.text.Init_PWM_Output)
    Init_SPI0_GPIO16                         0x08001239   Thumb Code   128  tft_init.o(.text.Init_SPI0_GPIO16)
    Init_USART                               0x080012c5   Thumb Code   172  usart.o(.text.Init_USART)
    KEYD_SCAN                                0x0800137d   Thumb Code    72  key.o(.text.KEYD_SCAN)
    Key_Handle                               0x080013c5   Thumb Code   524  key.o(.text.Key_Handle)
    Key_Sacnf                                0x080015d9   Thumb Code   172  key.o(.text.Key_Sacnf)
    NMI_Handler                              0x08001695   Thumb Code     2  gd32e23x_it.o(.text.NMI_Handler)
    PendSV_Handler                           0x08001697   Thumb Code     2  gd32e23x_it.o(.text.PendSV_Handler)
    SVC_Handler                              0x080016ed   Thumb Code     2  gd32e23x_it.o(.text.SVC_Handler)
    Set_Output_Freq                          0x080016f1   Thumb Code    20  timer.o(.text.Set_Output_Freq)
    Set_Output_PWMComparex                   0x08001705   Thumb Code    24  timer.o(.text.Set_Output_PWMComparex)
    SysTick_Handler                          0x08001721   Thumb Code     2  gd32e23x_it.o(.text.SysTick_Handler)
    SystemInit                               0x08001725   Thumb Code   216  system_gd32e23x.o(.text.SystemInit)
    TFT_Address_Set16                        0x08001821   Thumb Code    82  tft_init.o(.text.TFT_Address_Set16)
    TFT_DrawLine                             0x08001873   Thumb Code   312  tft.o(.text.TFT_DrawLine)
    TFT_DrawPoint                            0x080019ab   Thumb Code    44  tft.o(.text.TFT_DrawPoint)
    TFT_Fill                                 0x080019d7   Thumb Code   144  tft.o(.text.TFT_Fill)
    TFT_Init                                 0x08001aa5   Thumb Code   556  tft_init.o(.text.TFT_Init)
    TFT_ShowChar                             0x08001cd5   Thumb Code   476  tft.o(.text.TFT_ShowChar)
    TFT_ShowChinese                          0x08001ebd   Thumb Code   226  tft.o(.text.TFT_ShowChinese)
    TFT_ShowChinese12x12                     0x08001fa1   Thumb Code   488  tft.o(.text.TFT_ShowChinese12x12)
    TFT_ShowChinese16x16                     0x0800218d   Thumb Code   488  tft.o(.text.TFT_ShowChinese16x16)
    TFT_ShowChinese24x24                     0x08002379   Thumb Code   488  tft.o(.text.TFT_ShowChinese24x24)
    TFT_ShowString                           0x08002565   Thumb Code   120  tft.o(.text.TFT_ShowString)
    TFT_ShowUI                               0x080025dd   Thumb Code   520  tft.o(.text.TFT_ShowUI)
    TFT_StaticUI                             0x08002805   Thumb Code   692  tft.o(.text.TFT_StaticUI)
    TFT_WR_DATA16                            0x08002ae5   Thumb Code    44  tft_init.o(.text.TFT_WR_DATA16)
    TFT_WR_DATA8                             0x08002b11   Thumb Code    44  tft_init.o(.text.TFT_WR_DATA8)
    TFT_WR_REG                               0x08002b3d   Thumb Code    60  tft_init.o(.text.TFT_WR_REG)
    TFT_WR_REG16                             0x08002b79   Thumb Code    60  tft_init.o(.text.TFT_WR_REG16)
    TIMER2_IRQHandler                        0x08002bb9   Thumb Code   188  freq.o(.text.TIMER2_IRQHandler)
    adc_calibration_enable                   0x08002d51   Thumb Code    56  gd32e23x_adc.o(.text.adc_calibration_enable)
    adc_channel_length_config                0x08002d89   Thumb Code    96  gd32e23x_adc.o(.text.adc_channel_length_config)
    adc_data_alignment_config                0x08002df1   Thumb Code    44  gd32e23x_adc.o(.text.adc_data_alignment_config)
    adc_dma_mode_enable                      0x08002e1d   Thumb Code    16  gd32e23x_adc.o(.text.adc_dma_mode_enable)
    adc_enable                               0x08002e2d   Thumb Code    24  gd32e23x_adc.o(.text.adc_enable)
    adc_external_trigger_config              0x08002e45   Thumb Code   124  gd32e23x_adc.o(.text.adc_external_trigger_config)
    adc_external_trigger_source_config       0x08002ec1   Thumb Code    80  gd32e23x_adc.o(.text.adc_external_trigger_source_config)
    adc_regular_channel_config               0x08002f11   Thumb Code   328  gd32e23x_adc.o(.text.adc_regular_channel_config)
    adc_software_trigger_enable              0x0800306d   Thumb Code    60  gd32e23x_adc.o(.text.adc_software_trigger_enable)
    adc_special_function_config              0x080030ad   Thumb Code   172  gd32e23x_adc.o(.text.adc_special_function_config)
    delay_1ms                                0x08003161   Thumb Code   112  systick.o(.text.delay_1ms)
    dma_channel_disable                      0x080031e1   Thumb Code    28  gd32e23x_dma.o(.text.dma_channel_disable)
    dma_channel_enable                       0x080031fd   Thumb Code    28  gd32e23x_dma.o(.text.dma_channel_enable)
    dma_circulation_enable                   0x08003219   Thumb Code    28  gd32e23x_dma.o(.text.dma_circulation_enable)
    dma_deinit                               0x08003235   Thumb Code    88  gd32e23x_dma.o(.text.dma_deinit)
    dma_init                                 0x0800328d   Thumb Code   268  gd32e23x_dma.o(.text.dma_init)
    dma_interrupt_enable                     0x080033a1   Thumb Code    32  gd32e23x_dma.o(.text.dma_interrupt_enable)
    dma_interrupt_flag_clear                 0x080033c1   Thumb Code    32  gd32e23x_dma.o(.text.dma_interrupt_flag_clear)
    dma_interrupt_flag_get                   0x080033e5   Thumb Code   188  gd32e23x_dma.o(.text.dma_interrupt_flag_get)
    dma_transfer_number_config               0x080034a9   Thumb Code    32  gd32e23x_dma.o(.text.dma_transfer_number_config)
    drawCurve                                0x080034cd   Thumb Code   300  tft.o(.text.drawCurve)
    exti_init                                0x08003605   Thumb Code   208  gd32e23x_exti.o(.text.exti_init)
    exti_interrupt_flag_clear                0x080036e5   Thumb Code    16  gd32e23x_exti.o(.text.exti_interrupt_flag_clear)
    exti_interrupt_flag_get                  0x080036f5   Thumb Code    40  gd32e23x_exti.o(.text.exti_interrupt_flag_get)
    gpio_af_set                              0x08003721   Thumb Code   192  gd32e23x_gpio.o(.text.gpio_af_set)
    gpio_bit_reset                           0x080037e1   Thumb Code    16  gd32e23x_gpio.o(.text.gpio_bit_reset)
    gpio_bit_set                             0x080037f1   Thumb Code    16  gd32e23x_gpio.o(.text.gpio_bit_set)
    gpio_input_bit_get                       0x08003801   Thumb Code    42  gd32e23x_gpio.o(.text.gpio_input_bit_get)
    gpio_mode_set                            0x0800382b   Thumb Code   142  gd32e23x_gpio.o(.text.gpio_mode_set)
    gpio_output_options_set                  0x080038b9   Thumb Code   138  gd32e23x_gpio.o(.text.gpio_output_options_set)
    main                                     0x08003945   Thumb Code   784  main.o(.text.main)
    nvic_irq_enable                          0x08003c79   Thumb Code    44  gd32e23x_misc.o(.text.nvic_irq_enable)
    nvic_vector_table_set                    0x08003ca5   Thumb Code    28  gd32e23x_misc.o(.text.nvic_vector_table_set)
    rcu_adc_clock_config                     0x08003cc9   Thumb Code   384  gd32e23x_rcu.o(.text.rcu_adc_clock_config)
    rcu_clock_freq_get                       0x08003e55   Thumb Code   724  gd32e23x_rcu.o(.text.rcu_clock_freq_get)
    rcu_periph_clock_enable                  0x0800414d   Thumb Code    36  gd32e23x_rcu.o(.text.rcu_periph_clock_enable)
    rcu_periph_reset_disable                 0x08004171   Thumb Code    36  gd32e23x_rcu.o(.text.rcu_periph_reset_disable)
    rcu_periph_reset_enable                  0x08004195   Thumb Code    36  gd32e23x_rcu.o(.text.rcu_periph_reset_enable)
    spi_enable                               0x080041bd   Thumb Code    18  gd32e23x_spi.o(.text.spi_enable)
    spi_i2s_data_transmit                    0x080041d1   Thumb Code    76  gd32e23x_spi.o(.text.spi_i2s_data_transmit)
    spi_i2s_deinit                           0x0800421d   Thumb Code    68  gd32e23x_spi.o(.text.spi_i2s_deinit)
    spi_i2s_flag_get                         0x08004265   Thumb Code   124  gd32e23x_spi.o(.text.spi_i2s_flag_get)
    spi_init                                 0x080042e5   Thumb Code   304  gd32e23x_spi.o(.text.spi_init)
    spi_struct_para_init                     0x0800441d   Thumb Code    42  gd32e23x_spi.o(.text.spi_struct_para_init)
    syscfg_exti_line_config                  0x08004449   Thumb Code   164  gd32e23x_syscfg.o(.text.syscfg_exti_line_config)
    systick_clksource_set                    0x080045e9   Thumb Code    40  gd32e23x_misc.o(.text.systick_clksource_set)
    systick_config                           0x08004615   Thumb Code    44  systick.o(.text.systick_config)
    timer_auto_reload_shadow_enable          0x08004655   Thumb Code    18  gd32e23x_timer.o(.text.timer_auto_reload_shadow_enable)
    timer_autoreload_value_config            0x08004667   Thumb Code    18  gd32e23x_timer.o(.text.timer_autoreload_value_config)
    timer_channel_capture_value_register_read 0x08004679   Thumb Code    88  gd32e23x_timer.o(.text.timer_channel_capture_value_register_read)
    timer_channel_input_capture_prescaler_config 0x080046d1   Thumb Code   158  gd32e23x_timer.o(.text.timer_channel_input_capture_prescaler_config)
    timer_channel_input_struct_para_init     0x0800476f   Thumb Code    28  gd32e23x_timer.o(.text.timer_channel_input_struct_para_init)
    timer_channel_output_config              0x0800478d   Thumb Code   740  gd32e23x_timer.o(.text.timer_channel_output_config)
    timer_channel_output_mode_config         0x08004a81   Thumb Code   158  gd32e23x_timer.o(.text.timer_channel_output_mode_config)
    timer_channel_output_pulse_value_config  0x08004b21   Thumb Code    82  gd32e23x_timer.o(.text.timer_channel_output_pulse_value_config)
    timer_channel_output_shadow_config       0x08004b75   Thumb Code   158  gd32e23x_timer.o(.text.timer_channel_output_shadow_config)
    timer_channel_output_struct_para_init    0x08004c13   Thumb Code    34  gd32e23x_timer.o(.text.timer_channel_output_struct_para_init)
    timer_deinit                             0x08004c35   Thumb Code   200  gd32e23x_timer.o(.text.timer_deinit)
    timer_disable                            0x08004d1d   Thumb Code    18  gd32e23x_timer.o(.text.timer_disable)
    timer_enable                             0x08004d2f   Thumb Code    18  gd32e23x_timer.o(.text.timer_enable)
    timer_init                               0x08004d41   Thumb Code   228  gd32e23x_timer.o(.text.timer_init)
    timer_input_capture_config               0x08004e3d   Thumb Code   446  gd32e23x_timer.o(.text.timer_input_capture_config)
    timer_interrupt_enable                   0x08004ffb   Thumb Code    20  gd32e23x_timer.o(.text.timer_interrupt_enable)
    timer_interrupt_flag_clear               0x0800500f   Thumb Code    18  gd32e23x_timer.o(.text.timer_interrupt_flag_clear)
    timer_interrupt_flag_get                 0x08005021   Thumb Code    58  gd32e23x_timer.o(.text.timer_interrupt_flag_get)
    timer_primary_output_config              0x0800505b   Thumb Code    48  gd32e23x_timer.o(.text.timer_primary_output_config)
    timer_struct_para_init                   0x0800508d   Thumb Code    36  gd32e23x_timer.o(.text.timer_struct_para_init)
    usart_baudrate_set                       0x080050b5   Thumb Code   172  gd32e23x_usart.o(.text.usart_baudrate_set)
    usart_deinit                             0x08005165   Thumb Code    68  gd32e23x_usart.o(.text.usart_deinit)
    usart_enable                             0x080051b9   Thumb Code    18  gd32e23x_usart.o(.text.usart_enable)
    usart_parity_config                      0x080051cb   Thumb Code    42  gd32e23x_usart.o(.text.usart_parity_config)
    usart_receive_config                     0x080051f5   Thumb Code    30  gd32e23x_usart.o(.text.usart_receive_config)
    usart_stop_bit_set                       0x08005213   Thumb Code    42  gd32e23x_usart.o(.text.usart_stop_bit_set)
    usart_transmit_config                    0x0800523d   Thumb Code    30  gd32e23x_usart.o(.text.usart_transmit_config)
    usart_word_length_set                    0x0800525b   Thumb Code    42  gd32e23x_usart.o(.text.usart_word_length_set)
    __0sprintf                               0x08005285   Thumb Code    36  printfa.o(i.__0sprintf)
    __1sprintf                               0x08005285   Thumb Code     0  printfa.o(i.__0sprintf)
    __2sprintf                               0x08005285   Thumb Code     0  printfa.o(i.__0sprintf)
    __c89sprintf                             0x08005285   Thumb Code     0  printfa.o(i.__0sprintf)
    sprintf                                  0x08005285   Thumb Code     0  printfa.o(i.__0sprintf)
    __ARM_clz                                0x080052ad   Thumb Code    46  depilogue.o(i.__ARM_clz)
    __scatterload_copy                       0x080052db   Thumb Code    14  handlers.o(i.__scatterload_copy)
    __scatterload_null                       0x080052e9   Thumb Code     2  handlers.o(i.__scatterload_null)
    __scatterload_zeroinit                   0x080052eb   Thumb Code    14  handlers.o(i.__scatterload_zeroinit)
    ascii_1206                               0x08005bae   Data        1140  tft.o(.rodata.ascii_1206)
    ascii_1608                               0x08006022   Data        1520  tft.o(.rodata.ascii_1608)
    ascii_2412                               0x08006612   Data        4560  tft.o(.rodata.ascii_2412)
    tfont12                                  0x08007855   Data         338  tft.o(.rodata.tfont12)
    tfont16                                  0x080079a7   Data         306  tft.o(.rodata.tfont16)
    tfont24                                  0x08007ad9   Data         370  tft.o(.rodata.tfont24)
    Region$$Table$$Base                      0x08007c4c   Number         0  anon$$obj.o(Region$$Table)
    Region$$Table$$Limit                     0x08007c6c   Number         0  anon$$obj.o(Region$$Table)
    SystemCoreClock                          0x20000000   Data           4  system_gd32e23x.o(.data.SystemCoreClock)
    adc_value                                0x2000000a   Data         600  adc.o(.bss.adc_value)
    oscilloscope                             0x2000027c   Data        1224  main.o(.bss.oscilloscope)
    __initial_sp                             0x20000d48   Data           0  startup_gd32e23x.o(STACK)



==============================================================================

Memory Map of the image

  Image Entry point : 0x080000cd

  Load Region LR_IROM1 (Base: 0x08000000, Size: 0x00007c78, Max: 0x00010000, ABSOLUTE)

    Execution Region ER_IROM1 (Exec base: 0x08000000, Load base: 0x08000000, Size: 0x00007c6c, Max: 0x00010000, ABSOLUTE)

    Exec Addr    Load Addr    Size         Type   Attr      Idx    E Section Name        Object

    0x08000000   0x08000000   0x000000cc   Data   RO         1167    RESET               startup_gd32e23x.o
    0x080000cc   0x080000cc   0x00000000   Code   RO         1364  * .ARM.Collect$$$$00000000  mc_p.l(entry.o)
    0x080000cc   0x080000cc   0x00000004   Code   RO         1423    .ARM.Collect$$$$00000001  mc_p.l(entry2.o)
    0x080000d0   0x080000d0   0x00000004   Code   RO         1426    .ARM.Collect$$$$00000004  mc_p.l(entry5.o)
    0x080000d4   0x080000d4   0x00000000   Code   RO         1428    .ARM.Collect$$$$00000008  mc_p.l(entry7b.o)
    0x080000d4   0x080000d4   0x00000000   Code   RO         1430    .ARM.Collect$$$$0000000A  mc_p.l(entry8b.o)
    0x080000d4   0x080000d4   0x00000008   Code   RO         1431    .ARM.Collect$$$$0000000B  mc_p.l(entry9a.o)
    0x080000dc   0x080000dc   0x00000000   Code   RO         1433    .ARM.Collect$$$$0000000D  mc_p.l(entry10a.o)
    0x080000dc   0x080000dc   0x00000000   Code   RO         1435    .ARM.Collect$$$$0000000F  mc_p.l(entry11a.o)
    0x080000dc   0x080000dc   0x00000004   Code   RO         1424    .ARM.Collect$$$$00002712  mc_p.l(entry2.o)
    0x080000e0   0x080000e0   0x0000001c   Code   RO         1168    .text               startup_gd32e23x.o
    0x080000fc   0x080000fc   0x000000b2   Code   RO         1395    .text               mf_p.l(fadd.o)
    0x080001ae   0x080001ae   0x0000007a   Code   RO         1397    .text               mf_p.l(fmul.o)
    0x08000228   0x08000228   0x0000007c   Code   RO         1399    .text               mf_p.l(fdiv.o)
    0x080002a4   0x080002a4   0x0000001c   Code   RO         1401    .text               mf_p.l(fcmple.o)
    0x080002c0   0x080002c0   0x0000001c   Code   RO         1403    .text               mf_p.l(fcmplt.o)
    0x080002dc   0x080002dc   0x0000001c   Code   RO         1405    .text               mf_p.l(fcmpge.o)
    0x080002f8   0x080002f8   0x0000002c   Code   RO         1407    .text               mf_p.l(dcmple.o)
    0x08000324   0x08000324   0x0000002c   Code   RO         1409    .text               mf_p.l(dcmpge.o)
    0x08000350   0x08000350   0x0000002c   Code   RO         1411    .text               mf_p.l(dcmpgt.o)
    0x0800037c   0x0800037c   0x00000016   Code   RO         1413    .text               mf_p.l(fflti.o)
    0x08000392   0x08000392   0x0000000e   Code   RO         1415    .text               mf_p.l(ffltui.o)
    0x080003a0   0x080003a0   0x00000032   Code   RO         1417    .text               mf_p.l(ffixi.o)
    0x080003d2   0x080003d2   0x00000028   Code   RO         1419    .text               mf_p.l(ffixui.o)
    0x080003fa   0x080003fa   0x00000028   Code   RO         1421    .text               mf_p.l(f2d.o)
    0x08000422   0x08000422   0x00000060   Code   RO         1442    .text               mc_p.l(uldiv.o)
    0x08000482   0x08000482   0x00000000   Code   RO         1444    .text               mc_p.l(iusefp.o)
    0x08000482   0x08000482   0x00000082   Code   RO         1445    .text               mf_p.l(fepilogue.o)
    0x08000504   0x08000504   0x00000164   Code   RO         1447    .text               mf_p.l(dadd.o)
    0x08000668   0x08000668   0x000000d0   Code   RO         1449    .text               mf_p.l(dmul.o)
    0x08000738   0x08000738   0x000000f0   Code   RO         1451    .text               mf_p.l(ddiv.o)
    0x08000828   0x08000828   0x00000040   Code   RO         1453    .text               mf_p.l(dfixul.o)
    0x08000868   0x08000868   0x00000028   Code   RO         1455    .text               mf_p.l(cdrcmple.o)
    0x08000890   0x08000890   0x00000024   Code   RO         1457    .text               mc_p.l(init.o)
    0x080008b4   0x080008b4   0x0000003e   Code   RO         1461    .text               mc_p.l(uidiv_div0.o)
    0x080008f2   0x080008f2   0x00000020   Code   RO         1467    .text               mc_p.l(llshl.o)
    0x08000912   0x08000912   0x00000022   Code   RO         1469    .text               mc_p.l(llushr.o)
    0x08000934   0x08000934   0x00000026   Code   RO         1471    .text               mc_p.l(llsshr.o)
    0x0800095a   0x0800095a   0x000000be   Code   RO         1473    .text               mf_p.l(depilogue.o)
    0x08000a18   0x08000a18   0x00000068   Code   RO         1287    .text.ADC_DMA_Init  adc.o
    0x08000a80   0x08000a80   0x00000040   Code   RO         1194    .text.CLose_LED     led.o
    0x08000ac0   0x08000ac0   0x00000030   Code   RO         1289    .text.DMA_Channel0_IRQHandler  adc.o
    0x08000af0   0x08000af0   0x00000120   Code   RO         1333    .text.EXTI4_15_IRQHandler  key.o
    0x08000c10   0x08000c10   0x000001cc   Code   RO         1349    .text.Freq_calibration  freq.o
    0x08000ddc   0x08000ddc   0x00000044   Code   RO         1283    .text.Get_ADC_Value  adc.o
    0x08000e20   0x08000e20   0x00000004   Code   RO            4    .text.HardFault_Handler  gd32e23x_it.o
    0x08000e24   0x08000e24   0x00000094   Code   RO         1285    .text.Init_ADC      adc.o
    0x08000eb8   0x08000eb8   0x0000004c   Code   RO         1325    .text.Init_EC11_GPIO  key.o
    0x08000f04   0x08000f04   0x000000b8   Code   RO         1347    .text.Init_FreqTimer  freq.o
    0x08000fbc   0x08000fbc   0x00000088   Code   RO         1323    .text.Init_Key_GPIO  key.o
    0x08001044   0x08001044   0x00000064   Code   RO         1192    .text.Init_LED_GPIO  led.o
    0x080010a8   0x080010a8   0x00000038   Code   RO           21    .text.Init_Oscilloscope  main.o
    0x080010e0   0x080010e0   0x000000d8   Code   RO         1310    .text.Init_PWM_Output  timer.o
    0x080011b8   0x080011b8   0x00000080   Code   RO         1229    .text.Init_SPI0_GPIO  tft_init.o
    0x08001238   0x08001238   0x0000008c   Code   RO         1205    .text.Init_SPI0_GPIO16  tft_init.o
    0x080012c4   0x080012c4   0x000000b8   Code   RO         1299    .text.Init_USART    usart.o
    0x0800137c   0x0800137c   0x00000048   Code   RO         1329    .text.KEYD_SCAN     key.o
    0x080013c4   0x080013c4   0x00000214   Code   RO         1327    .text.Key_Handle    key.o
    0x080015d8   0x080015d8   0x000000bc   Code   RO         1331    .text.Key_Sacnf     key.o
    0x08001694   0x08001694   0x00000002   Code   RO            2    .text.NMI_Handler   gd32e23x_it.o
    0x08001696   0x08001696   0x00000002   Code   RO            8    .text.PendSV_Handler  gd32e23x_it.o
    0x08001698   0x08001698   0x00000028   Code   RO         1209    .text.SPI0_Write    tft_init.o
    0x080016c0   0x080016c0   0x0000002c   Code   RO         1215    .text.SPI0_Write16  tft_init.o
    0x080016ec   0x080016ec   0x00000002   Code   RO            6    .text.SVC_Handler   gd32e23x_it.o
    0x080016ee   0x080016ee   0x00000002   PAD
    0x080016f0   0x080016f0   0x00000014   Code   RO         1314    .text.Set_Output_Freq  timer.o
    0x08001704   0x08001704   0x0000001c   Code   RO         1312    .text.Set_Output_PWMComparex  timer.o
    0x08001720   0x08001720   0x00000002   Code   RO           10    .text.SysTick_Handler  gd32e23x_it.o
    0x08001722   0x08001722   0x00000002   PAD
    0x08001724   0x08001724   0x000000fc   Code   RO         1175    .text.SystemInit    system_gd32e23x.o
    0x08001820   0x08001820   0x00000052   Code   RO         1223    .text.TFT_Address_Set16  tft_init.o
    0x08001872   0x08001872   0x00000138   Code   RO         1242    .text.TFT_DrawLine  tft.o
    0x080019aa   0x080019aa   0x0000002c   Code   RO         1240    .text.TFT_DrawPoint  tft.o
    0x080019d6   0x080019d6   0x00000090   Code   RO         1238    .text.TFT_Fill      tft.o
    0x08001a66   0x08001a66   0x00000002   PAD
    0x08001a68   0x08001a68   0x0000003c   Code   RO         1227    .text.TFT_GPIO_Init  tft_init.o
    0x08001aa4   0x08001aa4   0x00000230   Code   RO         1225    .text.TFT_Init      tft_init.o
    0x08001cd4   0x08001cd4   0x000001e8   Code   RO         1250    .text.TFT_ShowChar  tft.o
    0x08001ebc   0x08001ebc   0x000000e2   Code   RO         1254    .text.TFT_ShowChinese  tft.o
    0x08001f9e   0x08001f9e   0x00000002   PAD
    0x08001fa0   0x08001fa0   0x000001ec   Code   RO         1256    .text.TFT_ShowChinese12x12  tft.o
    0x0800218c   0x0800218c   0x000001ec   Code   RO         1258    .text.TFT_ShowChinese16x16  tft.o
    0x08002378   0x08002378   0x000001ec   Code   RO         1260    .text.TFT_ShowChinese24x24  tft.o
    0x08002564   0x08002564   0x00000078   Code   RO         1252    .text.TFT_ShowString  tft.o
    0x080025dc   0x080025dc   0x00000228   Code   RO         1264    .text.TFT_ShowUI    tft.o
    0x08002804   0x08002804   0x000002e0   Code   RO         1262    .text.TFT_StaticUI  tft.o
    0x08002ae4   0x08002ae4   0x0000002c   Code   RO         1213    .text.TFT_WR_DATA16  tft_init.o
    0x08002b10   0x08002b10   0x0000002c   Code   RO         1207    .text.TFT_WR_DATA8  tft_init.o
    0x08002b3c   0x08002b3c   0x0000003c   Code   RO         1217    .text.TFT_WR_REG    tft_init.o
    0x08002b78   0x08002b78   0x00000040   Code   RO         1219    .text.TFT_WR_REG16  tft_init.o
    0x08002bb8   0x08002bb8   0x000000e0   Code   RO         1351    .text.TIMER2_IRQHandler  freq.o
    0x08002c98   0x08002c98   0x00000034   Code   RO          505    .text.__NVIC_EnableIRQ  gd32e23x_misc.o
    0x08002ccc   0x08002ccc   0x00000084   Code   RO          503    .text.__NVIC_SetPriority  gd32e23x_misc.o
    0x08002d50   0x08002d50   0x00000038   Code   RO           57    .text.adc_calibration_enable  gd32e23x_adc.o
    0x08002d88   0x08002d88   0x00000068   Code   RO           73    .text.adc_channel_length_config  gd32e23x_adc.o
    0x08002df0   0x08002df0   0x0000002c   Code   RO           71    .text.adc_data_alignment_config  gd32e23x_adc.o
    0x08002e1c   0x08002e1c   0x00000010   Code   RO           59    .text.adc_dma_mode_enable  gd32e23x_adc.o
    0x08002e2c   0x08002e2c   0x00000018   Code   RO           53    .text.adc_enable    gd32e23x_adc.o
    0x08002e44   0x08002e44   0x0000007c   Code   RO           81    .text.adc_external_trigger_config  gd32e23x_adc.o
    0x08002ec0   0x08002ec0   0x00000050   Code   RO           83    .text.adc_external_trigger_source_config  gd32e23x_adc.o
    0x08002f10   0x08002f10   0x0000015c   Code   RO           75    .text.adc_regular_channel_config  gd32e23x_adc.o
    0x0800306c   0x0800306c   0x00000040   Code   RO           85    .text.adc_software_trigger_enable  gd32e23x_adc.o
    0x080030ac   0x080030ac   0x000000b4   Code   RO           69    .text.adc_special_function_config  gd32e23x_adc.o
    0x08003160   0x08003160   0x00000080   Code   RO           38    .text.delay_1ms     systick.o
    0x080031e0   0x080031e0   0x0000001c   Code   RO          209    .text.dma_channel_disable  gd32e23x_dma.o
    0x080031fc   0x080031fc   0x0000001c   Code   RO          219    .text.dma_channel_enable  gd32e23x_dma.o
    0x08003218   0x08003218   0x0000001c   Code   RO          211    .text.dma_circulation_enable  gd32e23x_dma.o
    0x08003234   0x08003234   0x00000058   Code   RO          203    .text.dma_deinit    gd32e23x_dma.o
    0x0800328c   0x0800328c   0x00000114   Code   RO          207    .text.dma_init      gd32e23x_dma.o
    0x080033a0   0x080033a0   0x00000020   Code   RO          253    .text.dma_interrupt_enable  gd32e23x_dma.o
    0x080033c0   0x080033c0   0x00000024   Code   RO          251    .text.dma_interrupt_flag_clear  gd32e23x_dma.o
    0x080033e4   0x080033e4   0x000000c4   Code   RO          249    .text.dma_interrupt_flag_get  gd32e23x_dma.o
    0x080034a8   0x080034a8   0x00000024   Code   RO          225    .text.dma_transfer_number_config  gd32e23x_dma.o
    0x080034cc   0x080034cc   0x00000138   Code   RO         1248    .text.drawCurve     tft.o
    0x08003604   0x08003604   0x000000e0   Code   RO          266    .text.exti_init     gd32e23x_exti.o
    0x080036e4   0x080036e4   0x00000010   Code   RO          286    .text.exti_interrupt_flag_clear  gd32e23x_exti.o
    0x080036f4   0x080036f4   0x0000002c   Code   RO          284    .text.exti_interrupt_flag_get  gd32e23x_exti.o
    0x08003720   0x08003720   0x000000c0   Code   RO          409    .text.gpio_af_set   gd32e23x_gpio.o
    0x080037e0   0x080037e0   0x00000010   Code   RO          395    .text.gpio_bit_reset  gd32e23x_gpio.o
    0x080037f0   0x080037f0   0x00000010   Code   RO          393    .text.gpio_bit_set  gd32e23x_gpio.o
    0x08003800   0x08003800   0x0000002a   Code   RO          401    .text.gpio_input_bit_get  gd32e23x_gpio.o
    0x0800382a   0x0800382a   0x0000008e   Code   RO          389    .text.gpio_mode_set  gd32e23x_gpio.o
    0x080038b8   0x080038b8   0x0000008a   Code   RO          391    .text.gpio_output_options_set  gd32e23x_gpio.o
    0x08003942   0x08003942   0x00000002   PAD
    0x08003944   0x08003944   0x00000334   Code   RO           19    .text.main          main.o
    0x08003c78   0x08003c78   0x0000002c   Code   RO          501    .text.nvic_irq_enable  gd32e23x_misc.o
    0x08003ca4   0x08003ca4   0x00000024   Code   RO          515    .text.nvic_vector_table_set  gd32e23x_misc.o
    0x08003cc8   0x08003cc8   0x0000018c   Code   RO          591    .text.rcu_adc_clock_config  gd32e23x_rcu.o
    0x08003e54   0x08003e54   0x000002f8   Code   RO          629    .text.rcu_clock_freq_get  gd32e23x_rcu.o
    0x0800414c   0x0800414c   0x00000024   Code   RO          565    .text.rcu_periph_clock_enable  gd32e23x_rcu.o
    0x08004170   0x08004170   0x00000024   Code   RO          575    .text.rcu_periph_reset_disable  gd32e23x_rcu.o
    0x08004194   0x08004194   0x00000028   Code   RO          573    .text.rcu_periph_reset_enable  gd32e23x_rcu.o
    0x080041bc   0x080041bc   0x00000012   Code   RO          725    .text.spi_enable    gd32e23x_spi.o
    0x080041ce   0x080041ce   0x00000002   PAD
    0x080041d0   0x080041d0   0x0000004c   Code   RO          759    .text.spi_i2s_data_transmit  gd32e23x_spi.o
    0x0800421c   0x0800421c   0x00000048   Code   RO          719    .text.spi_i2s_deinit  gd32e23x_spi.o
    0x08004264   0x08004264   0x00000080   Code   RO          801    .text.spi_i2s_flag_get  gd32e23x_spi.o
    0x080042e4   0x080042e4   0x00000138   Code   RO          723    .text.spi_init      gd32e23x_spi.o
    0x0800441c   0x0800441c   0x0000002a   Code   RO          721    .text.spi_struct_para_init  gd32e23x_spi.o
    0x08004446   0x08004446   0x00000002   PAD
    0x08004448   0x08004448   0x000000b4   Code   RO          826    .text.syscfg_exti_line_config  gd32e23x_syscfg.o
    0x080044fc   0x080044fc   0x000000e4   Code   RO         1181    .text.system_clock_72m_hxtal  system_gd32e23x.o
    0x080045e0   0x080045e0   0x00000008   Code   RO         1177    .text.system_clock_config  system_gd32e23x.o
    0x080045e8   0x080045e8   0x0000002c   Code   RO          521    .text.systick_clksource_set  gd32e23x_misc.o
    0x08004614   0x08004614   0x00000040   Code   RO           32    .text.systick_config  systick.o
    0x08004654   0x08004654   0x00000012   Code   RO          853    .text.timer_auto_reload_shadow_enable  gd32e23x_timer.o
    0x08004666   0x08004666   0x00000012   Code   RO          871    .text.timer_autoreload_value_config  gd32e23x_timer.o
    0x08004678   0x08004678   0x00000058   Code   RO          953    .text.timer_channel_capture_value_register_read  gd32e23x_timer.o
    0x080046d0   0x080046d0   0x0000009e   Code   RO          951    .text.timer_channel_input_capture_prescaler_config  gd32e23x_timer.o
    0x0800476e   0x0800476e   0x0000001c   Code   RO          947    .text.timer_channel_input_struct_para_init  gd32e23x_timer.o
    0x0800478a   0x0800478a   0x00000002   PAD
    0x0800478c   0x0800478c   0x000002f4   Code   RO          927    .text.timer_channel_output_config  gd32e23x_timer.o
    0x08004a80   0x08004a80   0x0000009e   Code   RO          929    .text.timer_channel_output_mode_config  gd32e23x_timer.o
    0x08004b1e   0x08004b1e   0x00000002   PAD
    0x08004b20   0x08004b20   0x00000052   Code   RO          931    .text.timer_channel_output_pulse_value_config  gd32e23x_timer.o
    0x08004b72   0x08004b72   0x00000002   PAD
    0x08004b74   0x08004b74   0x0000009e   Code   RO          933    .text.timer_channel_output_shadow_config  gd32e23x_timer.o
    0x08004c12   0x08004c12   0x00000022   Code   RO          925    .text.timer_channel_output_struct_para_init  gd32e23x_timer.o
    0x08004c34   0x08004c34   0x000000e8   Code   RO          843    .text.timer_deinit  gd32e23x_timer.o
    0x08004d1c   0x08004d1c   0x00000012   Code   RO          851    .text.timer_disable  gd32e23x_timer.o
    0x08004d2e   0x08004d2e   0x00000012   Code   RO          849    .text.timer_enable  gd32e23x_timer.o
    0x08004d40   0x08004d40   0x000000fc   Code   RO          847    .text.timer_init    gd32e23x_timer.o
    0x08004e3c   0x08004e3c   0x000001be   Code   RO          949    .text.timer_input_capture_config  gd32e23x_timer.o
    0x08004ffa   0x08004ffa   0x00000014   Code   RO          885    .text.timer_interrupt_enable  gd32e23x_timer.o
    0x0800500e   0x0800500e   0x00000012   Code   RO          891    .text.timer_interrupt_flag_clear  gd32e23x_timer.o
    0x08005020   0x08005020   0x0000003a   Code   RO          889    .text.timer_interrupt_flag_get  gd32e23x_timer.o
    0x0800505a   0x0800505a   0x00000030   Code   RO          919    .text.timer_primary_output_config  gd32e23x_timer.o
    0x0800508a   0x0800508a   0x00000002   PAD
    0x0800508c   0x0800508c   0x00000028   Code   RO          845    .text.timer_struct_para_init  gd32e23x_timer.o
    0x080050b4   0x080050b4   0x000000b0   Code   RO          998    .text.usart_baudrate_set  gd32e23x_usart.o
    0x08005164   0x08005164   0x00000054   Code   RO          996    .text.usart_deinit  gd32e23x_usart.o
    0x080051b8   0x080051b8   0x00000012   Code   RO         1006    .text.usart_enable  gd32e23x_usart.o
    0x080051ca   0x080051ca   0x0000002a   Code   RO         1000    .text.usart_parity_config  gd32e23x_usart.o
    0x080051f4   0x080051f4   0x0000001e   Code   RO         1012    .text.usart_receive_config  gd32e23x_usart.o
    0x08005212   0x08005212   0x0000002a   Code   RO         1004    .text.usart_stop_bit_set  gd32e23x_usart.o
    0x0800523c   0x0800523c   0x0000001e   Code   RO         1010    .text.usart_transmit_config  gd32e23x_usart.o
    0x0800525a   0x0800525a   0x0000002a   Code   RO         1002    .text.usart_word_length_set  gd32e23x_usart.o
    0x08005284   0x08005284   0x00000028   Code   RO         1370    i.__0sprintf        mc_p.l(printfa.o)
    0x080052ac   0x080052ac   0x0000002e   Code   RO         1475    i.__ARM_clz         mf_p.l(depilogue.o)
    0x080052da   0x080052da   0x0000000e   Code   RO         1479    i.__scatterload_copy  mc_p.l(handlers.o)
    0x080052e8   0x080052e8   0x00000002   Code   RO         1480    i.__scatterload_null  mc_p.l(handlers.o)
    0x080052ea   0x080052ea   0x0000000e   Code   RO         1481    i.__scatterload_zeroinit  mc_p.l(handlers.o)
    0x080052f8   0x080052f8   0x00000174   Code   RO         1375    i._fp_digits        mc_p.l(printfa.o)
    0x0800546c   0x0800546c   0x000006ec   Code   RO         1376    i._printf_core      mc_p.l(printfa.o)
    0x08005b58   0x08005b58   0x00000020   Code   RO         1377    i._printf_post_padding  mc_p.l(printfa.o)
    0x08005b78   0x08005b78   0x0000002c   Code   RO         1378    i._printf_pre_padding  mc_p.l(printfa.o)
    0x08005ba4   0x08005ba4   0x0000000a   Code   RO         1380    i._sputc            mc_p.l(printfa.o)
    0x08005bae   0x08005bae   0x00000474   Data   RO         1266    .rodata.ascii_1206  tft.o
    0x08006022   0x08006022   0x000005f0   Data   RO         1267    .rodata.ascii_1608  tft.o
    0x08006612   0x08006612   0x000011d0   Data   RO         1268    .rodata.ascii_2412  tft.o
    0x080077e2   0x080077e2   0x00000073   Data   RO         1275    .rodata.str1.1      tft.o
    0x08007855   0x08007855   0x00000152   Data   RO         1269    .rodata.tfont12     tft.o
    0x080079a7   0x080079a7   0x00000132   Data   RO         1270    .rodata.tfont16     tft.o
    0x08007ad9   0x08007ad9   0x00000172   Data   RO         1271    .rodata.tfont24     tft.o
    0x08007c4b   0x08007c4b   0x00000001   PAD
    0x08007c4c   0x08007c4c   0x00000020   Data   RO         1478    Region$$Table       anon$$obj.o


    Execution Region RW_IRAM1 (Exec base: 0x20000000, Load base: 0x08007c70, Size: 0x00000d48, Max: 0x00002000, ABSOLUTE)

    Exec Addr    Load Addr    Size         Type   Attr      Idx    E Section Name        Object

    0x20000000   0x08007c70   0x00000004   Data   RW         1183    .data.SystemCoreClock  system_gd32e23x.o
    0x20000004   0x08007c74   0x00000001   Data   RW         1272    .data.firstPoint    tft.o
    0x20000005   0x08007c75   0x00000003   PAD
    0x20000008        -       0x00000001   Zero   RW         1338    .bss.EXTI4_15_IRQHandler.A_cnt  key.o
    0x20000009        -       0x00000001   Zero   RW         1339    .bss.EXTI4_15_IRQHandler.B_value  key.o
    0x2000000a        -       0x00000258   Zero   RW         1291    .bss.adc_value      adc.o
    0x20000262        -       0x00000002   Zero   RW         1353    .bss.ccnumber       freq.o
    0x20000264        -       0x00000004   Zero   RW         1356    .bss.count          freq.o
    0x20000268        -       0x00000004   Zero   RW           43    .bss.count_1ms      systick.o
    0x2000026c        -       0x00000004   Zero   RW           42    .bss.count_1us      systick.o
    0x20000270        -       0x00000004   Zero   RW         1357    .bss.freq           freq.o
    0x20000274        -       0x00000001   Zero   RW         1335    .bss.key1_state     key.o
    0x20000275        -       0x00000001   Zero   RW         1336    .bss.key2_state     key.o
    0x20000276        -       0x00000001   Zero   RW         1337    .bss.key3_state     key.o
    0x20000277   0x08007c75   0x00000001   PAD
    0x20000278        -       0x00000002   Zero   RW         1273    .bss.lastX          tft.o
    0x2000027a        -       0x00000002   Zero   RW         1274    .bss.lastY          tft.o
    0x2000027c        -       0x000004c8   Zero   RW           23    .bss.oscilloscope   main.o
    0x20000744        -       0x00000002   Zero   RW         1354    .bss.readvalue1     freq.o
    0x20000746        -       0x00000002   Zero   RW         1355    .bss.readvalue2     freq.o
    0x20000748        -       0x00000600   Zero   RW         1165    STACK               startup_gd32e23x.o


==============================================================================

Image component sizes


      Code (inc. data)   RO Data    RW Data    ZI Data      Debug   Object Name

       368         12          0          0        600       3253   adc.o
       868        152          0          0         14       3342   freq.o
      1040         40          0          0          0       7651   gd32e23x_adc.o
       748         24          0          0          0       5530   gd32e23x_dma.o
       284         20          0          0          0       3104   gd32e23x_exti.o
       546          0          0          0          0       4245   gd32e23x_gpio.o
        12          0          0          0          0        712   gd32e23x_it.o
       308         24          0          0          0       3906   gd32e23x_misc.o
      1268         52          0          0          0      11270   gd32e23x_rcu.o
       648         16          0          0          0       9076   gd32e23x_spi.o
       180         16          0          0          0       2758   gd32e23x_syscfg.o
      2648         76          0          0          0      16900   gd32e23x_timer.o
       464         20          0          0          0      13651   gd32e23x_usart.o
      1292         68          0          0          5       4597   key.o
       164         12          0          0          0       1476   led.o
       876         36          0          0       1224       2278   main.o
        28          8        204          0       1536        708   startup_gd32e23x.o
       488         56          0          4          0       1931   system_gd32e23x.o
       192         36          0          0          8       1760   systick.o
      4410        112       8349          1          4       9103   tft.o
      1266         28          0          0          0       3361   tft_init.o
       264         12          0          0          0       2138   timer.o
       184         12          0          0          0       2290   usart.o

    ----------------------------------------------------------------------
     18568        832       8586          8       3392     115040   Object Totals
         0          0         32          0          0          0   (incl. Generated)
        22          0          1          3          1          0   (incl. Padding)

    ----------------------------------------------------------------------

      Code (inc. data)   RO Data    RW Data    ZI Data      Debug   Library Member Name

         0          0          0          0          0          0   entry.o
         0          0          0          0          0          0   entry10a.o
         0          0          0          0          0          0   entry11a.o
         8          4          0          0          0          0   entry2.o
         4          0          0          0          0          0   entry5.o
         0          0          0          0          0          0   entry7b.o
         0          0          0          0          0          0   entry8b.o
         8          4          0          0          0          0   entry9a.o
        30          0          0          0          0          0   handlers.o
        36          8          0          0          0         68   init.o
         0          0          0          0          0          0   iusefp.o
        32          0          0          0          0         68   llshl.o
        38          0          0          0          0         68   llsshr.o
        34          0          0          0          0         68   llushr.o
      2270         94          0          0          0        472   printfa.o
        62          0          0          0          0         72   uidiv_div0.o
        96          0          0          0          0         84   uldiv.o
        40          2          0          0          0         68   cdrcmple.o
       356          4          0          0          0        140   dadd.o
        44          0          0          0          0         68   dcmpge.o
        44          0          0          0          0         68   dcmpgt.o
        44          0          0          0          0         68   dcmple.o
       240          6          0          0          0         84   ddiv.o
       236          0          0          0          0        216   depilogue.o
        64         10          0          0          0         68   dfixul.o
       208          6          0          0          0         88   dmul.o
        40          0          0          0          0         60   f2d.o
       178          0          0          0          0        108   fadd.o
        28          0          0          0          0         60   fcmpge.o
        28          0          0          0          0         60   fcmple.o
        28          0          0          0          0         60   fcmplt.o
       124          0          0          0          0         72   fdiv.o
       130          0          0          0          0        144   fepilogue.o
        50          0          0          0          0         60   ffixi.o
        40          0          0          0          0         60   ffixui.o
        22          0          0          0          0         68   fflti.o
        14          0          0          0          0         68   ffltui.o
       122          0          0          0          0         72   fmul.o

    ----------------------------------------------------------------------
      4698        138          0          0          0       2660   Library Totals
         0          0          0          0          0          0   (incl. Padding)

    ----------------------------------------------------------------------

      Code (inc. data)   RO Data    RW Data    ZI Data      Debug   Library Name

      2618        110          0          0          0        900   mc_p.l
      2080         28          0          0          0       1760   mf_p.l

    ----------------------------------------------------------------------
      4698        138          0          0          0       2660   Library Totals

    ----------------------------------------------------------------------

==============================================================================


      Code (inc. data)   RO Data    RW Data    ZI Data      Debug   

     23266        970       8586          8       3392     116060   Grand Totals
     23266        970       8586          8       3392     116060   ELF Image Totals
     23266        970       8586          8          0          0   ROM Totals

==============================================================================

    Total RO  Size (Code + RO Data)                31852 (  31.11kB)
    Total RW  Size (RW Data + ZI Data)              3400 (   3.32kB)
    Total ROM Size (Code + RO Data + RW Data)      31860 (  31.11kB)

==============================================================================

