*** Using Compiler 'V6.24', folder: 'D:\Keil 5\ARM\ARMCLANG\Bin'
Rebuild target 'GD32E230C8T6'
compiling gd32e23x_it.c...
compiling main.c...
compiling systick.c...
compiling gd32e23x_adc.c...
compiling gd32e23x_crc.c...
compiling gd32e23x_dbg.c...
compiling key.c...
compiling gd32e23x_spi.c...
compiling gd32e23x_rtc.c...
compiling gd32e23x_fwdgt.c...
compiling gd32e23x_exti.c...
compiling gd32e23x_pmu.c...
compiling gd32e23x_dma.c...
compiling gd32e23x_rcu.c...
compiling gd32e23x_i2c.c...
compiling gd32e23x_misc.c...
compiling gd32e23x_fmc.c...
compiling gd32e23x_wwdgt.c...
compiling adc.c...
compiling gd32e23x_gpio.c...
compiling scope_math.c...
compiling timer_math.c...
compiling usart.c...
compiling tft_init.c...
compiling timer.c...
compiling gd32e23x_usart.c...
compiling gd32e23x_syscfg.c...
compiling led.c...
compiling gd32e23x_cmp.c...
compiling system_gd32e23x.c...
compiling freq.c...
compiling tft.c...
compiling gd32e23x_timer.c...
assembling startup_gd32e23x.s...
linking...
Program Size: Code=23266 RO-data=8622 RW-data=8 ZI-data=3392  
FromELF: creating hex file...
".\Objects\Oscilloscope.axf" - 0 Error(s), 0 Warning(s).
Build Time Elapsed:  00:00:03
