<!doctype html public "-//w3c//dtd html 4.0 transitional//en">
<html><head>
<title>Static Call Graph - [.\Objects\Oscilloscope.axf]</title></head>
<body><HR>
<H1>Static Call Graph for image .\Objects\Oscilloscope.axf</H1><HR>
<BR><P>#&#060CALLGRAPH&#062# ARM Linker, 6190004: Last Updated: Thu Jun 26 15:30:25 2025
<BR><P>
<H3>Maximum Stack Usage =        656 bytes + Unknown(Cycles, Untraceable Function Pointers)</H3><H3>
Call chain for Maximum Stack Depth:</H3>
main &rArr; TFT_StaticUI &rArr; TFT_ShowString &rArr; TFT_ShowChar &rArr; TFT_DrawPoint &rArr; TFT_Address_Set &rArr; TFT_WR_REG &rArr; spi_i2s_data_transmit
<P>
<H3>
Mutually Recursive functions
</H3> <LI><a href="#[11]">ADC_CMP_IRQHandler</a>&nbsp;&nbsp;&nbsp;&rArr;&nbsp;&nbsp;&nbsp;<a href="#[11]">ADC_CMP_IRQHandler</a><BR>
</UL>
<P>
<H3>
Function Pointers
</H3><UL>
 <LI><a href="#[11]">ADC_CMP_IRQHandler</a> from startup_gd32e23x.o(.text) referenced from startup_gd32e23x.o(RESET)
 <LI><a href="#[e]">DMA_Channel0_IRQHandler</a> from mid_adc.o(.text.DMA_Channel0_IRQHandler) referenced from startup_gd32e23x.o(RESET)
 <LI><a href="#[f]">DMA_Channel1_2_IRQHandler</a> from startup_gd32e23x.o(.text) referenced from startup_gd32e23x.o(RESET)
 <LI><a href="#[10]">DMA_Channel3_4_IRQHandler</a> from startup_gd32e23x.o(.text) referenced from startup_gd32e23x.o(RESET)
 <LI><a href="#[b]">EXTI0_1_IRQHandler</a> from startup_gd32e23x.o(.text) referenced from startup_gd32e23x.o(RESET)
 <LI><a href="#[c]">EXTI2_3_IRQHandler</a> from startup_gd32e23x.o(.text) referenced from startup_gd32e23x.o(RESET)
 <LI><a href="#[d]">EXTI4_15_IRQHandler</a> from main.o(.text.EXTI4_15_IRQHandler) referenced from startup_gd32e23x.o(RESET)
 <LI><a href="#[9]">FMC_IRQHandler</a> from startup_gd32e23x.o(.text) referenced from startup_gd32e23x.o(RESET)
 <LI><a href="#[2]">HardFault_Handler</a> from gd32e23x_it.o(.text.HardFault_Handler) referenced from startup_gd32e23x.o(RESET)
 <LI><a href="#[20]">I2C0_ER_IRQHandler</a> from startup_gd32e23x.o(.text) referenced from startup_gd32e23x.o(RESET)
 <LI><a href="#[1a]">I2C0_EV_IRQHandler</a> from startup_gd32e23x.o(.text) referenced from startup_gd32e23x.o(RESET)
 <LI><a href="#[21]">I2C1_ER_IRQHandler</a> from startup_gd32e23x.o(.text) referenced from startup_gd32e23x.o(RESET)
 <LI><a href="#[1b]">I2C1_EV_IRQHandler</a> from startup_gd32e23x.o(.text) referenced from startup_gd32e23x.o(RESET)
 <LI><a href="#[7]">LVD_IRQHandler</a> from startup_gd32e23x.o(.text) referenced from startup_gd32e23x.o(RESET)
 <LI><a href="#[1]">NMI_Handler</a> from gd32e23x_it.o(.text.NMI_Handler) referenced from startup_gd32e23x.o(RESET)
 <LI><a href="#[4]">PendSV_Handler</a> from gd32e23x_it.o(.text.PendSV_Handler) referenced from startup_gd32e23x.o(RESET)
 <LI><a href="#[a]">RCU_IRQHandler</a> from startup_gd32e23x.o(.text) referenced from startup_gd32e23x.o(RESET)
 <LI><a href="#[8]">RTC_IRQHandler</a> from startup_gd32e23x.o(.text) referenced from startup_gd32e23x.o(RESET)
 <LI><a href="#[0]">Reset_Handler</a> from startup_gd32e23x.o(.text) referenced from startup_gd32e23x.o(RESET)
 <LI><a href="#[1c]">SPI0_IRQHandler</a> from startup_gd32e23x.o(.text) referenced from startup_gd32e23x.o(RESET)
 <LI><a href="#[1d]">SPI1_IRQHandler</a> from startup_gd32e23x.o(.text) referenced from startup_gd32e23x.o(RESET)
 <LI><a href="#[3]">SVC_Handler</a> from gd32e23x_it.o(.text.SVC_Handler) referenced from startup_gd32e23x.o(RESET)
 <LI><a href="#[5]">SysTick_Handler</a> from gd32e23x_it.o(.text.SysTick_Handler) referenced from startup_gd32e23x.o(RESET)
 <LI><a href="#[23]">SystemInit</a> from system_gd32e23x.o(.text.SystemInit) referenced from startup_gd32e23x.o(.text)
 <LI><a href="#[12]">TIMER0_BRK_UP_TRG_COM_IRQHandler</a> from startup_gd32e23x.o(.text) referenced from startup_gd32e23x.o(RESET)
 <LI><a href="#[13]">TIMER0_Channel_IRQHandler</a> from startup_gd32e23x.o(.text) referenced from startup_gd32e23x.o(RESET)
 <LI><a href="#[16]">TIMER13_IRQHandler</a> from startup_gd32e23x.o(.text) referenced from startup_gd32e23x.o(RESET)
 <LI><a href="#[17]">TIMER14_IRQHandler</a> from startup_gd32e23x.o(.text) referenced from startup_gd32e23x.o(RESET)
 <LI><a href="#[18]">TIMER15_IRQHandler</a> from mid_timer.o(.text.TIMER15_IRQHandler) referenced from startup_gd32e23x.o(RESET)
 <LI><a href="#[19]">TIMER16_IRQHandler</a> from startup_gd32e23x.o(.text) referenced from startup_gd32e23x.o(RESET)
 <LI><a href="#[14]">TIMER2_IRQHandler</a> from mid_timer.o(.text.TIMER2_IRQHandler) referenced from startup_gd32e23x.o(RESET)
 <LI><a href="#[15]">TIMER5_IRQHandler</a> from startup_gd32e23x.o(.text) referenced from startup_gd32e23x.o(RESET)
 <LI><a href="#[1e]">USART0_IRQHandler</a> from startup_gd32e23x.o(.text) referenced from startup_gd32e23x.o(RESET)
 <LI><a href="#[1f]">USART1_IRQHandler</a> from startup_gd32e23x.o(.text) referenced from startup_gd32e23x.o(RESET)
 <LI><a href="#[6]">WWDGT_IRQHandler</a> from startup_gd32e23x.o(.text) referenced from startup_gd32e23x.o(RESET)
 <LI><a href="#[24]">__main</a> from entry.o(.ARM.Collect$$$$00000000) referenced from startup_gd32e23x.o(.text)
 <LI><a href="#[25]">_sputc</a> from printfa.o(i._sputc) referenced from printfa.o(i.__0sprintf)
 <LI><a href="#[22]">main</a> from main.o(.text.main) referenced from entry9a.o(.ARM.Collect$$$$0000000B)
</UL>
<P>
<H3>
Global Symbols
</H3>
<P><STRONG><a name="[24]"></a>__main</STRONG> (Thumb, 0 bytes, Stack size unknown bytes, entry.o(.ARM.Collect$$$$00000000))
<BR>[Address Reference Count : 1]<UL><LI> startup_gd32e23x.o(.text)
</UL>
<P><STRONG><a name="[cc]"></a>_main_stk</STRONG> (Thumb, 0 bytes, Stack size unknown bytes, entry2.o(.ARM.Collect$$$$00000001))

<P><STRONG><a name="[26]"></a>_main_scatterload</STRONG> (Thumb, 0 bytes, Stack size unknown bytes, entry5.o(.ARM.Collect$$$$00000004))
<BR><BR>[Calls]<UL><LI><a href="#[27]">&gt;&gt;</a>&nbsp;&nbsp;&nbsp;__scatterload
</UL>

<P><STRONG><a name="[3f]"></a>__main_after_scatterload</STRONG> (Thumb, 0 bytes, Stack size unknown bytes, entry5.o(.ARM.Collect$$$$00000004))
<BR><BR>[Called By]<UL><LI><a href="#[27]">&gt;&gt;</a>&nbsp;&nbsp;&nbsp;__scatterload
</UL>

<P><STRONG><a name="[cd]"></a>_main_clock</STRONG> (Thumb, 0 bytes, Stack size unknown bytes, entry7b.o(.ARM.Collect$$$$00000008))

<P><STRONG><a name="[ce]"></a>_main_cpp_init</STRONG> (Thumb, 0 bytes, Stack size unknown bytes, entry8b.o(.ARM.Collect$$$$0000000A))

<P><STRONG><a name="[cf]"></a>_main_init</STRONG> (Thumb, 0 bytes, Stack size unknown bytes, entry9a.o(.ARM.Collect$$$$0000000B))

<P><STRONG><a name="[d0]"></a>__rt_final_cpp</STRONG> (Thumb, 0 bytes, Stack size unknown bytes, entry10a.o(.ARM.Collect$$$$0000000D))

<P><STRONG><a name="[d1]"></a>__rt_final_exit</STRONG> (Thumb, 0 bytes, Stack size unknown bytes, entry11a.o(.ARM.Collect$$$$0000000F))

<P><STRONG><a name="[0]"></a>Reset_Handler</STRONG> (Thumb, 8 bytes, Stack size 0 bytes, startup_gd32e23x.o(.text))
<BR>[Address Reference Count : 1]<UL><LI> startup_gd32e23x.o(RESET)
</UL>
<P><STRONG><a name="[11]"></a>ADC_CMP_IRQHandler</STRONG> (Thumb, 0 bytes, Stack size 0 bytes, startup_gd32e23x.o(.text))
<BR><BR>[Calls]<UL><LI><a href="#[11]">&gt;&gt;</a>&nbsp;&nbsp;&nbsp;ADC_CMP_IRQHandler
</UL>
<BR>[Called By]<UL><LI><a href="#[11]">&gt;&gt;</a>&nbsp;&nbsp;&nbsp;ADC_CMP_IRQHandler
</UL>
<BR>[Address Reference Count : 1]<UL><LI> startup_gd32e23x.o(RESET)
</UL>
<P><STRONG><a name="[f]"></a>DMA_Channel1_2_IRQHandler</STRONG> (Thumb, 0 bytes, Stack size 0 bytes, startup_gd32e23x.o(.text))
<BR>[Address Reference Count : 1]<UL><LI> startup_gd32e23x.o(RESET)
</UL>
<P><STRONG><a name="[10]"></a>DMA_Channel3_4_IRQHandler</STRONG> (Thumb, 0 bytes, Stack size 0 bytes, startup_gd32e23x.o(.text))
<BR>[Address Reference Count : 1]<UL><LI> startup_gd32e23x.o(RESET)
</UL>
<P><STRONG><a name="[b]"></a>EXTI0_1_IRQHandler</STRONG> (Thumb, 0 bytes, Stack size 0 bytes, startup_gd32e23x.o(.text))
<BR>[Address Reference Count : 1]<UL><LI> startup_gd32e23x.o(RESET)
</UL>
<P><STRONG><a name="[c]"></a>EXTI2_3_IRQHandler</STRONG> (Thumb, 0 bytes, Stack size 0 bytes, startup_gd32e23x.o(.text))
<BR>[Address Reference Count : 1]<UL><LI> startup_gd32e23x.o(RESET)
</UL>
<P><STRONG><a name="[9]"></a>FMC_IRQHandler</STRONG> (Thumb, 0 bytes, Stack size 0 bytes, startup_gd32e23x.o(.text))
<BR>[Address Reference Count : 1]<UL><LI> startup_gd32e23x.o(RESET)
</UL>
<P><STRONG><a name="[20]"></a>I2C0_ER_IRQHandler</STRONG> (Thumb, 0 bytes, Stack size 0 bytes, startup_gd32e23x.o(.text))
<BR>[Address Reference Count : 1]<UL><LI> startup_gd32e23x.o(RESET)
</UL>
<P><STRONG><a name="[1a]"></a>I2C0_EV_IRQHandler</STRONG> (Thumb, 0 bytes, Stack size 0 bytes, startup_gd32e23x.o(.text))
<BR>[Address Reference Count : 1]<UL><LI> startup_gd32e23x.o(RESET)
</UL>
<P><STRONG><a name="[21]"></a>I2C1_ER_IRQHandler</STRONG> (Thumb, 0 bytes, Stack size 0 bytes, startup_gd32e23x.o(.text))
<BR>[Address Reference Count : 1]<UL><LI> startup_gd32e23x.o(RESET)
</UL>
<P><STRONG><a name="[1b]"></a>I2C1_EV_IRQHandler</STRONG> (Thumb, 0 bytes, Stack size 0 bytes, startup_gd32e23x.o(.text))
<BR>[Address Reference Count : 1]<UL><LI> startup_gd32e23x.o(RESET)
</UL>
<P><STRONG><a name="[7]"></a>LVD_IRQHandler</STRONG> (Thumb, 0 bytes, Stack size 0 bytes, startup_gd32e23x.o(.text))
<BR>[Address Reference Count : 1]<UL><LI> startup_gd32e23x.o(RESET)
</UL>
<P><STRONG><a name="[a]"></a>RCU_IRQHandler</STRONG> (Thumb, 0 bytes, Stack size 0 bytes, startup_gd32e23x.o(.text))
<BR>[Address Reference Count : 1]<UL><LI> startup_gd32e23x.o(RESET)
</UL>
<P><STRONG><a name="[8]"></a>RTC_IRQHandler</STRONG> (Thumb, 0 bytes, Stack size 0 bytes, startup_gd32e23x.o(.text))
<BR>[Address Reference Count : 1]<UL><LI> startup_gd32e23x.o(RESET)
</UL>
<P><STRONG><a name="[1c]"></a>SPI0_IRQHandler</STRONG> (Thumb, 0 bytes, Stack size 0 bytes, startup_gd32e23x.o(.text))
<BR>[Address Reference Count : 1]<UL><LI> startup_gd32e23x.o(RESET)
</UL>
<P><STRONG><a name="[1d]"></a>SPI1_IRQHandler</STRONG> (Thumb, 0 bytes, Stack size 0 bytes, startup_gd32e23x.o(.text))
<BR>[Address Reference Count : 1]<UL><LI> startup_gd32e23x.o(RESET)
</UL>
<P><STRONG><a name="[12]"></a>TIMER0_BRK_UP_TRG_COM_IRQHandler</STRONG> (Thumb, 0 bytes, Stack size 0 bytes, startup_gd32e23x.o(.text))
<BR>[Address Reference Count : 1]<UL><LI> startup_gd32e23x.o(RESET)
</UL>
<P><STRONG><a name="[13]"></a>TIMER0_Channel_IRQHandler</STRONG> (Thumb, 0 bytes, Stack size 0 bytes, startup_gd32e23x.o(.text))
<BR>[Address Reference Count : 1]<UL><LI> startup_gd32e23x.o(RESET)
</UL>
<P><STRONG><a name="[16]"></a>TIMER13_IRQHandler</STRONG> (Thumb, 0 bytes, Stack size 0 bytes, startup_gd32e23x.o(.text))
<BR>[Address Reference Count : 1]<UL><LI> startup_gd32e23x.o(RESET)
</UL>
<P><STRONG><a name="[17]"></a>TIMER14_IRQHandler</STRONG> (Thumb, 0 bytes, Stack size 0 bytes, startup_gd32e23x.o(.text))
<BR>[Address Reference Count : 1]<UL><LI> startup_gd32e23x.o(RESET)
</UL>
<P><STRONG><a name="[19]"></a>TIMER16_IRQHandler</STRONG> (Thumb, 0 bytes, Stack size 0 bytes, startup_gd32e23x.o(.text))
<BR>[Address Reference Count : 1]<UL><LI> startup_gd32e23x.o(RESET)
</UL>
<P><STRONG><a name="[15]"></a>TIMER5_IRQHandler</STRONG> (Thumb, 0 bytes, Stack size 0 bytes, startup_gd32e23x.o(.text))
<BR>[Address Reference Count : 1]<UL><LI> startup_gd32e23x.o(RESET)
</UL>
<P><STRONG><a name="[1e]"></a>USART0_IRQHandler</STRONG> (Thumb, 0 bytes, Stack size 0 bytes, startup_gd32e23x.o(.text))
<BR>[Address Reference Count : 1]<UL><LI> startup_gd32e23x.o(RESET)
</UL>
<P><STRONG><a name="[1f]"></a>USART1_IRQHandler</STRONG> (Thumb, 0 bytes, Stack size 0 bytes, startup_gd32e23x.o(.text))
<BR>[Address Reference Count : 1]<UL><LI> startup_gd32e23x.o(RESET)
</UL>
<P><STRONG><a name="[6]"></a>WWDGT_IRQHandler</STRONG> (Thumb, 0 bytes, Stack size 0 bytes, startup_gd32e23x.o(.text))
<BR>[Address Reference Count : 1]<UL><LI> startup_gd32e23x.o(RESET)
</UL>
<P><STRONG><a name="[29]"></a>__aeabi_memset</STRONG> (Thumb, 14 bytes, Stack size 0 bytes, memseta.o(.text))
<BR><BR>[Called By]<UL><LI><a href="#[2a]">&gt;&gt;</a>&nbsp;&nbsp;&nbsp;_memset$wrapper
<LI><a href="#[28]">&gt;&gt;</a>&nbsp;&nbsp;&nbsp;__aeabi_memclr
</UL>

<P><STRONG><a name="[d2]"></a>__aeabi_memset4</STRONG> (Thumb, 0 bytes, Stack size 0 bytes, memseta.o(.text), UNUSED)

<P><STRONG><a name="[d3]"></a>__aeabi_memset8</STRONG> (Thumb, 0 bytes, Stack size 0 bytes, memseta.o(.text), UNUSED)

<P><STRONG><a name="[28]"></a>__aeabi_memclr</STRONG> (Thumb, 4 bytes, Stack size 0 bytes, memseta.o(.text))
<BR><BR>[Calls]<UL><LI><a href="#[29]">&gt;&gt;</a>&nbsp;&nbsp;&nbsp;__aeabi_memset
</UL>
<BR>[Called By]<UL><LI><a href="#[71]">&gt;&gt;</a>&nbsp;&nbsp;&nbsp;clear_adc_value
</UL>

<P><STRONG><a name="[d4]"></a>__aeabi_memclr4</STRONG> (Thumb, 0 bytes, Stack size 0 bytes, memseta.o(.text), UNUSED)

<P><STRONG><a name="[d5]"></a>__aeabi_memclr8</STRONG> (Thumb, 0 bytes, Stack size 0 bytes, memseta.o(.text), UNUSED)

<P><STRONG><a name="[2a]"></a>_memset$wrapper</STRONG> (Thumb, 18 bytes, Stack size 8 bytes, memseta.o(.text), UNUSED)
<BR><BR>[Calls]<UL><LI><a href="#[29]">&gt;&gt;</a>&nbsp;&nbsp;&nbsp;__aeabi_memset
</UL>

<P><STRONG><a name="[2b]"></a>__aeabi_fadd</STRONG> (Thumb, 162 bytes, Stack size 24 bytes, fadd.o(.text))
<BR><BR>[Stack]<UL><LI>Max Depth = 36<LI>Call Chain = __aeabi_fadd &rArr; _float_epilogue
</UL>
<BR>[Calls]<UL><LI><a href="#[2d]">&gt;&gt;</a>&nbsp;&nbsp;&nbsp;_float_round
<LI><a href="#[2c]">&gt;&gt;</a>&nbsp;&nbsp;&nbsp;_float_epilogue
</UL>
<BR>[Called By]<UL><LI><a href="#[78]">&gt;&gt;</a>&nbsp;&nbsp;&nbsp;key_scanf_handle
<LI><a href="#[61]">&gt;&gt;</a>&nbsp;&nbsp;&nbsp;TFT_ShowUI
<LI><a href="#[2f]">&gt;&gt;</a>&nbsp;&nbsp;&nbsp;__aeabi_frsub
<LI><a href="#[2e]">&gt;&gt;</a>&nbsp;&nbsp;&nbsp;__aeabi_fsub
</UL>

<P><STRONG><a name="[2e]"></a>__aeabi_fsub</STRONG> (Thumb, 8 bytes, Stack size 0 bytes, fadd.o(.text))
<BR><BR>[Stack]<UL><LI>Max Depth = 36<LI>Call Chain = __aeabi_fsub &rArr; __aeabi_fadd &rArr; _float_epilogue
</UL>
<BR>[Calls]<UL><LI><a href="#[2b]">&gt;&gt;</a>&nbsp;&nbsp;&nbsp;__aeabi_fadd
</UL>
<BR>[Called By]<UL><LI><a href="#[61]">&gt;&gt;</a>&nbsp;&nbsp;&nbsp;TFT_ShowUI
</UL>

<P><STRONG><a name="[2f]"></a>__aeabi_frsub</STRONG> (Thumb, 8 bytes, Stack size 0 bytes, fadd.o(.text), UNUSED)
<BR><BR>[Calls]<UL><LI><a href="#[2b]">&gt;&gt;</a>&nbsp;&nbsp;&nbsp;__aeabi_fadd
</UL>

<P><STRONG><a name="[69]"></a>__aeabi_fmul</STRONG> (Thumb, 122 bytes, Stack size 16 bytes, fmul.o(.text))
<BR><BR>[Stack]<UL><LI>Max Depth = 16<LI>Call Chain = __aeabi_fmul
</UL>
<BR>[Called By]<UL><LI><a href="#[78]">&gt;&gt;</a>&nbsp;&nbsp;&nbsp;key_scanf_handle
<LI><a href="#[61]">&gt;&gt;</a>&nbsp;&nbsp;&nbsp;TFT_ShowUI
<LI><a href="#[90]">&gt;&gt;</a>&nbsp;&nbsp;&nbsp;osc_waveShow
<LI><a href="#[59]">&gt;&gt;</a>&nbsp;&nbsp;&nbsp;delay_1ms
<LI><a href="#[80]">&gt;&gt;</a>&nbsp;&nbsp;&nbsp;systick_config
</UL>

<P><STRONG><a name="[30]"></a>__aeabi_fdiv</STRONG> (Thumb, 124 bytes, Stack size 16 bytes, fdiv.o(.text))
<BR><BR>[Stack]<UL><LI>Max Depth = 16<LI>Call Chain = __aeabi_fdiv
</UL>
<BR>[Calls]<UL><LI><a href="#[2d]">&gt;&gt;</a>&nbsp;&nbsp;&nbsp;_float_round
</UL>
<BR>[Called By]<UL><LI><a href="#[78]">&gt;&gt;</a>&nbsp;&nbsp;&nbsp;key_scanf_handle
<LI><a href="#[61]">&gt;&gt;</a>&nbsp;&nbsp;&nbsp;TFT_ShowUI
<LI><a href="#[90]">&gt;&gt;</a>&nbsp;&nbsp;&nbsp;osc_waveShow
<LI><a href="#[80]">&gt;&gt;</a>&nbsp;&nbsp;&nbsp;systick_config
</UL>

<P><STRONG><a name="[7c]"></a>__aeabi_fcmple</STRONG> (Thumb, 28 bytes, Stack size 0 bytes, fcmple.o(.text))
<BR><BR>[Called By]<UL><LI><a href="#[78]">&gt;&gt;</a>&nbsp;&nbsp;&nbsp;key_scanf_handle
<LI><a href="#[90]">&gt;&gt;</a>&nbsp;&nbsp;&nbsp;osc_waveShow
</UL>

<P><STRONG><a name="[7d]"></a>__aeabi_fcmpge</STRONG> (Thumb, 28 bytes, Stack size 0 bytes, fcmpge.o(.text))
<BR><BR>[Called By]<UL><LI><a href="#[78]">&gt;&gt;</a>&nbsp;&nbsp;&nbsp;key_scanf_handle
<LI><a href="#[90]">&gt;&gt;</a>&nbsp;&nbsp;&nbsp;osc_waveShow
</UL>

<P><STRONG><a name="[31]"></a>__aeabi_i2f</STRONG> (Thumb, 22 bytes, Stack size 8 bytes, fflti.o(.text))
<BR><BR>[Stack]<UL><LI>Max Depth = 20<LI>Call Chain = __aeabi_i2f &rArr; _float_epilogue
</UL>
<BR>[Calls]<UL><LI><a href="#[2c]">&gt;&gt;</a>&nbsp;&nbsp;&nbsp;_float_epilogue
</UL>
<BR>[Called By]<UL><LI><a href="#[78]">&gt;&gt;</a>&nbsp;&nbsp;&nbsp;key_scanf_handle
<LI><a href="#[61]">&gt;&gt;</a>&nbsp;&nbsp;&nbsp;TFT_ShowUI
<LI><a href="#[90]">&gt;&gt;</a>&nbsp;&nbsp;&nbsp;osc_waveShow
</UL>

<P><STRONG><a name="[32]"></a>__aeabi_ui2f</STRONG> (Thumb, 14 bytes, Stack size 8 bytes, ffltui.o(.text))
<BR><BR>[Stack]<UL><LI>Max Depth = 20<LI>Call Chain = __aeabi_ui2f &rArr; _float_epilogue
</UL>
<BR>[Calls]<UL><LI><a href="#[2c]">&gt;&gt;</a>&nbsp;&nbsp;&nbsp;_float_epilogue
</UL>
<BR>[Called By]<UL><LI><a href="#[78]">&gt;&gt;</a>&nbsp;&nbsp;&nbsp;key_scanf_handle
<LI><a href="#[61]">&gt;&gt;</a>&nbsp;&nbsp;&nbsp;TFT_ShowUI
<LI><a href="#[90]">&gt;&gt;</a>&nbsp;&nbsp;&nbsp;osc_waveShow
<LI><a href="#[59]">&gt;&gt;</a>&nbsp;&nbsp;&nbsp;delay_1ms
<LI><a href="#[80]">&gt;&gt;</a>&nbsp;&nbsp;&nbsp;systick_config
</UL>

<P><STRONG><a name="[6a]"></a>__aeabi_f2iz</STRONG> (Thumb, 50 bytes, Stack size 0 bytes, ffixi.o(.text))
<BR><BR>[Called By]<UL><LI><a href="#[78]">&gt;&gt;</a>&nbsp;&nbsp;&nbsp;key_scanf_handle
<LI><a href="#[61]">&gt;&gt;</a>&nbsp;&nbsp;&nbsp;TFT_ShowUI
<LI><a href="#[90]">&gt;&gt;</a>&nbsp;&nbsp;&nbsp;osc_waveShow
</UL>

<P><STRONG><a name="[73]"></a>__aeabi_f2uiz</STRONG> (Thumb, 40 bytes, Stack size 0 bytes, ffixui.o(.text))
<BR><BR>[Called By]<UL><LI><a href="#[59]">&gt;&gt;</a>&nbsp;&nbsp;&nbsp;delay_1ms
</UL>

<P><STRONG><a name="[62]"></a>__aeabi_f2d</STRONG> (Thumb, 40 bytes, Stack size 0 bytes, f2d.o(.text))
<BR><BR>[Called By]<UL><LI><a href="#[61]">&gt;&gt;</a>&nbsp;&nbsp;&nbsp;TFT_ShowUI
</UL>

<P><STRONG><a name="[33]"></a>__aeabi_uldivmod</STRONG> (Thumb, 96 bytes, Stack size 48 bytes, uldiv.o(.text), UNUSED)
<BR><BR>[Calls]<UL><LI><a href="#[34]">&gt;&gt;</a>&nbsp;&nbsp;&nbsp;__aeabi_llsr
<LI><a href="#[35]">&gt;&gt;</a>&nbsp;&nbsp;&nbsp;__aeabi_llsl
</UL>
<BR>[Called By]<UL><LI><a href="#[c6]">&gt;&gt;</a>&nbsp;&nbsp;&nbsp;_printf_core
<LI><a href="#[c7]">&gt;&gt;</a>&nbsp;&nbsp;&nbsp;_fp_digits
</UL>

<P><STRONG><a name="[d6]"></a>__I$use$fp</STRONG> (Thumb, 0 bytes, Stack size 0 bytes, iusefp.o(.text), UNUSED)

<P><STRONG><a name="[2d]"></a>_float_round</STRONG> (Thumb, 16 bytes, Stack size 0 bytes, fepilogue.o(.text))
<BR><BR>[Called By]<UL><LI><a href="#[30]">&gt;&gt;</a>&nbsp;&nbsp;&nbsp;__aeabi_fdiv
<LI><a href="#[2b]">&gt;&gt;</a>&nbsp;&nbsp;&nbsp;__aeabi_fadd
</UL>

<P><STRONG><a name="[2c]"></a>_float_epilogue</STRONG> (Thumb, 114 bytes, Stack size 12 bytes, fepilogue.o(.text))
<BR><BR>[Stack]<UL><LI>Max Depth = 12<LI>Call Chain = _float_epilogue
</UL>
<BR>[Called By]<UL><LI><a href="#[32]">&gt;&gt;</a>&nbsp;&nbsp;&nbsp;__aeabi_ui2f
<LI><a href="#[2b]">&gt;&gt;</a>&nbsp;&nbsp;&nbsp;__aeabi_fadd
<LI><a href="#[31]">&gt;&gt;</a>&nbsp;&nbsp;&nbsp;__aeabi_i2f
</UL>

<P><STRONG><a name="[36]"></a>__aeabi_dadd</STRONG> (Thumb, 328 bytes, Stack size 48 bytes, dadd.o(.text), UNUSED)
<BR><BR>[Calls]<UL><LI><a href="#[37]">&gt;&gt;</a>&nbsp;&nbsp;&nbsp;__aeabi_lasr
<LI><a href="#[35]">&gt;&gt;</a>&nbsp;&nbsp;&nbsp;__aeabi_llsl
<LI><a href="#[39]">&gt;&gt;</a>&nbsp;&nbsp;&nbsp;_double_round
<LI><a href="#[38]">&gt;&gt;</a>&nbsp;&nbsp;&nbsp;_double_epilogue
</UL>
<BR>[Called By]<UL><LI><a href="#[3b]">&gt;&gt;</a>&nbsp;&nbsp;&nbsp;__aeabi_drsub
<LI><a href="#[3a]">&gt;&gt;</a>&nbsp;&nbsp;&nbsp;__aeabi_dsub
<LI><a href="#[c7]">&gt;&gt;</a>&nbsp;&nbsp;&nbsp;_fp_digits
</UL>

<P><STRONG><a name="[3a]"></a>__aeabi_dsub</STRONG> (Thumb, 12 bytes, Stack size 8 bytes, dadd.o(.text), UNUSED)
<BR><BR>[Calls]<UL><LI><a href="#[36]">&gt;&gt;</a>&nbsp;&nbsp;&nbsp;__aeabi_dadd
</UL>

<P><STRONG><a name="[3b]"></a>__aeabi_drsub</STRONG> (Thumb, 12 bytes, Stack size 8 bytes, dadd.o(.text), UNUSED)
<BR><BR>[Calls]<UL><LI><a href="#[36]">&gt;&gt;</a>&nbsp;&nbsp;&nbsp;__aeabi_dadd
</UL>

<P><STRONG><a name="[3c]"></a>__aeabi_dmul</STRONG> (Thumb, 202 bytes, Stack size 72 bytes, dmul.o(.text), UNUSED)
<BR><BR>[Calls]<UL><LI><a href="#[38]">&gt;&gt;</a>&nbsp;&nbsp;&nbsp;_double_epilogue
</UL>
<BR>[Called By]<UL><LI><a href="#[c7]">&gt;&gt;</a>&nbsp;&nbsp;&nbsp;_fp_digits
</UL>

<P><STRONG><a name="[3d]"></a>__aeabi_ddiv</STRONG> (Thumb, 234 bytes, Stack size 40 bytes, ddiv.o(.text), UNUSED)
<BR><BR>[Calls]<UL><LI><a href="#[39]">&gt;&gt;</a>&nbsp;&nbsp;&nbsp;_double_round
</UL>
<BR>[Called By]<UL><LI><a href="#[c7]">&gt;&gt;</a>&nbsp;&nbsp;&nbsp;_fp_digits
</UL>

<P><STRONG><a name="[3e]"></a>__aeabi_d2ulz</STRONG> (Thumb, 54 bytes, Stack size 8 bytes, dfixul.o(.text), UNUSED)
<BR><BR>[Calls]<UL><LI><a href="#[34]">&gt;&gt;</a>&nbsp;&nbsp;&nbsp;__aeabi_llsr
<LI><a href="#[35]">&gt;&gt;</a>&nbsp;&nbsp;&nbsp;__aeabi_llsl
</UL>
<BR>[Called By]<UL><LI><a href="#[c7]">&gt;&gt;</a>&nbsp;&nbsp;&nbsp;_fp_digits
</UL>

<P><STRONG><a name="[c8]"></a>__aeabi_cdrcmple</STRONG> (Thumb, 38 bytes, Stack size 0 bytes, cdrcmple.o(.text), UNUSED)
<BR><BR>[Called By]<UL><LI><a href="#[c7]">&gt;&gt;</a>&nbsp;&nbsp;&nbsp;_fp_digits
</UL>

<P><STRONG><a name="[27]"></a>__scatterload</STRONG> (Thumb, 28 bytes, Stack size 0 bytes, init.o(.text))
<BR><BR>[Calls]<UL><LI><a href="#[3f]">&gt;&gt;</a>&nbsp;&nbsp;&nbsp;__main_after_scatterload
</UL>
<BR>[Called By]<UL><LI><a href="#[26]">&gt;&gt;</a>&nbsp;&nbsp;&nbsp;_main_scatterload
</UL>

<P><STRONG><a name="[d7]"></a>__scatterload_rt2</STRONG> (Thumb, 0 bytes, Stack size 0 bytes, init.o(.text), UNUSED)

<P><STRONG><a name="[d8]"></a>__aeabi_uidiv$div0</STRONG> (Thumb, 0 bytes, Stack size 16 bytes, uidiv_div0.o(.text), UNUSED)

<P><STRONG><a name="[cb]"></a>__aeabi_uidivmod</STRONG> (Thumb, 62 bytes, Stack size 16 bytes, uidiv_div0.o(.text), UNUSED)
<BR><BR>[Called By]<UL><LI><a href="#[c6]">&gt;&gt;</a>&nbsp;&nbsp;&nbsp;_printf_core
</UL>

<P><STRONG><a name="[35]"></a>__aeabi_llsl</STRONG> (Thumb, 32 bytes, Stack size 8 bytes, llshl.o(.text), UNUSED)
<BR><BR>[Called By]<UL><LI><a href="#[38]">&gt;&gt;</a>&nbsp;&nbsp;&nbsp;_double_epilogue
<LI><a href="#[33]">&gt;&gt;</a>&nbsp;&nbsp;&nbsp;__aeabi_uldivmod
<LI><a href="#[36]">&gt;&gt;</a>&nbsp;&nbsp;&nbsp;__aeabi_dadd
<LI><a href="#[3e]">&gt;&gt;</a>&nbsp;&nbsp;&nbsp;__aeabi_d2ulz
</UL>

<P><STRONG><a name="[d9]"></a>_ll_shift_l</STRONG> (Thumb, 0 bytes, Stack size 8 bytes, llshl.o(.text), UNUSED)

<P><STRONG><a name="[34]"></a>__aeabi_llsr</STRONG> (Thumb, 34 bytes, Stack size 8 bytes, llushr.o(.text), UNUSED)
<BR><BR>[Called By]<UL><LI><a href="#[38]">&gt;&gt;</a>&nbsp;&nbsp;&nbsp;_double_epilogue
<LI><a href="#[33]">&gt;&gt;</a>&nbsp;&nbsp;&nbsp;__aeabi_uldivmod
<LI><a href="#[3e]">&gt;&gt;</a>&nbsp;&nbsp;&nbsp;__aeabi_d2ulz
</UL>

<P><STRONG><a name="[da]"></a>_ll_ushift_r</STRONG> (Thumb, 0 bytes, Stack size 8 bytes, llushr.o(.text), UNUSED)

<P><STRONG><a name="[37]"></a>__aeabi_lasr</STRONG> (Thumb, 38 bytes, Stack size 8 bytes, llsshr.o(.text), UNUSED)
<BR><BR>[Called By]<UL><LI><a href="#[36]">&gt;&gt;</a>&nbsp;&nbsp;&nbsp;__aeabi_dadd
</UL>

<P><STRONG><a name="[db]"></a>_ll_sshift_r</STRONG> (Thumb, 0 bytes, Stack size 8 bytes, llsshr.o(.text), UNUSED)

<P><STRONG><a name="[39]"></a>_double_round</STRONG> (Thumb, 26 bytes, Stack size 8 bytes, depilogue.o(.text), UNUSED)
<BR><BR>[Called By]<UL><LI><a href="#[38]">&gt;&gt;</a>&nbsp;&nbsp;&nbsp;_double_epilogue
<LI><a href="#[3d]">&gt;&gt;</a>&nbsp;&nbsp;&nbsp;__aeabi_ddiv
<LI><a href="#[36]">&gt;&gt;</a>&nbsp;&nbsp;&nbsp;__aeabi_dadd
</UL>

<P><STRONG><a name="[38]"></a>_double_epilogue</STRONG> (Thumb, 164 bytes, Stack size 48 bytes, depilogue.o(.text), UNUSED)
<BR><BR>[Calls]<UL><LI><a href="#[40]">&gt;&gt;</a>&nbsp;&nbsp;&nbsp;__ARM_clz
<LI><a href="#[34]">&gt;&gt;</a>&nbsp;&nbsp;&nbsp;__aeabi_llsr
<LI><a href="#[35]">&gt;&gt;</a>&nbsp;&nbsp;&nbsp;__aeabi_llsl
<LI><a href="#[39]">&gt;&gt;</a>&nbsp;&nbsp;&nbsp;_double_round
</UL>
<BR>[Called By]<UL><LI><a href="#[3c]">&gt;&gt;</a>&nbsp;&nbsp;&nbsp;__aeabi_dmul
<LI><a href="#[36]">&gt;&gt;</a>&nbsp;&nbsp;&nbsp;__aeabi_dadd
</UL>

<P><STRONG><a name="[e]"></a>DMA_Channel0_IRQHandler</STRONG> (Thumb, 48 bytes, Stack size 16 bytes, mid_adc.o(.text.DMA_Channel0_IRQHandler))
<BR><BR>[Stack]<UL><LI>Max Depth = 40<LI>Call Chain = DMA_Channel0_IRQHandler &rArr; dma_interrupt_flag_get
</UL>
<BR>[Calls]<UL><LI><a href="#[43]">&gt;&gt;</a>&nbsp;&nbsp;&nbsp;dma_interrupt_flag_clear
<LI><a href="#[41]">&gt;&gt;</a>&nbsp;&nbsp;&nbsp;dma_interrupt_flag_get
<LI><a href="#[42]">&gt;&gt;</a>&nbsp;&nbsp;&nbsp;dma_channel_disable
</UL>
<BR>[Address Reference Count : 1]<UL><LI> startup_gd32e23x.o(RESET)
</UL>
<P><STRONG><a name="[d]"></a>EXTI4_15_IRQHandler</STRONG> (Thumb, 24 bytes, Stack size 8 bytes, main.o(.text.EXTI4_15_IRQHandler))
<BR><BR>[Stack]<UL><LI>Max Depth = 36<LI>Call Chain = EXTI4_15_IRQHandler &rArr; ec11_exti_callback &rArr; gpio_input_bit_get
</UL>
<BR>[Calls]<UL><LI><a href="#[45]">&gt;&gt;</a>&nbsp;&nbsp;&nbsp;ec11_exti_callback
<LI><a href="#[44]">&gt;&gt;</a>&nbsp;&nbsp;&nbsp;exti_interrupt_flag_get
</UL>
<BR>[Address Reference Count : 1]<UL><LI> startup_gd32e23x.o(RESET)
</UL>
<P><STRONG><a name="[46]"></a>Get_ADC_Average</STRONG> (Thumb, 160 bytes, Stack size 32 bytes, mid_adc.o(.text.Get_ADC_Average))
<BR><BR>[Stack]<UL><LI>Max Depth = 56<LI>Call Chain = Get_ADC_Average &rArr; Get_ADC_Val &rArr; adc_flag_get
</UL>
<BR>[Calls]<UL><LI><a href="#[47]">&gt;&gt;</a>&nbsp;&nbsp;&nbsp;Get_ADC_Val
</UL>
<BR>[Called By]<UL><LI><a href="#[22]">&gt;&gt;</a>&nbsp;&nbsp;&nbsp;main
</UL>

<P><STRONG><a name="[2]"></a>HardFault_Handler</STRONG> (Thumb, 4 bytes, Stack size 0 bytes, gd32e23x_it.o(.text.HardFault_Handler))
<BR>[Address Reference Count : 1]<UL><LI> startup_gd32e23x.o(RESET)
</UL>
<P><STRONG><a name="[1]"></a>NMI_Handler</STRONG> (Thumb, 2 bytes, Stack size 0 bytes, gd32e23x_it.o(.text.NMI_Handler))
<BR>[Address Reference Count : 1]<UL><LI> startup_gd32e23x.o(RESET)
</UL>
<P><STRONG><a name="[4]"></a>PendSV_Handler</STRONG> (Thumb, 2 bytes, Stack size 0 bytes, gd32e23x_it.o(.text.PendSV_Handler))
<BR>[Address Reference Count : 1]<UL><LI> startup_gd32e23x.o(RESET)
</UL>
<P><STRONG><a name="[4b]"></a>Register_oscShowData</STRONG> (Thumb, 16 bytes, Stack size 8 bytes, osc_task.o(.text.Register_oscShowData))
<BR><BR>[Stack]<UL><LI>Max Depth = 104<LI>Call Chain = Register_oscShowData &rArr; mx_adc_dma_init &rArr; nvic_irq_enable &rArr; __NVIC_SetPriority
</UL>
<BR>[Calls]<UL><LI><a href="#[4c]">&gt;&gt;</a>&nbsp;&nbsp;&nbsp;mx_adc_dma_init
</UL>
<BR>[Called By]<UL><LI><a href="#[90]">&gt;&gt;</a>&nbsp;&nbsp;&nbsp;osc_waveShow
<LI><a href="#[22]">&gt;&gt;</a>&nbsp;&nbsp;&nbsp;main
</UL>

<P><STRONG><a name="[3]"></a>SVC_Handler</STRONG> (Thumb, 2 bytes, Stack size 0 bytes, gd32e23x_it.o(.text.SVC_Handler))
<BR>[Address Reference Count : 1]<UL><LI> startup_gd32e23x.o(RESET)
</UL>
<P><STRONG><a name="[4d]"></a>Set_ADC_Channel</STRONG> (Thumb, 24 bytes, Stack size 16 bytes, mid_adc.o(.text.Set_ADC_Channel))
<BR><BR>[Stack]<UL><LI>Max Depth = 44<LI>Call Chain = Set_ADC_Channel &rArr; adc_regular_channel_config
</UL>
<BR>[Calls]<UL><LI><a href="#[4e]">&gt;&gt;</a>&nbsp;&nbsp;&nbsp;adc_regular_channel_config
</UL>
<BR>[Called By]<UL><LI><a href="#[22]">&gt;&gt;</a>&nbsp;&nbsp;&nbsp;main
</UL>

<P><STRONG><a name="[5]"></a>SysTick_Handler</STRONG> (Thumb, 2 bytes, Stack size 0 bytes, gd32e23x_it.o(.text.SysTick_Handler))
<BR>[Address Reference Count : 1]<UL><LI> startup_gd32e23x.o(RESET)
</UL>
<P><STRONG><a name="[23]"></a>SystemInit</STRONG> (Thumb, 216 bytes, Stack size 24 bytes, system_gd32e23x.o(.text.SystemInit))
<BR><BR>[Stack]<UL><LI>Max Depth = 48<LI>Call Chain = SystemInit &rArr; system_clock_config &rArr; system_clock_72m_hxtal
</UL>
<BR>[Calls]<UL><LI><a href="#[50]">&gt;&gt;</a>&nbsp;&nbsp;&nbsp;nvic_vector_table_set
<LI><a href="#[4f]">&gt;&gt;</a>&nbsp;&nbsp;&nbsp;system_clock_config
</UL>
<BR>[Address Reference Count : 1]<UL><LI> startup_gd32e23x.o(.text)
</UL>
<P><STRONG><a name="[51]"></a>TFT_Address_Set</STRONG> (Thumb, 82 bytes, Stack size 40 bytes, hw_lcdinit.o(.text.TFT_Address_Set))
<BR><BR>[Stack]<UL><LI>Max Depth = 88<LI>Call Chain = TFT_Address_Set &rArr; TFT_WR_REG &rArr; spi_i2s_data_transmit
</UL>
<BR>[Calls]<UL><LI><a href="#[52]">&gt;&gt;</a>&nbsp;&nbsp;&nbsp;TFT_WR_REG
<LI><a href="#[53]">&gt;&gt;</a>&nbsp;&nbsp;&nbsp;TFT_WR_DATA
</UL>
<BR>[Called By]<UL><LI><a href="#[56]">&gt;&gt;</a>&nbsp;&nbsp;&nbsp;TFT_Fill
<LI><a href="#[5f]">&gt;&gt;</a>&nbsp;&nbsp;&nbsp;TFT_ShowChinese24x24
<LI><a href="#[5e]">&gt;&gt;</a>&nbsp;&nbsp;&nbsp;TFT_ShowChinese16x16
<LI><a href="#[5d]">&gt;&gt;</a>&nbsp;&nbsp;&nbsp;TFT_ShowChinese12x12
<LI><a href="#[5b]">&gt;&gt;</a>&nbsp;&nbsp;&nbsp;TFT_ShowChar
<LI><a href="#[55]">&gt;&gt;</a>&nbsp;&nbsp;&nbsp;TFT_DrawPoint
</UL>

<P><STRONG><a name="[54]"></a>TFT_DrawLine</STRONG> (Thumb, 312 bytes, Stack size 80 bytes, mid_lcd.o(.text.TFT_DrawLine))
<BR><BR>[Stack]<UL><LI>Max Depth = 192<LI>Call Chain = TFT_DrawLine &rArr; TFT_DrawPoint &rArr; TFT_Address_Set &rArr; TFT_WR_REG &rArr; spi_i2s_data_transmit
</UL>
<BR>[Calls]<UL><LI><a href="#[55]">&gt;&gt;</a>&nbsp;&nbsp;&nbsp;TFT_DrawPoint
</UL>
<BR>[Called By]<UL><LI><a href="#[90]">&gt;&gt;</a>&nbsp;&nbsp;&nbsp;osc_waveShow
</UL>

<P><STRONG><a name="[55]"></a>TFT_DrawPoint</STRONG> (Thumb, 44 bytes, Stack size 24 bytes, mid_lcd.o(.text.TFT_DrawPoint))
<BR><BR>[Stack]<UL><LI>Max Depth = 112<LI>Call Chain = TFT_DrawPoint &rArr; TFT_Address_Set &rArr; TFT_WR_REG &rArr; spi_i2s_data_transmit
</UL>
<BR>[Calls]<UL><LI><a href="#[51]">&gt;&gt;</a>&nbsp;&nbsp;&nbsp;TFT_Address_Set
<LI><a href="#[53]">&gt;&gt;</a>&nbsp;&nbsp;&nbsp;TFT_WR_DATA
</UL>
<BR>[Called By]<UL><LI><a href="#[6b]">&gt;&gt;</a>&nbsp;&nbsp;&nbsp;TFT_StaticUI
<LI><a href="#[5f]">&gt;&gt;</a>&nbsp;&nbsp;&nbsp;TFT_ShowChinese24x24
<LI><a href="#[5e]">&gt;&gt;</a>&nbsp;&nbsp;&nbsp;TFT_ShowChinese16x16
<LI><a href="#[5d]">&gt;&gt;</a>&nbsp;&nbsp;&nbsp;TFT_ShowChinese12x12
<LI><a href="#[5b]">&gt;&gt;</a>&nbsp;&nbsp;&nbsp;TFT_ShowChar
<LI><a href="#[54]">&gt;&gt;</a>&nbsp;&nbsp;&nbsp;TFT_DrawLine
</UL>

<P><STRONG><a name="[56]"></a>TFT_Fill</STRONG> (Thumb, 144 bytes, Stack size 48 bytes, mid_lcd.o(.text.TFT_Fill))
<BR><BR>[Stack]<UL><LI>Max Depth = 136<LI>Call Chain = TFT_Fill &rArr; TFT_Address_Set &rArr; TFT_WR_REG &rArr; spi_i2s_data_transmit
</UL>
<BR>[Calls]<UL><LI><a href="#[51]">&gt;&gt;</a>&nbsp;&nbsp;&nbsp;TFT_Address_Set
<LI><a href="#[53]">&gt;&gt;</a>&nbsp;&nbsp;&nbsp;TFT_WR_DATA
</UL>
<BR>[Called By]<UL><LI><a href="#[22]">&gt;&gt;</a>&nbsp;&nbsp;&nbsp;main
</UL>

<P><STRONG><a name="[57]"></a>TFT_Init</STRONG> (Thumb, 552 bytes, Stack size 96 bytes, hw_lcdinit.o(.text.TFT_Init))
<BR><BR>[Stack]<UL><LI>Max Depth = 144<LI>Call Chain = TFT_Init &rArr; TFT_WR_REG &rArr; spi_i2s_data_transmit
</UL>
<BR>[Calls]<UL><LI><a href="#[58]">&gt;&gt;</a>&nbsp;&nbsp;&nbsp;gpio_bit_write
<LI><a href="#[59]">&gt;&gt;</a>&nbsp;&nbsp;&nbsp;delay_1ms
<LI><a href="#[52]">&gt;&gt;</a>&nbsp;&nbsp;&nbsp;TFT_WR_REG
<LI><a href="#[5a]">&gt;&gt;</a>&nbsp;&nbsp;&nbsp;TFT_WR_DATA8
</UL>
<BR>[Called By]<UL><LI><a href="#[22]">&gt;&gt;</a>&nbsp;&nbsp;&nbsp;main
</UL>

<P><STRONG><a name="[5b]"></a>TFT_ShowChar</STRONG> (Thumb, 440 bytes, Stack size 112 bytes, mid_lcd.o(.text.TFT_ShowChar))
<BR><BR>[Stack]<UL><LI>Max Depth = 224<LI>Call Chain = TFT_ShowChar &rArr; TFT_DrawPoint &rArr; TFT_Address_Set &rArr; TFT_WR_REG &rArr; spi_i2s_data_transmit
</UL>
<BR>[Calls]<UL><LI><a href="#[51]">&gt;&gt;</a>&nbsp;&nbsp;&nbsp;TFT_Address_Set
<LI><a href="#[53]">&gt;&gt;</a>&nbsp;&nbsp;&nbsp;TFT_WR_DATA
<LI><a href="#[55]">&gt;&gt;</a>&nbsp;&nbsp;&nbsp;TFT_DrawPoint
</UL>
<BR>[Called By]<UL><LI><a href="#[60]">&gt;&gt;</a>&nbsp;&nbsp;&nbsp;TFT_ShowString
</UL>

<P><STRONG><a name="[5c]"></a>TFT_ShowChinese</STRONG> (Thumb, 226 bytes, Stack size 64 bytes, mid_lcd.o(.text.TFT_ShowChinese))
<BR><BR>[Stack]<UL><LI>Max Depth = 280<LI>Call Chain = TFT_ShowChinese &rArr; TFT_ShowChinese24x24 &rArr; TFT_DrawPoint &rArr; TFT_Address_Set &rArr; TFT_WR_REG &rArr; spi_i2s_data_transmit
</UL>
<BR>[Calls]<UL><LI><a href="#[5f]">&gt;&gt;</a>&nbsp;&nbsp;&nbsp;TFT_ShowChinese24x24
<LI><a href="#[5e]">&gt;&gt;</a>&nbsp;&nbsp;&nbsp;TFT_ShowChinese16x16
<LI><a href="#[5d]">&gt;&gt;</a>&nbsp;&nbsp;&nbsp;TFT_ShowChinese12x12
</UL>
<BR>[Called By]<UL><LI><a href="#[61]">&gt;&gt;</a>&nbsp;&nbsp;&nbsp;TFT_ShowUI
<LI><a href="#[6b]">&gt;&gt;</a>&nbsp;&nbsp;&nbsp;TFT_StaticUI
</UL>

<P><STRONG><a name="[5d]"></a>TFT_ShowChinese12x12</STRONG> (Thumb, 488 bytes, Stack size 104 bytes, mid_lcd.o(.text.TFT_ShowChinese12x12))
<BR><BR>[Stack]<UL><LI>Max Depth = 216<LI>Call Chain = TFT_ShowChinese12x12 &rArr; TFT_DrawPoint &rArr; TFT_Address_Set &rArr; TFT_WR_REG &rArr; spi_i2s_data_transmit
</UL>
<BR>[Calls]<UL><LI><a href="#[51]">&gt;&gt;</a>&nbsp;&nbsp;&nbsp;TFT_Address_Set
<LI><a href="#[53]">&gt;&gt;</a>&nbsp;&nbsp;&nbsp;TFT_WR_DATA
<LI><a href="#[55]">&gt;&gt;</a>&nbsp;&nbsp;&nbsp;TFT_DrawPoint
</UL>
<BR>[Called By]<UL><LI><a href="#[5c]">&gt;&gt;</a>&nbsp;&nbsp;&nbsp;TFT_ShowChinese
</UL>

<P><STRONG><a name="[5e]"></a>TFT_ShowChinese16x16</STRONG> (Thumb, 488 bytes, Stack size 104 bytes, mid_lcd.o(.text.TFT_ShowChinese16x16))
<BR><BR>[Stack]<UL><LI>Max Depth = 216<LI>Call Chain = TFT_ShowChinese16x16 &rArr; TFT_DrawPoint &rArr; TFT_Address_Set &rArr; TFT_WR_REG &rArr; spi_i2s_data_transmit
</UL>
<BR>[Calls]<UL><LI><a href="#[51]">&gt;&gt;</a>&nbsp;&nbsp;&nbsp;TFT_Address_Set
<LI><a href="#[53]">&gt;&gt;</a>&nbsp;&nbsp;&nbsp;TFT_WR_DATA
<LI><a href="#[55]">&gt;&gt;</a>&nbsp;&nbsp;&nbsp;TFT_DrawPoint
</UL>
<BR>[Called By]<UL><LI><a href="#[5c]">&gt;&gt;</a>&nbsp;&nbsp;&nbsp;TFT_ShowChinese
</UL>

<P><STRONG><a name="[5f]"></a>TFT_ShowChinese24x24</STRONG> (Thumb, 488 bytes, Stack size 104 bytes, mid_lcd.o(.text.TFT_ShowChinese24x24))
<BR><BR>[Stack]<UL><LI>Max Depth = 216<LI>Call Chain = TFT_ShowChinese24x24 &rArr; TFT_DrawPoint &rArr; TFT_Address_Set &rArr; TFT_WR_REG &rArr; spi_i2s_data_transmit
</UL>
<BR>[Calls]<UL><LI><a href="#[51]">&gt;&gt;</a>&nbsp;&nbsp;&nbsp;TFT_Address_Set
<LI><a href="#[53]">&gt;&gt;</a>&nbsp;&nbsp;&nbsp;TFT_WR_DATA
<LI><a href="#[55]">&gt;&gt;</a>&nbsp;&nbsp;&nbsp;TFT_DrawPoint
</UL>
<BR>[Called By]<UL><LI><a href="#[5c]">&gt;&gt;</a>&nbsp;&nbsp;&nbsp;TFT_ShowChinese
</UL>

<P><STRONG><a name="[60]"></a>TFT_ShowString</STRONG> (Thumb, 120 bytes, Stack size 72 bytes, mid_lcd.o(.text.TFT_ShowString))
<BR><BR>[Stack]<UL><LI>Max Depth = 296<LI>Call Chain = TFT_ShowString &rArr; TFT_ShowChar &rArr; TFT_DrawPoint &rArr; TFT_Address_Set &rArr; TFT_WR_REG &rArr; spi_i2s_data_transmit
</UL>
<BR>[Calls]<UL><LI><a href="#[5b]">&gt;&gt;</a>&nbsp;&nbsp;&nbsp;TFT_ShowChar
</UL>
<BR>[Called By]<UL><LI><a href="#[61]">&gt;&gt;</a>&nbsp;&nbsp;&nbsp;TFT_ShowUI
<LI><a href="#[6b]">&gt;&gt;</a>&nbsp;&nbsp;&nbsp;TFT_StaticUI
</UL>

<P><STRONG><a name="[61]"></a>TFT_ShowUI</STRONG> (Thumb, 560 bytes, Stack size 112 bytes, osc_task.o(.text.TFT_ShowUI))
<BR><BR>[Stack]<UL><LI>Max Depth = 408<LI>Call Chain = TFT_ShowUI &rArr; TFT_ShowString &rArr; TFT_ShowChar &rArr; TFT_DrawPoint &rArr; TFT_Address_Set &rArr; TFT_WR_REG &rArr; spi_i2s_data_transmit
</UL>
<BR>[Calls]<UL><LI><a href="#[69]">&gt;&gt;</a>&nbsp;&nbsp;&nbsp;__aeabi_fmul
<LI><a href="#[30]">&gt;&gt;</a>&nbsp;&nbsp;&nbsp;__aeabi_fdiv
<LI><a href="#[32]">&gt;&gt;</a>&nbsp;&nbsp;&nbsp;__aeabi_ui2f
<LI><a href="#[64]">&gt;&gt;</a>&nbsp;&nbsp;&nbsp;get_freq_value
<LI><a href="#[63]">&gt;&gt;</a>&nbsp;&nbsp;&nbsp;sprintf
<LI><a href="#[62]">&gt;&gt;</a>&nbsp;&nbsp;&nbsp;__aeabi_f2d
<LI><a href="#[2e]">&gt;&gt;</a>&nbsp;&nbsp;&nbsp;__aeabi_fsub
<LI><a href="#[2b]">&gt;&gt;</a>&nbsp;&nbsp;&nbsp;__aeabi_fadd
<LI><a href="#[6a]">&gt;&gt;</a>&nbsp;&nbsp;&nbsp;__aeabi_f2iz
<LI><a href="#[31]">&gt;&gt;</a>&nbsp;&nbsp;&nbsp;__aeabi_i2f
<LI><a href="#[5c]">&gt;&gt;</a>&nbsp;&nbsp;&nbsp;TFT_ShowChinese
<LI><a href="#[60]">&gt;&gt;</a>&nbsp;&nbsp;&nbsp;TFT_ShowString
<LI><a href="#[66]">&gt;&gt;</a>&nbsp;&nbsp;&nbsp;get_pwm_out_freq
<LI><a href="#[65]">&gt;&gt;</a>&nbsp;&nbsp;&nbsp;get_pwm_state
<LI><a href="#[68]">&gt;&gt;</a>&nbsp;&nbsp;&nbsp;get_pwm_period
<LI><a href="#[67]">&gt;&gt;</a>&nbsp;&nbsp;&nbsp;get_pwm_duty
</UL>
<BR>[Called By]<UL><LI><a href="#[22]">&gt;&gt;</a>&nbsp;&nbsp;&nbsp;main
</UL>

<P><STRONG><a name="[6b]"></a>TFT_StaticUI</STRONG> (Thumb, 692 bytes, Stack size 136 bytes, osc_task.o(.text.TFT_StaticUI))
<BR><BR>[Stack]<UL><LI>Max Depth = 432<LI>Call Chain = TFT_StaticUI &rArr; TFT_ShowString &rArr; TFT_ShowChar &rArr; TFT_DrawPoint &rArr; TFT_Address_Set &rArr; TFT_WR_REG &rArr; spi_i2s_data_transmit
</UL>
<BR>[Calls]<UL><LI><a href="#[63]">&gt;&gt;</a>&nbsp;&nbsp;&nbsp;sprintf
<LI><a href="#[5c]">&gt;&gt;</a>&nbsp;&nbsp;&nbsp;TFT_ShowChinese
<LI><a href="#[60]">&gt;&gt;</a>&nbsp;&nbsp;&nbsp;TFT_ShowString
<LI><a href="#[55]">&gt;&gt;</a>&nbsp;&nbsp;&nbsp;TFT_DrawPoint
</UL>
<BR>[Called By]<UL><LI><a href="#[22]">&gt;&gt;</a>&nbsp;&nbsp;&nbsp;main
</UL>

<P><STRONG><a name="[53]"></a>TFT_WR_DATA</STRONG> (Thumb, 100 bytes, Stack size 16 bytes, hw_lcdinit.o(.text.TFT_WR_DATA))
<BR><BR>[Stack]<UL><LI>Max Depth = 32<LI>Call Chain = TFT_WR_DATA &rArr; spi_i2s_data_transmit
</UL>
<BR>[Calls]<UL><LI><a href="#[58]">&gt;&gt;</a>&nbsp;&nbsp;&nbsp;gpio_bit_write
<LI><a href="#[6c]">&gt;&gt;</a>&nbsp;&nbsp;&nbsp;spi_i2s_flag_get
<LI><a href="#[6d]">&gt;&gt;</a>&nbsp;&nbsp;&nbsp;spi_i2s_data_transmit
</UL>
<BR>[Called By]<UL><LI><a href="#[56]">&gt;&gt;</a>&nbsp;&nbsp;&nbsp;TFT_Fill
<LI><a href="#[51]">&gt;&gt;</a>&nbsp;&nbsp;&nbsp;TFT_Address_Set
<LI><a href="#[5f]">&gt;&gt;</a>&nbsp;&nbsp;&nbsp;TFT_ShowChinese24x24
<LI><a href="#[5e]">&gt;&gt;</a>&nbsp;&nbsp;&nbsp;TFT_ShowChinese16x16
<LI><a href="#[5d]">&gt;&gt;</a>&nbsp;&nbsp;&nbsp;TFT_ShowChinese12x12
<LI><a href="#[5b]">&gt;&gt;</a>&nbsp;&nbsp;&nbsp;TFT_ShowChar
<LI><a href="#[55]">&gt;&gt;</a>&nbsp;&nbsp;&nbsp;TFT_DrawPoint
</UL>

<P><STRONG><a name="[5a]"></a>TFT_WR_DATA8</STRONG> (Thumb, 60 bytes, Stack size 16 bytes, hw_lcdinit.o(.text.TFT_WR_DATA8))
<BR><BR>[Stack]<UL><LI>Max Depth = 32<LI>Call Chain = TFT_WR_DATA8 &rArr; spi_i2s_data_transmit
</UL>
<BR>[Calls]<UL><LI><a href="#[58]">&gt;&gt;</a>&nbsp;&nbsp;&nbsp;gpio_bit_write
<LI><a href="#[6c]">&gt;&gt;</a>&nbsp;&nbsp;&nbsp;spi_i2s_flag_get
<LI><a href="#[6d]">&gt;&gt;</a>&nbsp;&nbsp;&nbsp;spi_i2s_data_transmit
</UL>
<BR>[Called By]<UL><LI><a href="#[57]">&gt;&gt;</a>&nbsp;&nbsp;&nbsp;TFT_Init
</UL>

<P><STRONG><a name="[52]"></a>TFT_WR_REG</STRONG> (Thumb, 88 bytes, Stack size 32 bytes, hw_lcdinit.o(.text.TFT_WR_REG))
<BR><BR>[Stack]<UL><LI>Max Depth = 48<LI>Call Chain = TFT_WR_REG &rArr; spi_i2s_data_transmit
</UL>
<BR>[Calls]<UL><LI><a href="#[58]">&gt;&gt;</a>&nbsp;&nbsp;&nbsp;gpio_bit_write
<LI><a href="#[6c]">&gt;&gt;</a>&nbsp;&nbsp;&nbsp;spi_i2s_flag_get
<LI><a href="#[6d]">&gt;&gt;</a>&nbsp;&nbsp;&nbsp;spi_i2s_data_transmit
</UL>
<BR>[Called By]<UL><LI><a href="#[57]">&gt;&gt;</a>&nbsp;&nbsp;&nbsp;TFT_Init
<LI><a href="#[51]">&gt;&gt;</a>&nbsp;&nbsp;&nbsp;TFT_Address_Set
</UL>

<P><STRONG><a name="[18]"></a>TIMER15_IRQHandler</STRONG> (Thumb, 88 bytes, Stack size 8 bytes, mid_timer.o(.text.TIMER15_IRQHandler))
<BR><BR>[Stack]<UL><LI>Max Depth = 16<LI>Call Chain = TIMER15_IRQHandler &rArr; timer_interrupt_flag_clear
</UL>
<BR>[Calls]<UL><LI><a href="#[6e]">&gt;&gt;</a>&nbsp;&nbsp;&nbsp;timer_interrupt_flag_clear
</UL>
<BR>[Address Reference Count : 1]<UL><LI> startup_gd32e23x.o(RESET)
</UL>
<P><STRONG><a name="[14]"></a>TIMER2_IRQHandler</STRONG> (Thumb, 164 bytes, Stack size 8 bytes, mid_timer.o(.text.TIMER2_IRQHandler))
<BR><BR>[Stack]<UL><LI>Max Depth = 24<LI>Call Chain = TIMER2_IRQHandler &rArr; timer_channel_capture_value_register_read
</UL>
<BR>[Calls]<UL><LI><a href="#[70]">&gt;&gt;</a>&nbsp;&nbsp;&nbsp;timer_channel_capture_value_register_read
<LI><a href="#[6e]">&gt;&gt;</a>&nbsp;&nbsp;&nbsp;timer_interrupt_flag_clear
<LI><a href="#[6f]">&gt;&gt;</a>&nbsp;&nbsp;&nbsp;timer_interrupt_flag_get
</UL>
<BR>[Address Reference Count : 1]<UL><LI> startup_gd32e23x.o(RESET)
</UL>
<P><STRONG><a name="[a3]"></a>adc_calibration_enable</STRONG> (Thumb, 56 bytes, Stack size 0 bytes, gd32e23x_adc.o(.text.adc_calibration_enable))
<BR><BR>[Called By]<UL><LI><a href="#[83]">&gt;&gt;</a>&nbsp;&nbsp;&nbsp;mx_adc_init
</UL>

<P><STRONG><a name="[9e]"></a>adc_channel_length_config</STRONG> (Thumb, 96 bytes, Stack size 12 bytes, gd32e23x_adc.o(.text.adc_channel_length_config))
<BR><BR>[Stack]<UL><LI>Max Depth = 12<LI>Call Chain = adc_channel_length_config
</UL>
<BR>[Called By]<UL><LI><a href="#[83]">&gt;&gt;</a>&nbsp;&nbsp;&nbsp;mx_adc_init
</UL>

<P><STRONG><a name="[9d]"></a>adc_data_alignment_config</STRONG> (Thumb, 44 bytes, Stack size 4 bytes, gd32e23x_adc.o(.text.adc_data_alignment_config))
<BR><BR>[Stack]<UL><LI>Max Depth = 4<LI>Call Chain = adc_data_alignment_config
</UL>
<BR>[Called By]<UL><LI><a href="#[83]">&gt;&gt;</a>&nbsp;&nbsp;&nbsp;mx_adc_init
</UL>

<P><STRONG><a name="[a4]"></a>adc_dma_mode_enable</STRONG> (Thumb, 16 bytes, Stack size 0 bytes, gd32e23x_adc.o(.text.adc_dma_mode_enable))
<BR><BR>[Called By]<UL><LI><a href="#[83]">&gt;&gt;</a>&nbsp;&nbsp;&nbsp;mx_adc_init
</UL>

<P><STRONG><a name="[a2]"></a>adc_enable</STRONG> (Thumb, 24 bytes, Stack size 0 bytes, gd32e23x_adc.o(.text.adc_enable))
<BR><BR>[Called By]<UL><LI><a href="#[83]">&gt;&gt;</a>&nbsp;&nbsp;&nbsp;mx_adc_init
</UL>

<P><STRONG><a name="[a1]"></a>adc_external_trigger_config</STRONG> (Thumb, 124 bytes, Stack size 8 bytes, gd32e23x_adc.o(.text.adc_external_trigger_config))
<BR><BR>[Stack]<UL><LI>Max Depth = 8<LI>Call Chain = adc_external_trigger_config
</UL>
<BR>[Called By]<UL><LI><a href="#[83]">&gt;&gt;</a>&nbsp;&nbsp;&nbsp;mx_adc_init
</UL>

<P><STRONG><a name="[a0]"></a>adc_external_trigger_source_config</STRONG> (Thumb, 80 bytes, Stack size 12 bytes, gd32e23x_adc.o(.text.adc_external_trigger_source_config))
<BR><BR>[Stack]<UL><LI>Max Depth = 12<LI>Call Chain = adc_external_trigger_source_config
</UL>
<BR>[Called By]<UL><LI><a href="#[83]">&gt;&gt;</a>&nbsp;&nbsp;&nbsp;mx_adc_init
</UL>

<P><STRONG><a name="[49]"></a>adc_flag_get</STRONG> (Thumb, 40 bytes, Stack size 8 bytes, gd32e23x_adc.o(.text.adc_flag_get))
<BR><BR>[Stack]<UL><LI>Max Depth = 8<LI>Call Chain = adc_flag_get
</UL>
<BR>[Called By]<UL><LI><a href="#[47]">&gt;&gt;</a>&nbsp;&nbsp;&nbsp;Get_ADC_Val
</UL>

<P><STRONG><a name="[4e]"></a>adc_regular_channel_config</STRONG> (Thumb, 328 bytes, Stack size 28 bytes, gd32e23x_adc.o(.text.adc_regular_channel_config))
<BR><BR>[Stack]<UL><LI>Max Depth = 28<LI>Call Chain = adc_regular_channel_config
</UL>
<BR>[Called By]<UL><LI><a href="#[4d]">&gt;&gt;</a>&nbsp;&nbsp;&nbsp;Set_ADC_Channel
<LI><a href="#[83]">&gt;&gt;</a>&nbsp;&nbsp;&nbsp;mx_adc_init
</UL>

<P><STRONG><a name="[4a]"></a>adc_regular_data_read</STRONG> (Thumb, 8 bytes, Stack size 0 bytes, gd32e23x_adc.o(.text.adc_regular_data_read))
<BR><BR>[Called By]<UL><LI><a href="#[47]">&gt;&gt;</a>&nbsp;&nbsp;&nbsp;Get_ADC_Val
</UL>

<P><STRONG><a name="[48]"></a>adc_software_trigger_enable</STRONG> (Thumb, 60 bytes, Stack size 4 bytes, gd32e23x_adc.o(.text.adc_software_trigger_enable))
<BR><BR>[Stack]<UL><LI>Max Depth = 4<LI>Call Chain = adc_software_trigger_enable
</UL>
<BR>[Called By]<UL><LI><a href="#[83]">&gt;&gt;</a>&nbsp;&nbsp;&nbsp;mx_adc_init
<LI><a href="#[47]">&gt;&gt;</a>&nbsp;&nbsp;&nbsp;Get_ADC_Val
</UL>

<P><STRONG><a name="[9c]"></a>adc_special_function_config</STRONG> (Thumb, 172 bytes, Stack size 8 bytes, gd32e23x_adc.o(.text.adc_special_function_config))
<BR><BR>[Stack]<UL><LI>Max Depth = 8<LI>Call Chain = adc_special_function_config
</UL>
<BR>[Called By]<UL><LI><a href="#[83]">&gt;&gt;</a>&nbsp;&nbsp;&nbsp;mx_adc_init
</UL>

<P><STRONG><a name="[9f]"></a>adc_tempsensor_vrefint_enable</STRONG> (Thumb, 16 bytes, Stack size 0 bytes, gd32e23x_adc.o(.text.adc_tempsensor_vrefint_enable))
<BR><BR>[Called By]<UL><LI><a href="#[83]">&gt;&gt;</a>&nbsp;&nbsp;&nbsp;mx_adc_init
</UL>

<P><STRONG><a name="[71]"></a>clear_adc_value</STRONG> (Thumb, 20 bytes, Stack size 8 bytes, osc_task.o(.text.clear_adc_value))
<BR><BR>[Stack]<UL><LI>Max Depth = 12<LI>Call Chain = clear_adc_value &rArr; set_adc_convert_value
</UL>
<BR>[Calls]<UL><LI><a href="#[28]">&gt;&gt;</a>&nbsp;&nbsp;&nbsp;__aeabi_memclr
<LI><a href="#[72]">&gt;&gt;</a>&nbsp;&nbsp;&nbsp;set_adc_convert_value
</UL>
<BR>[Called By]<UL><LI><a href="#[90]">&gt;&gt;</a>&nbsp;&nbsp;&nbsp;osc_waveShow
<LI><a href="#[22]">&gt;&gt;</a>&nbsp;&nbsp;&nbsp;main
</UL>

<P><STRONG><a name="[59]"></a>delay_1ms</STRONG> (Thumb, 112 bytes, Stack size 24 bytes, systick.o(.text.delay_1ms))
<BR><BR>[Stack]<UL><LI>Max Depth = 44<LI>Call Chain = delay_1ms &rArr; __aeabi_ui2f &rArr; _float_epilogue
</UL>
<BR>[Calls]<UL><LI><a href="#[73]">&gt;&gt;</a>&nbsp;&nbsp;&nbsp;__aeabi_f2uiz
<LI><a href="#[69]">&gt;&gt;</a>&nbsp;&nbsp;&nbsp;__aeabi_fmul
<LI><a href="#[32]">&gt;&gt;</a>&nbsp;&nbsp;&nbsp;__aeabi_ui2f
</UL>
<BR>[Called By]<UL><LI><a href="#[57]">&gt;&gt;</a>&nbsp;&nbsp;&nbsp;TFT_Init
<LI><a href="#[83]">&gt;&gt;</a>&nbsp;&nbsp;&nbsp;mx_adc_init
<LI><a href="#[22]">&gt;&gt;</a>&nbsp;&nbsp;&nbsp;main
</UL>

<P><STRONG><a name="[42]"></a>dma_channel_disable</STRONG> (Thumb, 28 bytes, Stack size 4 bytes, gd32e23x_dma.o(.text.dma_channel_disable))
<BR><BR>[Stack]<UL><LI>Max Depth = 4<LI>Call Chain = dma_channel_disable
</UL>
<BR>[Called By]<UL><LI><a href="#[74]">&gt;&gt;</a>&nbsp;&nbsp;&nbsp;dma_init
<LI><a href="#[e]">&gt;&gt;</a>&nbsp;&nbsp;&nbsp;DMA_Channel0_IRQHandler
</UL>

<P><STRONG><a name="[98]"></a>dma_channel_enable</STRONG> (Thumb, 28 bytes, Stack size 4 bytes, gd32e23x_dma.o(.text.dma_channel_enable))
<BR><BR>[Stack]<UL><LI>Max Depth = 4<LI>Call Chain = dma_channel_enable
</UL>
<BR>[Called By]<UL><LI><a href="#[4c]">&gt;&gt;</a>&nbsp;&nbsp;&nbsp;mx_adc_dma_init
</UL>

<P><STRONG><a name="[97]"></a>dma_circulation_enable</STRONG> (Thumb, 28 bytes, Stack size 4 bytes, gd32e23x_dma.o(.text.dma_circulation_enable))
<BR><BR>[Stack]<UL><LI>Max Depth = 4<LI>Call Chain = dma_circulation_enable
</UL>
<BR>[Called By]<UL><LI><a href="#[4c]">&gt;&gt;</a>&nbsp;&nbsp;&nbsp;mx_adc_dma_init
</UL>

<P><STRONG><a name="[96]"></a>dma_deinit</STRONG> (Thumb, 88 bytes, Stack size 20 bytes, gd32e23x_dma.o(.text.dma_deinit))
<BR><BR>[Stack]<UL><LI>Max Depth = 20<LI>Call Chain = dma_deinit
</UL>
<BR>[Called By]<UL><LI><a href="#[4c]">&gt;&gt;</a>&nbsp;&nbsp;&nbsp;mx_adc_dma_init
</UL>

<P><STRONG><a name="[74]"></a>dma_init</STRONG> (Thumb, 268 bytes, Stack size 32 bytes, gd32e23x_dma.o(.text.dma_init))
<BR><BR>[Stack]<UL><LI>Max Depth = 36<LI>Call Chain = dma_init &rArr; dma_channel_disable
</UL>
<BR>[Calls]<UL><LI><a href="#[42]">&gt;&gt;</a>&nbsp;&nbsp;&nbsp;dma_channel_disable
</UL>
<BR>[Called By]<UL><LI><a href="#[4c]">&gt;&gt;</a>&nbsp;&nbsp;&nbsp;mx_adc_dma_init
</UL>

<P><STRONG><a name="[99]"></a>dma_interrupt_enable</STRONG> (Thumb, 32 bytes, Stack size 8 bytes, gd32e23x_dma.o(.text.dma_interrupt_enable))
<BR><BR>[Stack]<UL><LI>Max Depth = 8<LI>Call Chain = dma_interrupt_enable
</UL>
<BR>[Called By]<UL><LI><a href="#[4c]">&gt;&gt;</a>&nbsp;&nbsp;&nbsp;mx_adc_dma_init
</UL>

<P><STRONG><a name="[43]"></a>dma_interrupt_flag_clear</STRONG> (Thumb, 32 bytes, Stack size 8 bytes, gd32e23x_dma.o(.text.dma_interrupt_flag_clear))
<BR><BR>[Stack]<UL><LI>Max Depth = 8<LI>Call Chain = dma_interrupt_flag_clear
</UL>
<BR>[Called By]<UL><LI><a href="#[e]">&gt;&gt;</a>&nbsp;&nbsp;&nbsp;DMA_Channel0_IRQHandler
</UL>

<P><STRONG><a name="[41]"></a>dma_interrupt_flag_get</STRONG> (Thumb, 188 bytes, Stack size 24 bytes, gd32e23x_dma.o(.text.dma_interrupt_flag_get))
<BR><BR>[Stack]<UL><LI>Max Depth = 24<LI>Call Chain = dma_interrupt_flag_get
</UL>
<BR>[Called By]<UL><LI><a href="#[e]">&gt;&gt;</a>&nbsp;&nbsp;&nbsp;DMA_Channel0_IRQHandler
</UL>

<P><STRONG><a name="[45]"></a>ec11_exti_callback</STRONG> (Thumb, 180 bytes, Stack size 16 bytes, hw_ec11.o(.text.ec11_exti_callback))
<BR><BR>[Stack]<UL><LI>Max Depth = 28<LI>Call Chain = ec11_exti_callback &rArr; gpio_input_bit_get
</UL>
<BR>[Calls]<UL><LI><a href="#[75]">&gt;&gt;</a>&nbsp;&nbsp;&nbsp;gpio_input_bit_get
<LI><a href="#[76]">&gt;&gt;</a>&nbsp;&nbsp;&nbsp;exti_interrupt_flag_clear
</UL>
<BR>[Called By]<UL><LI><a href="#[d]">&gt;&gt;</a>&nbsp;&nbsp;&nbsp;EXTI4_15_IRQHandler
</UL>

<P><STRONG><a name="[89]"></a>ec11_init</STRONG> (Thumb, 42 bytes, Stack size 24 bytes, hw_ec11.o(.text.ec11_init))
<BR><BR>[Stack]<UL><LI>Max Depth = 24<LI>Call Chain = ec11_init
</UL>
<BR>[Called By]<UL><LI><a href="#[22]">&gt;&gt;</a>&nbsp;&nbsp;&nbsp;main
</UL>

<P><STRONG><a name="[a7]"></a>exti_init</STRONG> (Thumb, 208 bytes, Stack size 20 bytes, gd32e23x_exti.o(.text.exti_init))
<BR><BR>[Stack]<UL><LI>Max Depth = 20<LI>Call Chain = exti_init
</UL>
<BR>[Called By]<UL><LI><a href="#[81]">&gt;&gt;</a>&nbsp;&nbsp;&nbsp;mx_gpio_init
</UL>

<P><STRONG><a name="[76]"></a>exti_interrupt_flag_clear</STRONG> (Thumb, 16 bytes, Stack size 4 bytes, gd32e23x_exti.o(.text.exti_interrupt_flag_clear))
<BR><BR>[Stack]<UL><LI>Max Depth = 4<LI>Call Chain = exti_interrupt_flag_clear
</UL>
<BR>[Called By]<UL><LI><a href="#[45]">&gt;&gt;</a>&nbsp;&nbsp;&nbsp;ec11_exti_callback
<LI><a href="#[81]">&gt;&gt;</a>&nbsp;&nbsp;&nbsp;mx_gpio_init
</UL>

<P><STRONG><a name="[44]"></a>exti_interrupt_flag_get</STRONG> (Thumb, 40 bytes, Stack size 8 bytes, gd32e23x_exti.o(.text.exti_interrupt_flag_get))
<BR><BR>[Stack]<UL><LI>Max Depth = 8<LI>Call Chain = exti_interrupt_flag_get
</UL>
<BR>[Called By]<UL><LI><a href="#[d]">&gt;&gt;</a>&nbsp;&nbsp;&nbsp;EXTI4_15_IRQHandler
</UL>

<P><STRONG><a name="[be]"></a>get_adc_convert_value</STRONG> (Thumb, 8 bytes, Stack size 0 bytes, mid_adc.o(.text.get_adc_convert_value))
<BR><BR>[Called By]<UL><LI><a href="#[90]">&gt;&gt;</a>&nbsp;&nbsp;&nbsp;osc_waveShow
</UL>

<P><STRONG><a name="[64]"></a>get_freq_value</STRONG> (Thumb, 8 bytes, Stack size 0 bytes, mid_timer.o(.text.get_freq_value))
<BR><BR>[Called By]<UL><LI><a href="#[61]">&gt;&gt;</a>&nbsp;&nbsp;&nbsp;TFT_ShowUI
</UL>

<P><STRONG><a name="[8b]"></a>get_key_timer_value</STRONG> (Thumb, 8 bytes, Stack size 0 bytes, mid_timer.o(.text.get_key_timer_value))
<BR><BR>[Called By]<UL><LI><a href="#[22]">&gt;&gt;</a>&nbsp;&nbsp;&nbsp;main
</UL>

<P><STRONG><a name="[7e]"></a>get_osc_stop_bit</STRONG> (Thumb, 8 bytes, Stack size 0 bytes, osc_task.o(.text.get_osc_stop_bit))
<BR><BR>[Called By]<UL><LI><a href="#[78]">&gt;&gt;</a>&nbsp;&nbsp;&nbsp;key_scanf_handle
<LI><a href="#[22]">&gt;&gt;</a>&nbsp;&nbsp;&nbsp;main
</UL>

<P><STRONG><a name="[67]"></a>get_pwm_duty</STRONG> (Thumb, 8 bytes, Stack size 0 bytes, mid_pwm.o(.text.get_pwm_duty))
<BR><BR>[Called By]<UL><LI><a href="#[78]">&gt;&gt;</a>&nbsp;&nbsp;&nbsp;key_scanf_handle
<LI><a href="#[61]">&gt;&gt;</a>&nbsp;&nbsp;&nbsp;TFT_ShowUI
</UL>

<P><STRONG><a name="[66]"></a>get_pwm_out_freq</STRONG> (Thumb, 28 bytes, Stack size 4 bytes, mid_pwm.o(.text.get_pwm_out_freq))
<BR><BR>[Stack]<UL><LI>Max Depth = 4<LI>Call Chain = get_pwm_out_freq
</UL>
<BR>[Called By]<UL><LI><a href="#[61]">&gt;&gt;</a>&nbsp;&nbsp;&nbsp;TFT_ShowUI
</UL>

<P><STRONG><a name="[68]"></a>get_pwm_period</STRONG> (Thumb, 8 bytes, Stack size 0 bytes, mid_pwm.o(.text.get_pwm_period))
<BR><BR>[Called By]<UL><LI><a href="#[78]">&gt;&gt;</a>&nbsp;&nbsp;&nbsp;key_scanf_handle
<LI><a href="#[61]">&gt;&gt;</a>&nbsp;&nbsp;&nbsp;TFT_ShowUI
</UL>

<P><STRONG><a name="[65]"></a>get_pwm_state</STRONG> (Thumb, 8 bytes, Stack size 0 bytes, mid_pwm.o(.text.get_pwm_state))
<BR><BR>[Called By]<UL><LI><a href="#[78]">&gt;&gt;</a>&nbsp;&nbsp;&nbsp;key_scanf_handle
<LI><a href="#[61]">&gt;&gt;</a>&nbsp;&nbsp;&nbsp;TFT_ShowUI
</UL>

<P><STRONG><a name="[92]"></a>get_step_value</STRONG> (Thumb, 8 bytes, Stack size 0 bytes, osc_task.o(.text.get_step_value))
<BR><BR>[Called By]<UL><LI><a href="#[22]">&gt;&gt;</a>&nbsp;&nbsp;&nbsp;main
</UL>

<P><STRONG><a name="[8c]"></a>get_tft_timer_value</STRONG> (Thumb, 8 bytes, Stack size 0 bytes, mid_timer.o(.text.get_tft_timer_value))
<BR><BR>[Called By]<UL><LI><a href="#[22]">&gt;&gt;</a>&nbsp;&nbsp;&nbsp;main
</UL>

<P><STRONG><a name="[a8]"></a>gpio_af_set</STRONG> (Thumb, 192 bytes, Stack size 24 bytes, gd32e23x_gpio.o(.text.gpio_af_set))
<BR><BR>[Stack]<UL><LI>Max Depth = 24<LI>Call Chain = gpio_af_set
</UL>
<BR>[Called By]<UL><LI><a href="#[85]">&gt;&gt;</a>&nbsp;&nbsp;&nbsp;mx_tim14_init
<LI><a href="#[84]">&gt;&gt;</a>&nbsp;&nbsp;&nbsp;mx_tim2_init
<LI><a href="#[82]">&gt;&gt;</a>&nbsp;&nbsp;&nbsp;mx_spi0_init
</UL>

<P><STRONG><a name="[58]"></a>gpio_bit_write</STRONG> (Thumb, 36 bytes, Stack size 12 bytes, gd32e23x_gpio.o(.text.gpio_bit_write))
<BR><BR>[Stack]<UL><LI>Max Depth = 12<LI>Call Chain = gpio_bit_write
</UL>
<BR>[Called By]<UL><LI><a href="#[57]">&gt;&gt;</a>&nbsp;&nbsp;&nbsp;TFT_Init
<LI><a href="#[81]">&gt;&gt;</a>&nbsp;&nbsp;&nbsp;mx_gpio_init
<LI><a href="#[52]">&gt;&gt;</a>&nbsp;&nbsp;&nbsp;TFT_WR_REG
<LI><a href="#[53]">&gt;&gt;</a>&nbsp;&nbsp;&nbsp;TFT_WR_DATA
<LI><a href="#[5a]">&gt;&gt;</a>&nbsp;&nbsp;&nbsp;TFT_WR_DATA8
</UL>

<P><STRONG><a name="[75]"></a>gpio_input_bit_get</STRONG> (Thumb, 42 bytes, Stack size 12 bytes, gd32e23x_gpio.o(.text.gpio_input_bit_get))
<BR><BR>[Stack]<UL><LI>Max Depth = 12<LI>Call Chain = gpio_input_bit_get
</UL>
<BR>[Called By]<UL><LI><a href="#[45]">&gt;&gt;</a>&nbsp;&nbsp;&nbsp;ec11_exti_callback
<LI><a href="#[77]">&gt;&gt;</a>&nbsp;&nbsp;&nbsp;key_scanf
</UL>

<P><STRONG><a name="[9b]"></a>gpio_mode_set</STRONG> (Thumb, 142 bytes, Stack size 28 bytes, gd32e23x_gpio.o(.text.gpio_mode_set))
<BR><BR>[Stack]<UL><LI>Max Depth = 28<LI>Call Chain = gpio_mode_set
</UL>
<BR>[Called By]<UL><LI><a href="#[85]">&gt;&gt;</a>&nbsp;&nbsp;&nbsp;mx_tim14_init
<LI><a href="#[84]">&gt;&gt;</a>&nbsp;&nbsp;&nbsp;mx_tim2_init
<LI><a href="#[83]">&gt;&gt;</a>&nbsp;&nbsp;&nbsp;mx_adc_init
<LI><a href="#[82]">&gt;&gt;</a>&nbsp;&nbsp;&nbsp;mx_spi0_init
<LI><a href="#[81]">&gt;&gt;</a>&nbsp;&nbsp;&nbsp;mx_gpio_init
</UL>

<P><STRONG><a name="[a5]"></a>gpio_output_options_set</STRONG> (Thumb, 138 bytes, Stack size 32 bytes, gd32e23x_gpio.o(.text.gpio_output_options_set))
<BR><BR>[Stack]<UL><LI>Max Depth = 32<LI>Call Chain = gpio_output_options_set
</UL>
<BR>[Called By]<UL><LI><a href="#[85]">&gt;&gt;</a>&nbsp;&nbsp;&nbsp;mx_tim14_init
<LI><a href="#[84]">&gt;&gt;</a>&nbsp;&nbsp;&nbsp;mx_tim2_init
<LI><a href="#[82]">&gt;&gt;</a>&nbsp;&nbsp;&nbsp;mx_spi0_init
<LI><a href="#[81]">&gt;&gt;</a>&nbsp;&nbsp;&nbsp;mx_gpio_init
</UL>

<P><STRONG><a name="[88]"></a>key_init</STRONG> (Thumb, 48 bytes, Stack size 24 bytes, hw_key.o(.text.key_init))
<BR><BR>[Stack]<UL><LI>Max Depth = 24<LI>Call Chain = key_init
</UL>
<BR>[Called By]<UL><LI><a href="#[22]">&gt;&gt;</a>&nbsp;&nbsp;&nbsp;main
</UL>

<P><STRONG><a name="[77]"></a>key_scanf</STRONG> (Thumb, 214 bytes, Stack size 16 bytes, hw_key.o(.text.key_scanf))
<BR><BR>[Stack]<UL><LI>Max Depth = 28<LI>Call Chain = key_scanf &rArr; gpio_input_bit_get
</UL>
<BR>[Calls]<UL><LI><a href="#[75]">&gt;&gt;</a>&nbsp;&nbsp;&nbsp;gpio_input_bit_get
</UL>
<BR>[Called By]<UL><LI><a href="#[22]">&gt;&gt;</a>&nbsp;&nbsp;&nbsp;main
</UL>

<P><STRONG><a name="[78]"></a>key_scanf_handle</STRONG> (Thumb, 472 bytes, Stack size 56 bytes, osc_task.o(.text.key_scanf_handle))
<BR><BR>[Stack]<UL><LI>Max Depth = 92<LI>Call Chain = key_scanf_handle &rArr; __aeabi_fadd &rArr; _float_epilogue
</UL>
<BR>[Calls]<UL><LI><a href="#[69]">&gt;&gt;</a>&nbsp;&nbsp;&nbsp;__aeabi_fmul
<LI><a href="#[30]">&gt;&gt;</a>&nbsp;&nbsp;&nbsp;__aeabi_fdiv
<LI><a href="#[32]">&gt;&gt;</a>&nbsp;&nbsp;&nbsp;__aeabi_ui2f
<LI><a href="#[7e]">&gt;&gt;</a>&nbsp;&nbsp;&nbsp;get_osc_stop_bit
<LI><a href="#[7d]">&gt;&gt;</a>&nbsp;&nbsp;&nbsp;__aeabi_fcmpge
<LI><a href="#[7c]">&gt;&gt;</a>&nbsp;&nbsp;&nbsp;__aeabi_fcmple
<LI><a href="#[2b]">&gt;&gt;</a>&nbsp;&nbsp;&nbsp;__aeabi_fadd
<LI><a href="#[6a]">&gt;&gt;</a>&nbsp;&nbsp;&nbsp;__aeabi_f2iz
<LI><a href="#[31]">&gt;&gt;</a>&nbsp;&nbsp;&nbsp;__aeabi_i2f
<LI><a href="#[7f]">&gt;&gt;</a>&nbsp;&nbsp;&nbsp;set_osc_stop_bit
<LI><a href="#[65]">&gt;&gt;</a>&nbsp;&nbsp;&nbsp;get_pwm_state
<LI><a href="#[7b]">&gt;&gt;</a>&nbsp;&nbsp;&nbsp;set_pwm_state
<LI><a href="#[68]">&gt;&gt;</a>&nbsp;&nbsp;&nbsp;get_pwm_period
<LI><a href="#[79]">&gt;&gt;</a>&nbsp;&nbsp;&nbsp;set_pwm_period
<LI><a href="#[67]">&gt;&gt;</a>&nbsp;&nbsp;&nbsp;get_pwm_duty
<LI><a href="#[7a]">&gt;&gt;</a>&nbsp;&nbsp;&nbsp;set_pwm_duty
</UL>
<BR>[Called By]<UL><LI><a href="#[22]">&gt;&gt;</a>&nbsp;&nbsp;&nbsp;main
</UL>

<P><STRONG><a name="[87]"></a>led_init</STRONG> (Thumb, 38 bytes, Stack size 24 bytes, hw_led.o(.text.led_init))
<BR><BR>[Stack]<UL><LI>Max Depth = 24<LI>Call Chain = led_init
</UL>
<BR>[Called By]<UL><LI><a href="#[22]">&gt;&gt;</a>&nbsp;&nbsp;&nbsp;main
</UL>

<P><STRONG><a name="[22]"></a>main</STRONG> (Thumb, 768 bytes, Stack size 224 bytes, main.o(.text.main))
<BR><BR>[Stack]<UL><LI>Max Depth = 656<LI>Call Chain = main &rArr; TFT_StaticUI &rArr; TFT_ShowString &rArr; TFT_ShowChar &rArr; TFT_DrawPoint &rArr; TFT_Address_Set &rArr; TFT_WR_REG &rArr; spi_i2s_data_transmit
</UL>
<BR>[Calls]<UL><LI><a href="#[93]">&gt;&gt;</a>&nbsp;&nbsp;&nbsp;set_step_value
<LI><a href="#[92]">&gt;&gt;</a>&nbsp;&nbsp;&nbsp;get_step_value
<LI><a href="#[78]">&gt;&gt;</a>&nbsp;&nbsp;&nbsp;key_scanf_handle
<LI><a href="#[91]">&gt;&gt;</a>&nbsp;&nbsp;&nbsp;set_tft_timer_value
<LI><a href="#[61]">&gt;&gt;</a>&nbsp;&nbsp;&nbsp;TFT_ShowUI
<LI><a href="#[90]">&gt;&gt;</a>&nbsp;&nbsp;&nbsp;osc_waveShow
<LI><a href="#[7e]">&gt;&gt;</a>&nbsp;&nbsp;&nbsp;get_osc_stop_bit
<LI><a href="#[8f]">&gt;&gt;</a>&nbsp;&nbsp;&nbsp;set_tft_bit_value
<LI><a href="#[8e]">&gt;&gt;</a>&nbsp;&nbsp;&nbsp;set_key_bit_value
<LI><a href="#[8d]">&gt;&gt;</a>&nbsp;&nbsp;&nbsp;set_key_timer_value
<LI><a href="#[77]">&gt;&gt;</a>&nbsp;&nbsp;&nbsp;key_scanf
<LI><a href="#[8c]">&gt;&gt;</a>&nbsp;&nbsp;&nbsp;get_tft_timer_value
<LI><a href="#[8b]">&gt;&gt;</a>&nbsp;&nbsp;&nbsp;get_key_timer_value
<LI><a href="#[8a]">&gt;&gt;</a>&nbsp;&nbsp;&nbsp;timer_enable
<LI><a href="#[4b]">&gt;&gt;</a>&nbsp;&nbsp;&nbsp;Register_oscShowData
<LI><a href="#[71]">&gt;&gt;</a>&nbsp;&nbsp;&nbsp;clear_adc_value
<LI><a href="#[6b]">&gt;&gt;</a>&nbsp;&nbsp;&nbsp;TFT_StaticUI
<LI><a href="#[56]">&gt;&gt;</a>&nbsp;&nbsp;&nbsp;TFT_Fill
<LI><a href="#[57]">&gt;&gt;</a>&nbsp;&nbsp;&nbsp;TFT_Init
<LI><a href="#[59]">&gt;&gt;</a>&nbsp;&nbsp;&nbsp;delay_1ms
<LI><a href="#[46]">&gt;&gt;</a>&nbsp;&nbsp;&nbsp;Get_ADC_Average
<LI><a href="#[4d]">&gt;&gt;</a>&nbsp;&nbsp;&nbsp;Set_ADC_Channel
<LI><a href="#[89]">&gt;&gt;</a>&nbsp;&nbsp;&nbsp;ec11_init
<LI><a href="#[88]">&gt;&gt;</a>&nbsp;&nbsp;&nbsp;key_init
<LI><a href="#[87]">&gt;&gt;</a>&nbsp;&nbsp;&nbsp;led_init
<LI><a href="#[86]">&gt;&gt;</a>&nbsp;&nbsp;&nbsp;mx_tim15_init
<LI><a href="#[85]">&gt;&gt;</a>&nbsp;&nbsp;&nbsp;mx_tim14_init
<LI><a href="#[84]">&gt;&gt;</a>&nbsp;&nbsp;&nbsp;mx_tim2_init
<LI><a href="#[83]">&gt;&gt;</a>&nbsp;&nbsp;&nbsp;mx_adc_init
<LI><a href="#[82]">&gt;&gt;</a>&nbsp;&nbsp;&nbsp;mx_spi0_init
<LI><a href="#[81]">&gt;&gt;</a>&nbsp;&nbsp;&nbsp;mx_gpio_init
<LI><a href="#[80]">&gt;&gt;</a>&nbsp;&nbsp;&nbsp;systick_config
</UL>
<BR>[Address Reference Count : 1]<UL><LI> entry9a.o(.ARM.Collect$$$$0000000B)
</UL>
<P><STRONG><a name="[4c]"></a>mx_adc_dma_init</STRONG> (Thumb, 104 bytes, Stack size 48 bytes, hw_adc.o(.text.mx_adc_dma_init))
<BR><BR>[Stack]<UL><LI>Max Depth = 96<LI>Call Chain = mx_adc_dma_init &rArr; nvic_irq_enable &rArr; __NVIC_SetPriority
</UL>
<BR>[Calls]<UL><LI><a href="#[95]">&gt;&gt;</a>&nbsp;&nbsp;&nbsp;nvic_irq_enable
<LI><a href="#[99]">&gt;&gt;</a>&nbsp;&nbsp;&nbsp;dma_interrupt_enable
<LI><a href="#[98]">&gt;&gt;</a>&nbsp;&nbsp;&nbsp;dma_channel_enable
<LI><a href="#[97]">&gt;&gt;</a>&nbsp;&nbsp;&nbsp;dma_circulation_enable
<LI><a href="#[74]">&gt;&gt;</a>&nbsp;&nbsp;&nbsp;dma_init
<LI><a href="#[96]">&gt;&gt;</a>&nbsp;&nbsp;&nbsp;dma_deinit
<LI><a href="#[94]">&gt;&gt;</a>&nbsp;&nbsp;&nbsp;rcu_periph_clock_enable
</UL>
<BR>[Called By]<UL><LI><a href="#[4b]">&gt;&gt;</a>&nbsp;&nbsp;&nbsp;Register_oscShowData
</UL>

<P><STRONG><a name="[83]"></a>mx_adc_init</STRONG> (Thumb, 148 bytes, Stack size 32 bytes, hw_adc.o(.text.mx_adc_init))
<BR><BR>[Stack]<UL><LI>Max Depth = 76<LI>Call Chain = mx_adc_init &rArr; delay_1ms &rArr; __aeabi_ui2f &rArr; _float_epilogue
</UL>
<BR>[Calls]<UL><LI><a href="#[9b]">&gt;&gt;</a>&nbsp;&nbsp;&nbsp;gpio_mode_set
<LI><a href="#[48]">&gt;&gt;</a>&nbsp;&nbsp;&nbsp;adc_software_trigger_enable
<LI><a href="#[a0]">&gt;&gt;</a>&nbsp;&nbsp;&nbsp;adc_external_trigger_source_config
<LI><a href="#[a1]">&gt;&gt;</a>&nbsp;&nbsp;&nbsp;adc_external_trigger_config
<LI><a href="#[4e]">&gt;&gt;</a>&nbsp;&nbsp;&nbsp;adc_regular_channel_config
<LI><a href="#[9e]">&gt;&gt;</a>&nbsp;&nbsp;&nbsp;adc_channel_length_config
<LI><a href="#[9d]">&gt;&gt;</a>&nbsp;&nbsp;&nbsp;adc_data_alignment_config
<LI><a href="#[9c]">&gt;&gt;</a>&nbsp;&nbsp;&nbsp;adc_special_function_config
<LI><a href="#[9f]">&gt;&gt;</a>&nbsp;&nbsp;&nbsp;adc_tempsensor_vrefint_enable
<LI><a href="#[a4]">&gt;&gt;</a>&nbsp;&nbsp;&nbsp;adc_dma_mode_enable
<LI><a href="#[a3]">&gt;&gt;</a>&nbsp;&nbsp;&nbsp;adc_calibration_enable
<LI><a href="#[a2]">&gt;&gt;</a>&nbsp;&nbsp;&nbsp;adc_enable
<LI><a href="#[59]">&gt;&gt;</a>&nbsp;&nbsp;&nbsp;delay_1ms
<LI><a href="#[9a]">&gt;&gt;</a>&nbsp;&nbsp;&nbsp;rcu_adc_clock_config
<LI><a href="#[94]">&gt;&gt;</a>&nbsp;&nbsp;&nbsp;rcu_periph_clock_enable
</UL>
<BR>[Called By]<UL><LI><a href="#[22]">&gt;&gt;</a>&nbsp;&nbsp;&nbsp;main
</UL>

<P><STRONG><a name="[81]"></a>mx_gpio_init</STRONG> (Thumb, 372 bytes, Stack size 56 bytes, hw_gpio.o(.text.mx_gpio_init))
<BR><BR>[Stack]<UL><LI>Max Depth = 104<LI>Call Chain = mx_gpio_init &rArr; nvic_irq_enable &rArr; __NVIC_SetPriority
</UL>
<BR>[Calls]<UL><LI><a href="#[95]">&gt;&gt;</a>&nbsp;&nbsp;&nbsp;nvic_irq_enable
<LI><a href="#[58]">&gt;&gt;</a>&nbsp;&nbsp;&nbsp;gpio_bit_write
<LI><a href="#[a5]">&gt;&gt;</a>&nbsp;&nbsp;&nbsp;gpio_output_options_set
<LI><a href="#[9b]">&gt;&gt;</a>&nbsp;&nbsp;&nbsp;gpio_mode_set
<LI><a href="#[76]">&gt;&gt;</a>&nbsp;&nbsp;&nbsp;exti_interrupt_flag_clear
<LI><a href="#[a7]">&gt;&gt;</a>&nbsp;&nbsp;&nbsp;exti_init
<LI><a href="#[a6]">&gt;&gt;</a>&nbsp;&nbsp;&nbsp;syscfg_exti_line_config
<LI><a href="#[94]">&gt;&gt;</a>&nbsp;&nbsp;&nbsp;rcu_periph_clock_enable
</UL>
<BR>[Called By]<UL><LI><a href="#[22]">&gt;&gt;</a>&nbsp;&nbsp;&nbsp;main
</UL>

<P><STRONG><a name="[82]"></a>mx_spi0_init</STRONG> (Thumb, 128 bytes, Stack size 64 bytes, hw_spi.o(.text.mx_spi0_init))
<BR><BR>[Stack]<UL><LI>Max Depth = 96<LI>Call Chain = mx_spi0_init &rArr; gpio_output_options_set
</UL>
<BR>[Calls]<UL><LI><a href="#[a8]">&gt;&gt;</a>&nbsp;&nbsp;&nbsp;gpio_af_set
<LI><a href="#[a5]">&gt;&gt;</a>&nbsp;&nbsp;&nbsp;gpio_output_options_set
<LI><a href="#[9b]">&gt;&gt;</a>&nbsp;&nbsp;&nbsp;gpio_mode_set
<LI><a href="#[ac]">&gt;&gt;</a>&nbsp;&nbsp;&nbsp;spi_enable
<LI><a href="#[ab]">&gt;&gt;</a>&nbsp;&nbsp;&nbsp;spi_init
<LI><a href="#[aa]">&gt;&gt;</a>&nbsp;&nbsp;&nbsp;spi_struct_para_init
<LI><a href="#[a9]">&gt;&gt;</a>&nbsp;&nbsp;&nbsp;spi_i2s_deinit
<LI><a href="#[94]">&gt;&gt;</a>&nbsp;&nbsp;&nbsp;rcu_periph_clock_enable
</UL>
<BR>[Called By]<UL><LI><a href="#[22]">&gt;&gt;</a>&nbsp;&nbsp;&nbsp;main
</UL>

<P><STRONG><a name="[85]"></a>mx_tim14_init</STRONG> (Thumb, 208 bytes, Stack size 72 bytes, hw_tim.o(.text.mx_tim14_init))
<BR><BR>[Stack]<UL><LI>Max Depth = 124<LI>Call Chain = mx_tim14_init &rArr; timer_deinit &rArr; rcu_periph_reset_disable
</UL>
<BR>[Calls]<UL><LI><a href="#[a8]">&gt;&gt;</a>&nbsp;&nbsp;&nbsp;gpio_af_set
<LI><a href="#[a5]">&gt;&gt;</a>&nbsp;&nbsp;&nbsp;gpio_output_options_set
<LI><a href="#[9b]">&gt;&gt;</a>&nbsp;&nbsp;&nbsp;gpio_mode_set
<LI><a href="#[b4]">&gt;&gt;</a>&nbsp;&nbsp;&nbsp;timer_channel_output_shadow_config
<LI><a href="#[b2]">&gt;&gt;</a>&nbsp;&nbsp;&nbsp;timer_channel_output_pulse_value_config
<LI><a href="#[b3]">&gt;&gt;</a>&nbsp;&nbsp;&nbsp;timer_channel_output_mode_config
<LI><a href="#[b1]">&gt;&gt;</a>&nbsp;&nbsp;&nbsp;timer_channel_output_config
<LI><a href="#[b0]">&gt;&gt;</a>&nbsp;&nbsp;&nbsp;timer_channel_output_struct_para_init
<LI><a href="#[b6]">&gt;&gt;</a>&nbsp;&nbsp;&nbsp;timer_primary_output_config
<LI><a href="#[b5]">&gt;&gt;</a>&nbsp;&nbsp;&nbsp;timer_auto_reload_shadow_enable
<LI><a href="#[b7]">&gt;&gt;</a>&nbsp;&nbsp;&nbsp;timer_disable
<LI><a href="#[af]">&gt;&gt;</a>&nbsp;&nbsp;&nbsp;timer_init
<LI><a href="#[ae]">&gt;&gt;</a>&nbsp;&nbsp;&nbsp;timer_struct_para_init
<LI><a href="#[ad]">&gt;&gt;</a>&nbsp;&nbsp;&nbsp;timer_deinit
<LI><a href="#[94]">&gt;&gt;</a>&nbsp;&nbsp;&nbsp;rcu_periph_clock_enable
</UL>
<BR>[Called By]<UL><LI><a href="#[22]">&gt;&gt;</a>&nbsp;&nbsp;&nbsp;main
</UL>

<P><STRONG><a name="[86]"></a>mx_tim15_init</STRONG> (Thumb, 100 bytes, Stack size 40 bytes, hw_tim.o(.text.mx_tim15_init))
<BR><BR>[Stack]<UL><LI>Max Depth = 92<LI>Call Chain = mx_tim15_init &rArr; timer_deinit &rArr; rcu_periph_reset_disable
</UL>
<BR>[Calls]<UL><LI><a href="#[95]">&gt;&gt;</a>&nbsp;&nbsp;&nbsp;nvic_irq_enable
<LI><a href="#[6e]">&gt;&gt;</a>&nbsp;&nbsp;&nbsp;timer_interrupt_flag_clear
<LI><a href="#[b9]">&gt;&gt;</a>&nbsp;&nbsp;&nbsp;timer_interrupt_enable
<LI><a href="#[b8]">&gt;&gt;</a>&nbsp;&nbsp;&nbsp;timer_prescaler_config
<LI><a href="#[b7]">&gt;&gt;</a>&nbsp;&nbsp;&nbsp;timer_disable
<LI><a href="#[af]">&gt;&gt;</a>&nbsp;&nbsp;&nbsp;timer_init
<LI><a href="#[ae]">&gt;&gt;</a>&nbsp;&nbsp;&nbsp;timer_struct_para_init
<LI><a href="#[ad]">&gt;&gt;</a>&nbsp;&nbsp;&nbsp;timer_deinit
<LI><a href="#[94]">&gt;&gt;</a>&nbsp;&nbsp;&nbsp;rcu_periph_clock_enable
</UL>
<BR>[Called By]<UL><LI><a href="#[22]">&gt;&gt;</a>&nbsp;&nbsp;&nbsp;main
</UL>

<P><STRONG><a name="[84]"></a>mx_tim2_init</STRONG> (Thumb, 172 bytes, Stack size 64 bytes, hw_tim.o(.text.mx_tim2_init))
<BR><BR>[Stack]<UL><LI>Max Depth = 116<LI>Call Chain = mx_tim2_init &rArr; timer_deinit &rArr; rcu_periph_reset_disable
</UL>
<BR>[Calls]<UL><LI><a href="#[95]">&gt;&gt;</a>&nbsp;&nbsp;&nbsp;nvic_irq_enable
<LI><a href="#[a8]">&gt;&gt;</a>&nbsp;&nbsp;&nbsp;gpio_af_set
<LI><a href="#[a5]">&gt;&gt;</a>&nbsp;&nbsp;&nbsp;gpio_output_options_set
<LI><a href="#[9b]">&gt;&gt;</a>&nbsp;&nbsp;&nbsp;gpio_mode_set
<LI><a href="#[bb]">&gt;&gt;</a>&nbsp;&nbsp;&nbsp;timer_input_capture_config
<LI><a href="#[ba]">&gt;&gt;</a>&nbsp;&nbsp;&nbsp;timer_channel_input_struct_para_init
<LI><a href="#[6e]">&gt;&gt;</a>&nbsp;&nbsp;&nbsp;timer_interrupt_flag_clear
<LI><a href="#[b9]">&gt;&gt;</a>&nbsp;&nbsp;&nbsp;timer_interrupt_enable
<LI><a href="#[b5]">&gt;&gt;</a>&nbsp;&nbsp;&nbsp;timer_auto_reload_shadow_enable
<LI><a href="#[b7]">&gt;&gt;</a>&nbsp;&nbsp;&nbsp;timer_disable
<LI><a href="#[af]">&gt;&gt;</a>&nbsp;&nbsp;&nbsp;timer_init
<LI><a href="#[ae]">&gt;&gt;</a>&nbsp;&nbsp;&nbsp;timer_struct_para_init
<LI><a href="#[ad]">&gt;&gt;</a>&nbsp;&nbsp;&nbsp;timer_deinit
<LI><a href="#[94]">&gt;&gt;</a>&nbsp;&nbsp;&nbsp;rcu_periph_clock_enable
</UL>
<BR>[Called By]<UL><LI><a href="#[22]">&gt;&gt;</a>&nbsp;&nbsp;&nbsp;main
</UL>

<P><STRONG><a name="[95]"></a>nvic_irq_enable</STRONG> (Thumb, 44 bytes, Stack size 24 bytes, gd32e23x_misc.o(.text.nvic_irq_enable))
<BR><BR>[Stack]<UL><LI>Max Depth = 48<LI>Call Chain = nvic_irq_enable &rArr; __NVIC_SetPriority
</UL>
<BR>[Calls]<UL><LI><a href="#[bd]">&gt;&gt;</a>&nbsp;&nbsp;&nbsp;__NVIC_EnableIRQ
<LI><a href="#[bc]">&gt;&gt;</a>&nbsp;&nbsp;&nbsp;__NVIC_SetPriority
</UL>
<BR>[Called By]<UL><LI><a href="#[86]">&gt;&gt;</a>&nbsp;&nbsp;&nbsp;mx_tim15_init
<LI><a href="#[84]">&gt;&gt;</a>&nbsp;&nbsp;&nbsp;mx_tim2_init
<LI><a href="#[81]">&gt;&gt;</a>&nbsp;&nbsp;&nbsp;mx_gpio_init
<LI><a href="#[4c]">&gt;&gt;</a>&nbsp;&nbsp;&nbsp;mx_adc_dma_init
</UL>

<P><STRONG><a name="[50]"></a>nvic_vector_table_set</STRONG> (Thumb, 28 bytes, Stack size 8 bytes, gd32e23x_misc.o(.text.nvic_vector_table_set))
<BR><BR>[Stack]<UL><LI>Max Depth = 8<LI>Call Chain = nvic_vector_table_set
</UL>
<BR>[Called By]<UL><LI><a href="#[23]">&gt;&gt;</a>&nbsp;&nbsp;&nbsp;SystemInit
</UL>

<P><STRONG><a name="[90]"></a>osc_waveShow</STRONG> (Thumb, 604 bytes, Stack size 72 bytes, osc_task.o(.text.osc_waveShow))
<BR><BR>[Stack]<UL><LI>Max Depth = 264<LI>Call Chain = osc_waveShow &rArr; TFT_DrawLine &rArr; TFT_DrawPoint &rArr; TFT_Address_Set &rArr; TFT_WR_REG &rArr; spi_i2s_data_transmit
</UL>
<BR>[Calls]<UL><LI><a href="#[69]">&gt;&gt;</a>&nbsp;&nbsp;&nbsp;__aeabi_fmul
<LI><a href="#[30]">&gt;&gt;</a>&nbsp;&nbsp;&nbsp;__aeabi_fdiv
<LI><a href="#[32]">&gt;&gt;</a>&nbsp;&nbsp;&nbsp;__aeabi_ui2f
<LI><a href="#[4b]">&gt;&gt;</a>&nbsp;&nbsp;&nbsp;Register_oscShowData
<LI><a href="#[71]">&gt;&gt;</a>&nbsp;&nbsp;&nbsp;clear_adc_value
<LI><a href="#[7d]">&gt;&gt;</a>&nbsp;&nbsp;&nbsp;__aeabi_fcmpge
<LI><a href="#[7c]">&gt;&gt;</a>&nbsp;&nbsp;&nbsp;__aeabi_fcmple
<LI><a href="#[6a]">&gt;&gt;</a>&nbsp;&nbsp;&nbsp;__aeabi_f2iz
<LI><a href="#[31]">&gt;&gt;</a>&nbsp;&nbsp;&nbsp;__aeabi_i2f
<LI><a href="#[be]">&gt;&gt;</a>&nbsp;&nbsp;&nbsp;get_adc_convert_value
<LI><a href="#[54]">&gt;&gt;</a>&nbsp;&nbsp;&nbsp;TFT_DrawLine
</UL>
<BR>[Called By]<UL><LI><a href="#[22]">&gt;&gt;</a>&nbsp;&nbsp;&nbsp;main
</UL>

<P><STRONG><a name="[9a]"></a>rcu_adc_clock_config</STRONG> (Thumb, 384 bytes, Stack size 8 bytes, gd32e23x_rcu.o(.text.rcu_adc_clock_config))
<BR><BR>[Stack]<UL><LI>Max Depth = 8<LI>Call Chain = rcu_adc_clock_config
</UL>
<BR>[Called By]<UL><LI><a href="#[83]">&gt;&gt;</a>&nbsp;&nbsp;&nbsp;mx_adc_init
</UL>

<P><STRONG><a name="[94]"></a>rcu_periph_clock_enable</STRONG> (Thumb, 36 bytes, Stack size 4 bytes, gd32e23x_rcu.o(.text.rcu_periph_clock_enable))
<BR><BR>[Stack]<UL><LI>Max Depth = 4<LI>Call Chain = rcu_periph_clock_enable
</UL>
<BR>[Called By]<UL><LI><a href="#[86]">&gt;&gt;</a>&nbsp;&nbsp;&nbsp;mx_tim15_init
<LI><a href="#[85]">&gt;&gt;</a>&nbsp;&nbsp;&nbsp;mx_tim14_init
<LI><a href="#[84]">&gt;&gt;</a>&nbsp;&nbsp;&nbsp;mx_tim2_init
<LI><a href="#[83]">&gt;&gt;</a>&nbsp;&nbsp;&nbsp;mx_adc_init
<LI><a href="#[82]">&gt;&gt;</a>&nbsp;&nbsp;&nbsp;mx_spi0_init
<LI><a href="#[81]">&gt;&gt;</a>&nbsp;&nbsp;&nbsp;mx_gpio_init
<LI><a href="#[4c]">&gt;&gt;</a>&nbsp;&nbsp;&nbsp;mx_adc_dma_init
</UL>

<P><STRONG><a name="[c1]"></a>rcu_periph_reset_disable</STRONG> (Thumb, 36 bytes, Stack size 4 bytes, gd32e23x_rcu.o(.text.rcu_periph_reset_disable))
<BR><BR>[Stack]<UL><LI>Max Depth = 4<LI>Call Chain = rcu_periph_reset_disable
</UL>
<BR>[Called By]<UL><LI><a href="#[ad]">&gt;&gt;</a>&nbsp;&nbsp;&nbsp;timer_deinit
<LI><a href="#[a9]">&gt;&gt;</a>&nbsp;&nbsp;&nbsp;spi_i2s_deinit
</UL>

<P><STRONG><a name="[c0]"></a>rcu_periph_reset_enable</STRONG> (Thumb, 36 bytes, Stack size 4 bytes, gd32e23x_rcu.o(.text.rcu_periph_reset_enable))
<BR><BR>[Stack]<UL><LI>Max Depth = 4<LI>Call Chain = rcu_periph_reset_enable
</UL>
<BR>[Called By]<UL><LI><a href="#[ad]">&gt;&gt;</a>&nbsp;&nbsp;&nbsp;timer_deinit
<LI><a href="#[a9]">&gt;&gt;</a>&nbsp;&nbsp;&nbsp;spi_i2s_deinit
</UL>

<P><STRONG><a name="[72]"></a>set_adc_convert_value</STRONG> (Thumb, 16 bytes, Stack size 4 bytes, mid_adc.o(.text.set_adc_convert_value))
<BR><BR>[Stack]<UL><LI>Max Depth = 4<LI>Call Chain = set_adc_convert_value
</UL>
<BR>[Called By]<UL><LI><a href="#[71]">&gt;&gt;</a>&nbsp;&nbsp;&nbsp;clear_adc_value
</UL>

<P><STRONG><a name="[8e]"></a>set_key_bit_value</STRONG> (Thumb, 16 bytes, Stack size 4 bytes, mid_timer.o(.text.set_key_bit_value))
<BR><BR>[Stack]<UL><LI>Max Depth = 4<LI>Call Chain = set_key_bit_value
</UL>
<BR>[Called By]<UL><LI><a href="#[22]">&gt;&gt;</a>&nbsp;&nbsp;&nbsp;main
</UL>

<P><STRONG><a name="[8d]"></a>set_key_timer_value</STRONG> (Thumb, 16 bytes, Stack size 4 bytes, mid_timer.o(.text.set_key_timer_value))
<BR><BR>[Stack]<UL><LI>Max Depth = 4<LI>Call Chain = set_key_timer_value
</UL>
<BR>[Called By]<UL><LI><a href="#[22]">&gt;&gt;</a>&nbsp;&nbsp;&nbsp;main
</UL>

<P><STRONG><a name="[7f]"></a>set_osc_stop_bit</STRONG> (Thumb, 16 bytes, Stack size 4 bytes, osc_task.o(.text.set_osc_stop_bit))
<BR><BR>[Stack]<UL><LI>Max Depth = 4<LI>Call Chain = set_osc_stop_bit
</UL>
<BR>[Called By]<UL><LI><a href="#[78]">&gt;&gt;</a>&nbsp;&nbsp;&nbsp;key_scanf_handle
</UL>

<P><STRONG><a name="[7a]"></a>set_pwm_duty</STRONG> (Thumb, 32 bytes, Stack size 16 bytes, mid_pwm.o(.text.set_pwm_duty))
<BR><BR>[Stack]<UL><LI>Max Depth = 32<LI>Call Chain = set_pwm_duty &rArr; timer_channel_output_pulse_value_config
</UL>
<BR>[Calls]<UL><LI><a href="#[b2]">&gt;&gt;</a>&nbsp;&nbsp;&nbsp;timer_channel_output_pulse_value_config
</UL>
<BR>[Called By]<UL><LI><a href="#[78]">&gt;&gt;</a>&nbsp;&nbsp;&nbsp;key_scanf_handle
</UL>

<P><STRONG><a name="[79]"></a>set_pwm_period</STRONG> (Thumb, 28 bytes, Stack size 16 bytes, mid_pwm.o(.text.set_pwm_period))
<BR><BR>[Stack]<UL><LI>Max Depth = 24<LI>Call Chain = set_pwm_period &rArr; timer_autoreload_value_config
</UL>
<BR>[Calls]<UL><LI><a href="#[bf]">&gt;&gt;</a>&nbsp;&nbsp;&nbsp;timer_autoreload_value_config
</UL>
<BR>[Called By]<UL><LI><a href="#[78]">&gt;&gt;</a>&nbsp;&nbsp;&nbsp;key_scanf_handle
</UL>

<P><STRONG><a name="[7b]"></a>set_pwm_state</STRONG> (Thumb, 64 bytes, Stack size 16 bytes, mid_pwm.o(.text.set_pwm_state))
<BR><BR>[Stack]<UL><LI>Max Depth = 20<LI>Call Chain = set_pwm_state &rArr; timer_enable
</UL>
<BR>[Calls]<UL><LI><a href="#[8a]">&gt;&gt;</a>&nbsp;&nbsp;&nbsp;timer_enable
<LI><a href="#[b7]">&gt;&gt;</a>&nbsp;&nbsp;&nbsp;timer_disable
</UL>
<BR>[Called By]<UL><LI><a href="#[78]">&gt;&gt;</a>&nbsp;&nbsp;&nbsp;key_scanf_handle
</UL>

<P><STRONG><a name="[93]"></a>set_step_value</STRONG> (Thumb, 16 bytes, Stack size 4 bytes, osc_task.o(.text.set_step_value))
<BR><BR>[Stack]<UL><LI>Max Depth = 4<LI>Call Chain = set_step_value
</UL>
<BR>[Called By]<UL><LI><a href="#[22]">&gt;&gt;</a>&nbsp;&nbsp;&nbsp;main
</UL>

<P><STRONG><a name="[8f]"></a>set_tft_bit_value</STRONG> (Thumb, 16 bytes, Stack size 4 bytes, mid_timer.o(.text.set_tft_bit_value))
<BR><BR>[Stack]<UL><LI>Max Depth = 4<LI>Call Chain = set_tft_bit_value
</UL>
<BR>[Called By]<UL><LI><a href="#[22]">&gt;&gt;</a>&nbsp;&nbsp;&nbsp;main
</UL>

<P><STRONG><a name="[91]"></a>set_tft_timer_value</STRONG> (Thumb, 16 bytes, Stack size 4 bytes, mid_timer.o(.text.set_tft_timer_value))
<BR><BR>[Stack]<UL><LI>Max Depth = 4<LI>Call Chain = set_tft_timer_value
</UL>
<BR>[Called By]<UL><LI><a href="#[22]">&gt;&gt;</a>&nbsp;&nbsp;&nbsp;main
</UL>

<P><STRONG><a name="[ac]"></a>spi_enable</STRONG> (Thumb, 18 bytes, Stack size 4 bytes, gd32e23x_spi.o(.text.spi_enable))
<BR><BR>[Stack]<UL><LI>Max Depth = 4<LI>Call Chain = spi_enable
</UL>
<BR>[Called By]<UL><LI><a href="#[82]">&gt;&gt;</a>&nbsp;&nbsp;&nbsp;mx_spi0_init
</UL>

<P><STRONG><a name="[6d]"></a>spi_i2s_data_transmit</STRONG> (Thumb, 76 bytes, Stack size 16 bytes, gd32e23x_spi.o(.text.spi_i2s_data_transmit))
<BR><BR>[Stack]<UL><LI>Max Depth = 16<LI>Call Chain = spi_i2s_data_transmit
</UL>
<BR>[Called By]<UL><LI><a href="#[52]">&gt;&gt;</a>&nbsp;&nbsp;&nbsp;TFT_WR_REG
<LI><a href="#[53]">&gt;&gt;</a>&nbsp;&nbsp;&nbsp;TFT_WR_DATA
<LI><a href="#[5a]">&gt;&gt;</a>&nbsp;&nbsp;&nbsp;TFT_WR_DATA8
</UL>

<P><STRONG><a name="[a9]"></a>spi_i2s_deinit</STRONG> (Thumb, 68 bytes, Stack size 24 bytes, gd32e23x_spi.o(.text.spi_i2s_deinit))
<BR><BR>[Stack]<UL><LI>Max Depth = 28<LI>Call Chain = spi_i2s_deinit &rArr; rcu_periph_reset_disable
</UL>
<BR>[Calls]<UL><LI><a href="#[c1]">&gt;&gt;</a>&nbsp;&nbsp;&nbsp;rcu_periph_reset_disable
<LI><a href="#[c0]">&gt;&gt;</a>&nbsp;&nbsp;&nbsp;rcu_periph_reset_enable
</UL>
<BR>[Called By]<UL><LI><a href="#[82]">&gt;&gt;</a>&nbsp;&nbsp;&nbsp;mx_spi0_init
</UL>

<P><STRONG><a name="[6c]"></a>spi_i2s_flag_get</STRONG> (Thumb, 124 bytes, Stack size 12 bytes, gd32e23x_spi.o(.text.spi_i2s_flag_get))
<BR><BR>[Stack]<UL><LI>Max Depth = 12<LI>Call Chain = spi_i2s_flag_get
</UL>
<BR>[Called By]<UL><LI><a href="#[52]">&gt;&gt;</a>&nbsp;&nbsp;&nbsp;TFT_WR_REG
<LI><a href="#[53]">&gt;&gt;</a>&nbsp;&nbsp;&nbsp;TFT_WR_DATA
<LI><a href="#[5a]">&gt;&gt;</a>&nbsp;&nbsp;&nbsp;TFT_WR_DATA8
</UL>

<P><STRONG><a name="[ab]"></a>spi_init</STRONG> (Thumb, 304 bytes, Stack size 24 bytes, gd32e23x_spi.o(.text.spi_init))
<BR><BR>[Stack]<UL><LI>Max Depth = 24<LI>Call Chain = spi_init
</UL>
<BR>[Called By]<UL><LI><a href="#[82]">&gt;&gt;</a>&nbsp;&nbsp;&nbsp;mx_spi0_init
</UL>

<P><STRONG><a name="[aa]"></a>spi_struct_para_init</STRONG> (Thumb, 42 bytes, Stack size 4 bytes, gd32e23x_spi.o(.text.spi_struct_para_init))
<BR><BR>[Stack]<UL><LI>Max Depth = 4<LI>Call Chain = spi_struct_para_init
</UL>
<BR>[Called By]<UL><LI><a href="#[82]">&gt;&gt;</a>&nbsp;&nbsp;&nbsp;mx_spi0_init
</UL>

<P><STRONG><a name="[a6]"></a>syscfg_exti_line_config</STRONG> (Thumb, 164 bytes, Stack size 20 bytes, gd32e23x_syscfg.o(.text.syscfg_exti_line_config))
<BR><BR>[Stack]<UL><LI>Max Depth = 20<LI>Call Chain = syscfg_exti_line_config
</UL>
<BR>[Called By]<UL><LI><a href="#[81]">&gt;&gt;</a>&nbsp;&nbsp;&nbsp;mx_gpio_init
</UL>

<P><STRONG><a name="[c3]"></a>systick_clksource_set</STRONG> (Thumb, 40 bytes, Stack size 4 bytes, gd32e23x_misc.o(.text.systick_clksource_set))
<BR><BR>[Stack]<UL><LI>Max Depth = 4<LI>Call Chain = systick_clksource_set
</UL>
<BR>[Called By]<UL><LI><a href="#[80]">&gt;&gt;</a>&nbsp;&nbsp;&nbsp;systick_config
</UL>

<P><STRONG><a name="[80]"></a>systick_config</STRONG> (Thumb, 44 bytes, Stack size 8 bytes, systick.o(.text.systick_config))
<BR><BR>[Stack]<UL><LI>Max Depth = 28<LI>Call Chain = systick_config &rArr; __aeabi_ui2f &rArr; _float_epilogue
</UL>
<BR>[Calls]<UL><LI><a href="#[69]">&gt;&gt;</a>&nbsp;&nbsp;&nbsp;__aeabi_fmul
<LI><a href="#[30]">&gt;&gt;</a>&nbsp;&nbsp;&nbsp;__aeabi_fdiv
<LI><a href="#[32]">&gt;&gt;</a>&nbsp;&nbsp;&nbsp;__aeabi_ui2f
<LI><a href="#[c3]">&gt;&gt;</a>&nbsp;&nbsp;&nbsp;systick_clksource_set
</UL>
<BR>[Called By]<UL><LI><a href="#[22]">&gt;&gt;</a>&nbsp;&nbsp;&nbsp;main
</UL>

<P><STRONG><a name="[b5]"></a>timer_auto_reload_shadow_enable</STRONG> (Thumb, 18 bytes, Stack size 4 bytes, gd32e23x_timer.o(.text.timer_auto_reload_shadow_enable))
<BR><BR>[Stack]<UL><LI>Max Depth = 4<LI>Call Chain = timer_auto_reload_shadow_enable
</UL>
<BR>[Called By]<UL><LI><a href="#[85]">&gt;&gt;</a>&nbsp;&nbsp;&nbsp;mx_tim14_init
<LI><a href="#[84]">&gt;&gt;</a>&nbsp;&nbsp;&nbsp;mx_tim2_init
</UL>

<P><STRONG><a name="[bf]"></a>timer_autoreload_value_config</STRONG> (Thumb, 18 bytes, Stack size 8 bytes, gd32e23x_timer.o(.text.timer_autoreload_value_config))
<BR><BR>[Stack]<UL><LI>Max Depth = 8<LI>Call Chain = timer_autoreload_value_config
</UL>
<BR>[Called By]<UL><LI><a href="#[79]">&gt;&gt;</a>&nbsp;&nbsp;&nbsp;set_pwm_period
</UL>

<P><STRONG><a name="[70]"></a>timer_channel_capture_value_register_read</STRONG> (Thumb, 88 bytes, Stack size 16 bytes, gd32e23x_timer.o(.text.timer_channel_capture_value_register_read))
<BR><BR>[Stack]<UL><LI>Max Depth = 16<LI>Call Chain = timer_channel_capture_value_register_read
</UL>
<BR>[Called By]<UL><LI><a href="#[14]">&gt;&gt;</a>&nbsp;&nbsp;&nbsp;TIMER2_IRQHandler
</UL>

<P><STRONG><a name="[c4]"></a>timer_channel_input_capture_prescaler_config</STRONG> (Thumb, 158 bytes, Stack size 16 bytes, gd32e23x_timer.o(.text.timer_channel_input_capture_prescaler_config))
<BR><BR>[Stack]<UL><LI>Max Depth = 16<LI>Call Chain = timer_channel_input_capture_prescaler_config
</UL>
<BR>[Called By]<UL><LI><a href="#[bb]">&gt;&gt;</a>&nbsp;&nbsp;&nbsp;timer_input_capture_config
</UL>

<P><STRONG><a name="[ba]"></a>timer_channel_input_struct_para_init</STRONG> (Thumb, 28 bytes, Stack size 4 bytes, gd32e23x_timer.o(.text.timer_channel_input_struct_para_init))
<BR><BR>[Stack]<UL><LI>Max Depth = 4<LI>Call Chain = timer_channel_input_struct_para_init
</UL>
<BR>[Called By]<UL><LI><a href="#[84]">&gt;&gt;</a>&nbsp;&nbsp;&nbsp;mx_tim2_init
</UL>

<P><STRONG><a name="[b1]"></a>timer_channel_output_config</STRONG> (Thumb, 740 bytes, Stack size 16 bytes, gd32e23x_timer.o(.text.timer_channel_output_config))
<BR><BR>[Stack]<UL><LI>Max Depth = 16<LI>Call Chain = timer_channel_output_config
</UL>
<BR>[Called By]<UL><LI><a href="#[85]">&gt;&gt;</a>&nbsp;&nbsp;&nbsp;mx_tim14_init
</UL>

<P><STRONG><a name="[b3]"></a>timer_channel_output_mode_config</STRONG> (Thumb, 158 bytes, Stack size 16 bytes, gd32e23x_timer.o(.text.timer_channel_output_mode_config))
<BR><BR>[Stack]<UL><LI>Max Depth = 16<LI>Call Chain = timer_channel_output_mode_config
</UL>
<BR>[Called By]<UL><LI><a href="#[85]">&gt;&gt;</a>&nbsp;&nbsp;&nbsp;mx_tim14_init
</UL>

<P><STRONG><a name="[b2]"></a>timer_channel_output_pulse_value_config</STRONG> (Thumb, 82 bytes, Stack size 16 bytes, gd32e23x_timer.o(.text.timer_channel_output_pulse_value_config))
<BR><BR>[Stack]<UL><LI>Max Depth = 16<LI>Call Chain = timer_channel_output_pulse_value_config
</UL>
<BR>[Called By]<UL><LI><a href="#[85]">&gt;&gt;</a>&nbsp;&nbsp;&nbsp;mx_tim14_init
<LI><a href="#[7a]">&gt;&gt;</a>&nbsp;&nbsp;&nbsp;set_pwm_duty
</UL>

<P><STRONG><a name="[b4]"></a>timer_channel_output_shadow_config</STRONG> (Thumb, 158 bytes, Stack size 16 bytes, gd32e23x_timer.o(.text.timer_channel_output_shadow_config))
<BR><BR>[Stack]<UL><LI>Max Depth = 16<LI>Call Chain = timer_channel_output_shadow_config
</UL>
<BR>[Called By]<UL><LI><a href="#[85]">&gt;&gt;</a>&nbsp;&nbsp;&nbsp;mx_tim14_init
</UL>

<P><STRONG><a name="[b0]"></a>timer_channel_output_struct_para_init</STRONG> (Thumb, 34 bytes, Stack size 4 bytes, gd32e23x_timer.o(.text.timer_channel_output_struct_para_init))
<BR><BR>[Stack]<UL><LI>Max Depth = 4<LI>Call Chain = timer_channel_output_struct_para_init
</UL>
<BR>[Called By]<UL><LI><a href="#[85]">&gt;&gt;</a>&nbsp;&nbsp;&nbsp;mx_tim14_init
</UL>

<P><STRONG><a name="[ad]"></a>timer_deinit</STRONG> (Thumb, 200 bytes, Stack size 48 bytes, gd32e23x_timer.o(.text.timer_deinit))
<BR><BR>[Stack]<UL><LI>Max Depth = 52<LI>Call Chain = timer_deinit &rArr; rcu_periph_reset_disable
</UL>
<BR>[Calls]<UL><LI><a href="#[c1]">&gt;&gt;</a>&nbsp;&nbsp;&nbsp;rcu_periph_reset_disable
<LI><a href="#[c0]">&gt;&gt;</a>&nbsp;&nbsp;&nbsp;rcu_periph_reset_enable
</UL>
<BR>[Called By]<UL><LI><a href="#[86]">&gt;&gt;</a>&nbsp;&nbsp;&nbsp;mx_tim15_init
<LI><a href="#[85]">&gt;&gt;</a>&nbsp;&nbsp;&nbsp;mx_tim14_init
<LI><a href="#[84]">&gt;&gt;</a>&nbsp;&nbsp;&nbsp;mx_tim2_init
</UL>

<P><STRONG><a name="[b7]"></a>timer_disable</STRONG> (Thumb, 18 bytes, Stack size 4 bytes, gd32e23x_timer.o(.text.timer_disable))
<BR><BR>[Stack]<UL><LI>Max Depth = 4<LI>Call Chain = timer_disable
</UL>
<BR>[Called By]<UL><LI><a href="#[86]">&gt;&gt;</a>&nbsp;&nbsp;&nbsp;mx_tim15_init
<LI><a href="#[85]">&gt;&gt;</a>&nbsp;&nbsp;&nbsp;mx_tim14_init
<LI><a href="#[84]">&gt;&gt;</a>&nbsp;&nbsp;&nbsp;mx_tim2_init
<LI><a href="#[7b]">&gt;&gt;</a>&nbsp;&nbsp;&nbsp;set_pwm_state
</UL>

<P><STRONG><a name="[8a]"></a>timer_enable</STRONG> (Thumb, 18 bytes, Stack size 4 bytes, gd32e23x_timer.o(.text.timer_enable))
<BR><BR>[Stack]<UL><LI>Max Depth = 4<LI>Call Chain = timer_enable
</UL>
<BR>[Called By]<UL><LI><a href="#[22]">&gt;&gt;</a>&nbsp;&nbsp;&nbsp;main
<LI><a href="#[7b]">&gt;&gt;</a>&nbsp;&nbsp;&nbsp;set_pwm_state
</UL>

<P><STRONG><a name="[af]"></a>timer_init</STRONG> (Thumb, 228 bytes, Stack size 8 bytes, gd32e23x_timer.o(.text.timer_init))
<BR><BR>[Stack]<UL><LI>Max Depth = 8<LI>Call Chain = timer_init
</UL>
<BR>[Called By]<UL><LI><a href="#[86]">&gt;&gt;</a>&nbsp;&nbsp;&nbsp;mx_tim15_init
<LI><a href="#[85]">&gt;&gt;</a>&nbsp;&nbsp;&nbsp;mx_tim14_init
<LI><a href="#[84]">&gt;&gt;</a>&nbsp;&nbsp;&nbsp;mx_tim2_init
</UL>

<P><STRONG><a name="[bb]"></a>timer_input_capture_config</STRONG> (Thumb, 446 bytes, Stack size 24 bytes, gd32e23x_timer.o(.text.timer_input_capture_config))
<BR><BR>[Stack]<UL><LI>Max Depth = 40<LI>Call Chain = timer_input_capture_config &rArr; timer_channel_input_capture_prescaler_config
</UL>
<BR>[Calls]<UL><LI><a href="#[c4]">&gt;&gt;</a>&nbsp;&nbsp;&nbsp;timer_channel_input_capture_prescaler_config
</UL>
<BR>[Called By]<UL><LI><a href="#[84]">&gt;&gt;</a>&nbsp;&nbsp;&nbsp;mx_tim2_init
</UL>

<P><STRONG><a name="[b9]"></a>timer_interrupt_enable</STRONG> (Thumb, 20 bytes, Stack size 8 bytes, gd32e23x_timer.o(.text.timer_interrupt_enable))
<BR><BR>[Stack]<UL><LI>Max Depth = 8<LI>Call Chain = timer_interrupt_enable
</UL>
<BR>[Called By]<UL><LI><a href="#[86]">&gt;&gt;</a>&nbsp;&nbsp;&nbsp;mx_tim15_init
<LI><a href="#[84]">&gt;&gt;</a>&nbsp;&nbsp;&nbsp;mx_tim2_init
</UL>

<P><STRONG><a name="[6e]"></a>timer_interrupt_flag_clear</STRONG> (Thumb, 18 bytes, Stack size 8 bytes, gd32e23x_timer.o(.text.timer_interrupt_flag_clear))
<BR><BR>[Stack]<UL><LI>Max Depth = 8<LI>Call Chain = timer_interrupt_flag_clear
</UL>
<BR>[Called By]<UL><LI><a href="#[86]">&gt;&gt;</a>&nbsp;&nbsp;&nbsp;mx_tim15_init
<LI><a href="#[84]">&gt;&gt;</a>&nbsp;&nbsp;&nbsp;mx_tim2_init
<LI><a href="#[14]">&gt;&gt;</a>&nbsp;&nbsp;&nbsp;TIMER2_IRQHandler
<LI><a href="#[18]">&gt;&gt;</a>&nbsp;&nbsp;&nbsp;TIMER15_IRQHandler
</UL>

<P><STRONG><a name="[6f]"></a>timer_interrupt_flag_get</STRONG> (Thumb, 58 bytes, Stack size 16 bytes, gd32e23x_timer.o(.text.timer_interrupt_flag_get))
<BR><BR>[Stack]<UL><LI>Max Depth = 16<LI>Call Chain = timer_interrupt_flag_get
</UL>
<BR>[Called By]<UL><LI><a href="#[14]">&gt;&gt;</a>&nbsp;&nbsp;&nbsp;TIMER2_IRQHandler
</UL>

<P><STRONG><a name="[b8]"></a>timer_prescaler_config</STRONG> (Thumb, 48 bytes, Stack size 16 bytes, gd32e23x_timer.o(.text.timer_prescaler_config))
<BR><BR>[Stack]<UL><LI>Max Depth = 16<LI>Call Chain = timer_prescaler_config
</UL>
<BR>[Called By]<UL><LI><a href="#[86]">&gt;&gt;</a>&nbsp;&nbsp;&nbsp;mx_tim15_init
</UL>

<P><STRONG><a name="[b6]"></a>timer_primary_output_config</STRONG> (Thumb, 48 bytes, Stack size 8 bytes, gd32e23x_timer.o(.text.timer_primary_output_config))
<BR><BR>[Stack]<UL><LI>Max Depth = 8<LI>Call Chain = timer_primary_output_config
</UL>
<BR>[Called By]<UL><LI><a href="#[85]">&gt;&gt;</a>&nbsp;&nbsp;&nbsp;mx_tim14_init
</UL>

<P><STRONG><a name="[ae]"></a>timer_struct_para_init</STRONG> (Thumb, 36 bytes, Stack size 4 bytes, gd32e23x_timer.o(.text.timer_struct_para_init))
<BR><BR>[Stack]<UL><LI>Max Depth = 4<LI>Call Chain = timer_struct_para_init
</UL>
<BR>[Called By]<UL><LI><a href="#[86]">&gt;&gt;</a>&nbsp;&nbsp;&nbsp;mx_tim15_init
<LI><a href="#[85]">&gt;&gt;</a>&nbsp;&nbsp;&nbsp;mx_tim14_init
<LI><a href="#[84]">&gt;&gt;</a>&nbsp;&nbsp;&nbsp;mx_tim2_init
</UL>

<P><STRONG><a name="[c5]"></a>__0sprintf</STRONG> (Thumb, 36 bytes, Stack size 24 bytes, printfa.o(i.__0sprintf), UNUSED)
<BR><BR>[Calls]<UL><LI><a href="#[25]">&gt;&gt;</a>&nbsp;&nbsp;&nbsp;_sputc
<LI><a href="#[c6]">&gt;&gt;</a>&nbsp;&nbsp;&nbsp;_printf_core
</UL>

<P><STRONG><a name="[dc]"></a>__1sprintf</STRONG> (Thumb, 0 bytes, Stack size 24 bytes, printfa.o(i.__0sprintf), UNUSED)

<P><STRONG><a name="[dd]"></a>__2sprintf</STRONG> (Thumb, 0 bytes, Stack size 24 bytes, printfa.o(i.__0sprintf), UNUSED)

<P><STRONG><a name="[de]"></a>__c89sprintf</STRONG> (Thumb, 0 bytes, Stack size 24 bytes, printfa.o(i.__0sprintf), UNUSED)

<P><STRONG><a name="[63]"></a>sprintf</STRONG> (Thumb, 0 bytes, Stack size 24 bytes, printfa.o(i.__0sprintf))
<BR><BR>[Stack]<UL><LI>Max Depth = 24<LI>Call Chain = sprintf
</UL>
<BR>[Called By]<UL><LI><a href="#[61]">&gt;&gt;</a>&nbsp;&nbsp;&nbsp;TFT_ShowUI
<LI><a href="#[6b]">&gt;&gt;</a>&nbsp;&nbsp;&nbsp;TFT_StaticUI
</UL>

<P><STRONG><a name="[40]"></a>__ARM_clz</STRONG> (Thumb, 46 bytes, Stack size 0 bytes, depilogue.o(i.__ARM_clz), UNUSED)
<BR><BR>[Called By]<UL><LI><a href="#[38]">&gt;&gt;</a>&nbsp;&nbsp;&nbsp;_double_epilogue
</UL>

<P><STRONG><a name="[df]"></a>__scatterload_copy</STRONG> (Thumb, 14 bytes, Stack size unknown bytes, handlers.o(i.__scatterload_copy), UNUSED)

<P><STRONG><a name="[e0]"></a>__scatterload_null</STRONG> (Thumb, 2 bytes, Stack size unknown bytes, handlers.o(i.__scatterload_null), UNUSED)

<P><STRONG><a name="[e1]"></a>__scatterload_zeroinit</STRONG> (Thumb, 14 bytes, Stack size unknown bytes, handlers.o(i.__scatterload_zeroinit), UNUSED)
<P>
<H3>
Local Symbols
</H3>
<P><STRONG><a name="[bc]"></a>__NVIC_SetPriority</STRONG> (Thumb, 124 bytes, Stack size 24 bytes, gd32e23x_misc.o(.text.__NVIC_SetPriority))
<BR><BR>[Stack]<UL><LI>Max Depth = 24<LI>Call Chain = __NVIC_SetPriority
</UL>
<BR>[Called By]<UL><LI><a href="#[95]">&gt;&gt;</a>&nbsp;&nbsp;&nbsp;nvic_irq_enable
</UL>

<P><STRONG><a name="[bd]"></a>__NVIC_EnableIRQ</STRONG> (Thumb, 48 bytes, Stack size 4 bytes, gd32e23x_misc.o(.text.__NVIC_EnableIRQ))
<BR><BR>[Stack]<UL><LI>Max Depth = 4<LI>Call Chain = __NVIC_EnableIRQ
</UL>
<BR>[Called By]<UL><LI><a href="#[95]">&gt;&gt;</a>&nbsp;&nbsp;&nbsp;nvic_irq_enable
</UL>

<P><STRONG><a name="[4f]"></a>system_clock_config</STRONG> (Thumb, 8 bytes, Stack size 8 bytes, system_gd32e23x.o(.text.system_clock_config))
<BR><BR>[Stack]<UL><LI>Max Depth = 24<LI>Call Chain = system_clock_config &rArr; system_clock_72m_hxtal
</UL>
<BR>[Calls]<UL><LI><a href="#[c2]">&gt;&gt;</a>&nbsp;&nbsp;&nbsp;system_clock_72m_hxtal
</UL>
<BR>[Called By]<UL><LI><a href="#[23]">&gt;&gt;</a>&nbsp;&nbsp;&nbsp;SystemInit
</UL>

<P><STRONG><a name="[c2]"></a>system_clock_72m_hxtal</STRONG> (Thumb, 208 bytes, Stack size 16 bytes, system_gd32e23x.o(.text.system_clock_72m_hxtal))
<BR><BR>[Stack]<UL><LI>Max Depth = 16<LI>Call Chain = system_clock_72m_hxtal
</UL>
<BR>[Called By]<UL><LI><a href="#[4f]">&gt;&gt;</a>&nbsp;&nbsp;&nbsp;system_clock_config
</UL>

<P><STRONG><a name="[47]"></a>Get_ADC_Val</STRONG> (Thumb, 46 bytes, Stack size 16 bytes, mid_adc.o(.text.Get_ADC_Val))
<BR><BR>[Stack]<UL><LI>Max Depth = 24<LI>Call Chain = Get_ADC_Val &rArr; adc_flag_get
</UL>
<BR>[Calls]<UL><LI><a href="#[49]">&gt;&gt;</a>&nbsp;&nbsp;&nbsp;adc_flag_get
<LI><a href="#[4a]">&gt;&gt;</a>&nbsp;&nbsp;&nbsp;adc_regular_data_read
<LI><a href="#[48]">&gt;&gt;</a>&nbsp;&nbsp;&nbsp;adc_software_trigger_enable
</UL>
<BR>[Called By]<UL><LI><a href="#[46]">&gt;&gt;</a>&nbsp;&nbsp;&nbsp;Get_ADC_Average
</UL>

<P><STRONG><a name="[c7]"></a>_fp_digits</STRONG> (Thumb, 344 bytes, Stack size 64 bytes, printfa.o(i._fp_digits), UNUSED)
<BR><BR>[Calls]<UL><LI><a href="#[33]">&gt;&gt;</a>&nbsp;&nbsp;&nbsp;__aeabi_uldivmod
<LI><a href="#[3c]">&gt;&gt;</a>&nbsp;&nbsp;&nbsp;__aeabi_dmul
<LI><a href="#[3d]">&gt;&gt;</a>&nbsp;&nbsp;&nbsp;__aeabi_ddiv
<LI><a href="#[36]">&gt;&gt;</a>&nbsp;&nbsp;&nbsp;__aeabi_dadd
<LI><a href="#[3e]">&gt;&gt;</a>&nbsp;&nbsp;&nbsp;__aeabi_d2ulz
<LI><a href="#[c8]">&gt;&gt;</a>&nbsp;&nbsp;&nbsp;__aeabi_cdrcmple
</UL>
<BR>[Called By]<UL><LI><a href="#[c6]">&gt;&gt;</a>&nbsp;&nbsp;&nbsp;_printf_core
</UL>

<P><STRONG><a name="[c6]"></a>_printf_core</STRONG> (Thumb, 1754 bytes, Stack size 128 bytes, printfa.o(i._printf_core), UNUSED)
<BR><BR>[Calls]<UL><LI><a href="#[cb]">&gt;&gt;</a>&nbsp;&nbsp;&nbsp;__aeabi_uidivmod
<LI><a href="#[33]">&gt;&gt;</a>&nbsp;&nbsp;&nbsp;__aeabi_uldivmod
<LI><a href="#[c9]">&gt;&gt;</a>&nbsp;&nbsp;&nbsp;_printf_pre_padding
<LI><a href="#[ca]">&gt;&gt;</a>&nbsp;&nbsp;&nbsp;_printf_post_padding
<LI><a href="#[c7]">&gt;&gt;</a>&nbsp;&nbsp;&nbsp;_fp_digits
</UL>
<BR>[Called By]<UL><LI><a href="#[c5]">&gt;&gt;</a>&nbsp;&nbsp;&nbsp;__0sprintf
</UL>

<P><STRONG><a name="[ca]"></a>_printf_post_padding</STRONG> (Thumb, 32 bytes, Stack size 24 bytes, printfa.o(i._printf_post_padding), UNUSED)
<BR><BR>[Called By]<UL><LI><a href="#[c6]">&gt;&gt;</a>&nbsp;&nbsp;&nbsp;_printf_core
</UL>

<P><STRONG><a name="[c9]"></a>_printf_pre_padding</STRONG> (Thumb, 44 bytes, Stack size 40 bytes, printfa.o(i._printf_pre_padding), UNUSED)
<BR><BR>[Called By]<UL><LI><a href="#[c6]">&gt;&gt;</a>&nbsp;&nbsp;&nbsp;_printf_core
</UL>

<P><STRONG><a name="[25]"></a>_sputc</STRONG> (Thumb, 10 bytes, Stack size 0 bytes, printfa.o(i._sputc))
<BR><BR>[Called By]<UL><LI><a href="#[c5]">&gt;&gt;</a>&nbsp;&nbsp;&nbsp;__0sprintf
</UL>
<BR>[Address Reference Count : 1]<UL><LI> printfa.o(i.__0sprintf)
</UL><P>
<H3>
Undefined Global Symbols
</H3><HR></body></html>
